Archive member included to satisfy reference by file (symbol)

d:/ra/gcc-arm-none-eabi-10.3-2021.10-win32/gcc-arm-none-eabi-10.3-2021.10/bin/../lib/gcc/arm-none-eabi/10.3.1/../../../../arm-none-eabi/lib/thumb/v7-m/nofp\libg.a(lib_a-errno.o)
                              CMakeFiles/leden.elf.dir/Core/Src/retarget.c.obj (__errno)
d:/ra/gcc-arm-none-eabi-10.3-2021.10-win32/gcc-arm-none-eabi-10.3-2021.10/bin/../lib/gcc/arm-none-eabi/10.3.1/../../../../arm-none-eabi/lib/thumb/v7-m/nofp\libg.a(lib_a-exit.o)
                              d:/ra/gcc-arm-none-eabi-10.3-2021.10-win32/gcc-arm-none-eabi-10.3-2021.10/bin/../lib/gcc/arm-none-eabi/10.3.1/../../../../arm-none-eabi/lib/thumb/v7-m/nofp/crt0.o (exit)
d:/ra/gcc-arm-none-eabi-10.3-2021.10-win32/gcc-arm-none-eabi-10.3-2021.10/bin/../lib/gcc/arm-none-eabi/10.3.1/../../../../arm-none-eabi/lib/thumb/v7-m/nofp\libg.a(lib_a-impure.o)
                              d:/ra/gcc-arm-none-eabi-10.3-2021.10-win32/gcc-arm-none-eabi-10.3-2021.10/bin/../lib/gcc/arm-none-eabi/10.3.1/../../../../arm-none-eabi/lib/thumb/v7-m/nofp\libg.a(lib_a-exit.o) (_global_impure_ptr)
d:/ra/gcc-arm-none-eabi-10.3-2021.10-win32/gcc-arm-none-eabi-10.3-2021.10/bin/../lib/gcc/arm-none-eabi/10.3.1/../../../../arm-none-eabi/lib/thumb/v7-m/nofp\libg.a(lib_a-init.o)
                              d:/ra/gcc-arm-none-eabi-10.3-2021.10-win32/gcc-arm-none-eabi-10.3-2021.10/bin/../lib/gcc/arm-none-eabi/10.3.1/../../../../arm-none-eabi/lib/thumb/v7-m/nofp/crt0.o (__libc_init_array)
d:/ra/gcc-arm-none-eabi-10.3-2021.10-win32/gcc-arm-none-eabi-10.3-2021.10/bin/../lib/gcc/arm-none-eabi/10.3.1/../../../../arm-none-eabi/lib/thumb/v7-m/nofp\libg.a(lib_a-memcpy.o)
                              CMakeFiles/leden.elf.dir/USER/Json/jsmn_user.c.obj (memcpy)
d:/ra/gcc-arm-none-eabi-10.3-2021.10-win32/gcc-arm-none-eabi-10.3-2021.10/bin/../lib/gcc/arm-none-eabi/10.3.1/../../../../arm-none-eabi/lib/thumb/v7-m/nofp\libg.a(lib_a-memset.o)
                              d:/ra/gcc-arm-none-eabi-10.3-2021.10-win32/gcc-arm-none-eabi-10.3-2021.10/bin/../lib/gcc/arm-none-eabi/10.3.1/../../../../arm-none-eabi/lib/thumb/v7-m/nofp/crt0.o (memset)
d:/ra/gcc-arm-none-eabi-10.3-2021.10-win32/gcc-arm-none-eabi-10.3-2021.10/bin/../lib/gcc/arm-none-eabi/10.3.1/../../../../arm-none-eabi/lib/thumb/v7-m/nofp\libg.a(lib_a-printf.o)
                              CMakeFiles/leden.elf.dir/USER/Encoder/encoder_user.c.obj (printf)
d:/ra/gcc-arm-none-eabi-10.3-2021.10-win32/gcc-arm-none-eabi-10.3-2021.10/bin/../lib/gcc/arm-none-eabi/10.3.1/../../../../arm-none-eabi/lib/thumb/v7-m/nofp\libg.a(lib_a-puts.o)
                              CMakeFiles/leden.elf.dir/USB_DEVICE/App/usbd_custom_hid_if.c.obj (puts)
d:/ra/gcc-arm-none-eabi-10.3-2021.10-win32/gcc-arm-none-eabi-10.3-2021.10/bin/../lib/gcc/arm-none-eabi/10.3.1/../../../../arm-none-eabi/lib/thumb/v7-m/nofp\libg.a(lib_a-setvbuf.o)
                              CMakeFiles/leden.elf.dir/Core/Src/retarget.c.obj (setvbuf)
d:/ra/gcc-arm-none-eabi-10.3-2021.10-win32/gcc-arm-none-eabi-10.3-2021.10/bin/../lib/gcc/arm-none-eabi/10.3.1/../../../../arm-none-eabi/lib/thumb/v7-m/nofp\libg.a(lib_a-sprintf.o)
                              CMakeFiles/leden.elf.dir/USB_DEVICE/App/usbd_custom_hid_if.c.obj (sprintf)
d:/ra/gcc-arm-none-eabi-10.3-2021.10-win32/gcc-arm-none-eabi-10.3-2021.10/bin/../lib/gcc/arm-none-eabi/10.3.1/../../../../arm-none-eabi/lib/thumb/v7-m/nofp\libg.a(lib_a-strcat.o)
                              CMakeFiles/leden.elf.dir/USER/Json/jsmn_user.c.obj (strcat)
d:/ra/gcc-arm-none-eabi-10.3-2021.10-win32/gcc-arm-none-eabi-10.3-2021.10/bin/../lib/gcc/arm-none-eabi/10.3.1/../../../../arm-none-eabi/lib/thumb/v7-m/nofp\libg.a(lib_a-strcpy.o)
                              d:/ra/gcc-arm-none-eabi-10.3-2021.10-win32/gcc-arm-none-eabi-10.3-2021.10/bin/../lib/gcc/arm-none-eabi/10.3.1/../../../../arm-none-eabi/lib/thumb/v7-m/nofp\libg.a(lib_a-strcat.o) (strcpy)
d:/ra/gcc-arm-none-eabi-10.3-2021.10-win32/gcc-arm-none-eabi-10.3-2021.10/bin/../lib/gcc/arm-none-eabi/10.3.1/../../../../arm-none-eabi/lib/thumb/v7-m/nofp\libg.a(lib_a-strlen-stub.o)
                              CMakeFiles/leden.elf.dir/USER/Json/jsmn_user.c.obj (strlen)
d:/ra/gcc-arm-none-eabi-10.3-2021.10-win32/gcc-arm-none-eabi-10.3-2021.10/bin/../lib/gcc/arm-none-eabi/10.3.1/../../../../arm-none-eabi/lib/thumb/v7-m/nofp\libg.a(lib_a-strncat.o)
                              CMakeFiles/leden.elf.dir/USER/Json/jsmn_user.c.obj (strncat)
d:/ra/gcc-arm-none-eabi-10.3-2021.10-win32/gcc-arm-none-eabi-10.3-2021.10/bin/../lib/gcc/arm-none-eabi/10.3.1/../../../../arm-none-eabi/lib/thumb/v7-m/nofp\libg.a(lib_a-strncmp.o)
                              CMakeFiles/leden.elf.dir/USER/Json/jsmn_user.c.obj (strncmp)
d:/ra/gcc-arm-none-eabi-10.3-2021.10-win32/gcc-arm-none-eabi-10.3-2021.10/bin/../lib/gcc/arm-none-eabi/10.3.1/../../../../arm-none-eabi/lib/thumb/v7-m/nofp\libg.a(lib_a-svfprintf.o)
[...]
Memory Configuration

Name             Origin             Length             Attributes
RAM              0x20000000         0x00010000         xrw
FLASH            0x08000000         0x00080000         xr
*default*        0x00000000         0xffffffff

Linker script and memory map

LOAD d:/ra/gcc-arm-none-eabi-10.3-2021.10-win32/gcc-arm-none-eabi-10.3-2021.10/bin/../lib/gcc/arm-none-eabi/10.3.1/thumb/v7-m/nofp/crti.o
LOAD d:/ra/gcc-arm-none-eabi-10.3-2021.10-win32/gcc-arm-none-eabi-10.3-2021.10/bin/../lib/gcc/arm-none-eabi/10.3.1/thumb/v7-m/nofp/crtbegin.o
LOAD d:/ra/gcc-arm-none-eabi-10.3-2021.10-win32/gcc-arm-none-eabi-10.3-2021.10/bin/../lib/gcc/arm-none-eabi/10.3.1/../../../../arm-none-eabi/lib/thumb/v7-m/nofp/crt0.o
LOAD CMakeFiles/leden.elf.dir/Core/Src/gpio.c.obj
LOAD CMakeFiles/leden.elf.dir/Core/Src/main.c.obj
LOAD CMakeFiles/leden.elf.dir/Core/Src/retarget.c.obj
LOAD CMakeFiles/leden.elf.dir/Core/Src/stm32f1xx_hal_msp.c.obj
LOAD CMakeFiles/leden.elf.dir/Core/Src/stm32f1xx_it.c.obj
LOAD CMakeFiles/leden.elf.dir/Core/Src/syscalls.c.obj
LOAD CMakeFiles/leden.elf.dir/Core/Src/sysmem.c.obj
LOAD CMakeFiles/leden.elf.dir/Core/Src/system_stm32f1xx.c.obj
LOAD CMakeFiles/leden.elf.dir/Core/Src/usart.c.obj
LOAD CMakeFiles/leden.elf.dir/Core/Startup/startup_stm32f103vetx.s.obj
LOAD CMakeFiles/leden.elf.dir/Drivers/STM32F1xx_HAL_Driver/Src/stm32f1xx_hal.c.obj
LOAD CMakeFiles/leden.elf.dir/Drivers/STM32F1xx_HAL_Driver/Src/stm32f1xx_hal_cortex.c.obj
LOAD CMakeFiles/leden.elf.dir/Drivers/STM32F1xx_HAL_Driver/Src/stm32f1xx_hal_dma.c.obj
LOAD CMakeFiles/leden.elf.dir/Drivers/STM32F1xx_HAL_Driver/Src/stm32f1xx_hal_exti.c.obj
LOAD CMakeFiles/leden.elf.dir/Drivers/STM32F1xx_HAL_Driver/Src/stm32f1xx_hal_flash.c.obj
LOAD CMakeFiles/leden.elf.dir/Drivers/STM32F1xx_HAL_Driver/Src/stm32f1xx_hal_flash_ex.c.obj
LOAD CMakeFiles/leden.elf.dir/Drivers/STM32F1xx_HAL_Driver/Src/stm32f1xx_hal_gpio.c.obj
LOAD CMakeFiles/leden.elf.dir/Drivers/STM32F1xx_HAL_Driver/Src/stm32f1xx_hal_gpio_ex.c.obj
LOAD CMakeFiles/leden.elf.dir/Drivers/STM32F1xx_HAL_Driver/Src/stm32f1xx_hal_pcd.c.obj
LOAD CMakeFiles/leden.elf.dir/Drivers/STM32F1xx_HAL_Driver/Src/stm32f1xx_hal_pcd_ex.c.obj
LOAD CMakeFiles/leden.elf.dir/Drivers/STM32F1xx_HAL_Driver/Src/stm32f1xx_hal_pwr.c.obj
LOAD CMakeFiles/leden.elf.dir/Drivers/STM32F1xx_HAL_Driver/Src/stm32f1xx_hal_rcc.c.obj
LOAD CMakeFiles/leden.elf.dir/Drivers/STM32F1xx_HAL_Driver/Src/stm32f1xx_hal_rcc_ex.c.obj
LOAD CMakeFiles/leden.elf.dir/Drivers/STM32F1xx_HAL_Driver/Src/stm32f1xx_hal_spi.c.obj
LOAD CMakeFiles/leden.elf.dir/Drivers/STM32F1xx_HAL_Driver/Src/stm32f1xx_hal_tim.c.obj
LOAD CMakeFiles/leden.elf.dir/Drivers/STM32F1xx_HAL_Driver/Src/stm32f1xx_hal_tim_ex.c.obj
LOAD CMakeFiles/leden.elf.dir/Drivers/STM32F1xx_HAL_Driver/Src/stm32f1xx_hal_uart.c.obj
LOAD CMakeFiles/leden.elf.dir/Drivers/STM32F1xx_HAL_Driver/Src/stm32f1xx_ll_usb.c.obj
LOAD CMakeFiles/leden.elf.dir/EC11/EC11.c.obj
LOAD CMakeFiles/leden.elf.dir/FLASH/SPI1/spi1.c.obj
LOAD CMakeFiles/leden.elf.dir/FLASH/norflash.c.obj
LOAD CMakeFiles/leden.elf.dir/JSMN/jsmn.c.obj
LOAD CMakeFiles/leden.elf.dir/MatrixKeys/MatrixKeys.c.obj
LOAD CMakeFiles/leden.elf.dir/Middlewares/ST/STM32_USB_Device_Library/Class/CustomHID/Src/usbd_customhid.c.obj
LOAD CMakeFiles/leden.elf.dir/Middlewares/ST/STM32_USB_Device_Library/Core/Src/usbd_core.c.obj
LOAD CMakeFiles/leden.elf.dir/Middlewares/ST/STM32_USB_Device_Library/Core/Src/usbd_ctlreq.c.obj
LOAD CMakeFiles/leden.elf.dir/Middlewares/ST/STM32_USB_Device_Library/Core/Src/usbd_ioreq.c.obj
LOAD CMakeFiles/leden.elf.dir/OLED_42/oled.c.obj
LOAD CMakeFiles/leden.elf.dir/OLED_96/SPI3/spi3.c.obj
LOAD CMakeFiles/leden.elf.dir/OLED_96/oled_96.c.obj
LOAD CMakeFiles/leden.elf.dir/SPI2/spi2.c.obj
LOAD CMakeFiles/leden.elf.dir/USB_DEVICE/App/usb_device.c.obj
LOAD CMakeFiles/leden.elf.dir/USB_DEVICE/App/usbd_custom_hid_if.c.obj
LOAD CMakeFiles/leden.elf.dir/USB_DEVICE/App/usbd_desc.c.obj
LOAD CMakeFiles/leden.elf.dir/USB_DEVICE/Target/usbd_conf.c.obj
LOAD CMakeFiles/leden.elf.dir/USER/Encoder/encoder_user.c.obj
LOAD CMakeFiles/leden.elf.dir/USER/Flash/flash_user.c.obj
LOAD CMakeFiles/leden.elf.dir/USER/Json/jsmn_user.c.obj
LOAD CMakeFiles/leden.elf.dir/USER/Key/key_user.c.obj
LOAD CMakeFiles/leden.elf.dir/USER/Oled/oled_user.c.obj
LOAD CMakeFiles/leden.elf.dir/USER/Usb/usb_user.c.obj
START GROUP
LOAD d:/ra/gcc-arm-none-eabi-10.3-2021.10-win32/gcc-arm-none-eabi-10.3-2021.10/bin/../lib/gcc/arm-none-eabi/10.3.1/thumb/v7-m/nofp\libgcc.a
LOAD d:/ra/gcc-arm-none-eabi-10.3-2021.10-win32/gcc-arm-none-eabi-10.3-2021.10/bin/../lib/gcc/arm-none-eabi/10.3.1/../../../../arm-none-eabi/lib/thumb/v7-m/nofp\libg.a
LOAD d:/ra/gcc-arm-none-eabi-10.3-2021.10-win32/gcc-arm-none-eabi-10.3-2021.10/bin/../lib/gcc/arm-none-eabi/10.3.1/../../../../arm-none-eabi/lib/thumb/v7-m/nofp\libc.a
END GROUP
LOAD d:/ra/gcc-arm-none-eabi-10.3-2021.10-win32/gcc-arm-none-eabi-10.3-2021.10/bin/../lib/gcc/arm-none-eabi/10.3.1/thumb/v7-m/nofp/crtend.o
LOAD d:/ra/gcc-arm-none-eabi-10.3-2021.10-win32/gcc-arm-none-eabi-10.3-2021.10/bin/../lib/gcc/arm-none-eabi/10.3.1/thumb/v7-m/nofp/crtn.o
                0x20010000                _estack = (ORIGIN (RAM) + LENGTH (RAM))
                0x00000400                _Min_Heap_Size = 0x400
                0x00000c00                _Min_Stack_Size = 0xc00

.isr_vector     0x08000000      0x1e4
                0x08000000                . = ALIGN (0x4)
 *(.isr_vector)
 .isr_vector    0x08000000      0x1e4 CMakeFiles/leden.elf.dir/Core/Startup/startup_stm32f103vetx.s.obj
                0x08000000                g_pfnVectors
                0x080001e4                . = ALIGN (0x4)

.text           0x080001e8     0xf29c
                0x080001e8                . = ALIGN (0x4)
 *(.text)
 .text          0x080001e8       0x40 d:/ra/gcc-arm-none-eabi-10.3-2021.10-win32/gcc-arm-none-eabi-10.3-2021.10/bin/../lib/gcc/arm-none-eabi/10.3.1/thumb/v7-m/nofp/crtbegin.o
 .text          0x08000228       0xec d:/ra/gcc-arm-none-eabi-10.3-2021.10-win32/gcc-arm-none-eabi-10.3-2021.10/bin/../lib/gcc/arm-none-eabi/10.3.1/../../../../arm-none-eabi/lib/thumb/v7-m/nofp\libg.a(lib_a-memcpy.o)
                0x08000228                memcpy
 .text          0x08000314      0x378 d:/ra/gcc-arm-none-eabi-10.3-2021.10-win32/gcc-arm-none-eabi-10.3-2021.10/bin/../lib/gcc/arm-none-eabi/10.3.1/thumb/v7-m/nofp\libgcc.a(_arm_addsubdf3.o)
                0x08000314                __aeabi_drsub
                0x0800031c                __aeabi_dsub
                0x0800031c                __subdf3
                0x08000320                __aeabi_dadd
                0x08000320                __adddf3
                0x08000598                __floatunsidf
                0x08000598                __aeabi_ui2d
                0x080005b8                __floatsidf
                0x080005b8                __aeabi_i2d
                0x080005dc                __aeabi_f2d
                0x080005dc                __extendsfdf2
                0x08000620                __floatundidf
                0x08000620                __aeabi_ul2d
                0x08000630                __floatdidf
                0x08000630                __aeabi_l2d
 .text          0x0800068c      0x424 d:/ra/gcc-arm-none-eabi-10.3-2021.10-win32/gcc-arm-none-eabi-10.3-2021.10/bin/../lib/gcc/arm-none-eabi/10.3.1/thumb/v7-m/nofp\libgcc.a(_arm_muldivdf3.o)
                0x0800068c                __aeabi_dmul
                0x0800068c                __muldf3
                0x080008e0                __divdf3
                0x080008e0                __aeabi_ddiv
 .text          0x08000ab0      0x110 d:/ra/gcc-arm-none-eabi-10.3-2021.10-win32/gcc-arm-none-eabi-10.3-2021.10/bin/../lib/gcc/arm-none-eabi/10.3.1/thumb/v7-m/nofp\libgcc.a(_arm_cmpdf2.o)
                0x08000ab0                __gtdf2
                0x08000ab0                __gedf2
                0x08000ab8                __ltdf2
                0x08000ab8                __ledf2
                0x08000ac0                __nedf2
                0x08000ac0                __eqdf2
                0x08000ac0                __cmpdf2
                0x08000b3c                __aeabi_cdrcmple
                0x08000b4c                __aeabi_cdcmpeq
                0x08000b4c                __aeabi_cdcmple
                0x08000b5c                __aeabi_dcmpeq
                0x08000b70                __aeabi_dcmplt
                0x08000b84                __aeabi_dcmple
                0x08000b98                __aeabi_dcmpge
                0x08000bac                __aeabi_dcmpgt
 .text          0x08000bc0       0x2c d:/ra/gcc-arm-none-eabi-10.3-2021.10-win32/gcc-arm-none-eabi-10.3-2021.10/bin/../lib/gcc/arm-none-eabi/10.3.1/thumb/v7-m/nofp\libgcc.a(_arm_unorddf2.o)
                0x08000bc0                __unorddf2
                0x08000bc0                __aeabi_dcmpun
 .text          0x08000bec       0x50 d:/ra/gcc-arm-none-eabi-10.3-2021.10-win32/gcc-arm-none-eabi-10.3-2021.10/bin/../lib/gcc/arm-none-eabi/10.3.1/thumb/v7-m/nofp\libgcc.a(_arm_fixdfsi.o)
                0x08000bec                __aeabi_d2iz
                0x08000bec                __fixdfsi
 .text          0x08000c3c       0x30 d:/ra/gcc-arm-none-eabi-10.3-2021.10-win32/gcc-arm-none-eabi-10.3-2021.10/bin/../lib/gcc/arm-none-eabi/10.3.1/thumb/v7-m/nofp\libgcc.a(_aeabi_uldivmod.o)
                0x08000c3c                __aeabi_uldivmod
 .text          0x08000c6c      0x2d4 d:/ra/gcc-arm-none-eabi-10.3-2021.10-win32/gcc-arm-none-eabi-10.3-2021.10/bin/../lib/gcc/arm-none-eabi/10.3.1/thumb/v7-m/nofp\libgcc.a(_udivmoddi4.o)
                0x08000c6c                __udivmoddi4
 .text          0x08000f40        0x4 d:/ra/gcc-arm-none-eabi-10.3-2021.10-win32/gcc-arm-none-eabi-10.3-2021.10/bin/../lib/gcc/arm-none-eabi/10.3.1/thumb/v7-m/nofp\libgcc.a(_dvmd_tls.o)
                0x08000f40                __aeabi_idiv0
                0x08000f40                __aeabi_ldiv0
 *(.text*)
 .text.MX_GPIO_Init
                0x08000f44       0x9c CMakeFiles/leden.elf.dir/Core/Src/gpio.c.obj
                0x08000f44                MX_GPIO_Init
 .text.Error_Handler
                0x08000fe0        0x4 CMakeFiles/leden.elf.dir/Core/Src/main.c.obj
                0x08000fe0                Error_Handler
 .text.SystemClock_Config
                0x08000fe4       0x84 CMakeFiles/leden.elf.dir/Core/Src/main.c.obj
                0x08000fe4                SystemClock_Config
 .text.main     0x08001068       0x3c CMakeFiles/leden.elf.dir/Core/Src/main.c.obj
                0x08001068                main
 .text.RetargetInit
                0x080010a4       0x20 CMakeFiles/leden.elf.dir/Core/Src/retarget.c.obj
                0x080010a4                RetargetInit
 .text._isatty  0x080010c4       0x16 CMakeFiles/leden.elf.dir/Core/Src/retarget.c.obj
                0x080010c4                _isatty
 *fill*         0x080010da        0x2 
 .text._write   0x080010dc       0x34 CMakeFiles/leden.elf.dir/Core/Src/retarget.c.obj
                0x080010dc                _write
 .text._close   0x08001110       0x18 CMakeFiles/leden.elf.dir/Core/Src/retarget.c.obj
                0x08001110                _close
 .text._lseek   0x08001128       0x10 CMakeFiles/leden.elf.dir/Core/Src/retarget.c.obj
                0x08001128                _lseek
 .text._read    0x08001138       0x30 CMakeFiles/leden.elf.dir/Core/Src/retarget.c.obj
                0x08001138                _read
 .text._fstat   0x08001168       0x1a CMakeFiles/leden.elf.dir/Core/Src/retarget.c.obj
                0x08001168                _fstat
 *fill*         0x08001182        0x2 
 .text.HAL_MspInit
                0x08001184       0x44 CMakeFiles/leden.elf.dir/Core/Src/stm32f1xx_hal_msp.c.obj
                0x08001184                HAL_MspInit
 .text.NMI_Handler
                0x080011c8        0x2 CMakeFiles/leden.elf.dir/Core/Src/stm32f1xx_it.c.obj
                0x080011c8                NMI_Handler
 .text.HardFault_Handler
                0x080011ca        0x2 CMakeFiles/leden.elf.dir/Core/Src/stm32f1xx_it.c.obj
                0x080011ca                HardFault_Handler
 .text.MemManage_Handler
                0x080011cc        0x2 CMakeFiles/leden.elf.dir/Core/Src/stm32f1xx_it.c.obj
                0x080011cc                MemManage_Handler
 .text.BusFault_Handler
                0x080011ce        0x2 CMakeFiles/leden.elf.dir/Core/Src/stm32f1xx_it.c.obj
                0x080011ce                BusFault_Handler
 .text.UsageFault_Handler
                0x080011d0        0x2 CMakeFiles/leden.elf.dir/Core/Src/stm32f1xx_it.c.obj
                0x080011d0                UsageFault_Handler
 .text.SVC_Handler
                0x080011d2        0x2 CMakeFiles/leden.elf.dir/Core/Src/stm32f1xx_it.c.obj
                0x080011d2                SVC_Handler
 .text.DebugMon_Handler
                0x080011d4        0x2 CMakeFiles/leden.elf.dir/Core/Src/stm32f1xx_it.c.obj
                0x080011d4                DebugMon_Handler
 .text.PendSV_Handler
                0x080011d6        0x2 CMakeFiles/leden.elf.dir/Core/Src/stm32f1xx_it.c.obj
                0x080011d6                PendSV_Handler
 .text.SysTick_Handler
                0x080011d8        0x8 CMakeFiles/leden.elf.dir/Core/Src/stm32f1xx_it.c.obj
                0x080011d8                SysTick_Handler
 .text.USB_LP_CAN1_RX0_IRQHandler
                0x080011e0       0x10 CMakeFiles/leden.elf.dir/Core/Src/stm32f1xx_it.c.obj
                0x080011e0                USB_LP_CAN1_RX0_IRQHandler
 .text.EXTI0_IRQHandler
                0x080011f0        0xa CMakeFiles/leden.elf.dir/Core/Src/stm32f1xx_it.c.obj
                0x080011f0                EXTI0_IRQHandler
 .text.EXTI1_IRQHandler
                0x080011fa        0xa CMakeFiles/leden.elf.dir/Core/Src/stm32f1xx_it.c.obj
                0x080011fa                EXTI1_IRQHandler
 .text.EXTI9_5_IRQHandler
                0x08001204       0x1e CMakeFiles/leden.elf.dir/Core/Src/stm32f1xx_it.c.obj
                0x08001204                EXTI9_5_IRQHandler
 .text.EXTI15_10_IRQHandler
                0x08001222       0x24 CMakeFiles/leden.elf.dir/Core/Src/stm32f1xx_it.c.obj
                0x08001222                EXTI15_10_IRQHandler
 .text._getpid  0x08001246        0x4 CMakeFiles/leden.elf.dir/Core/Src/syscalls.c.obj
                0x08001246                _getpid
 .text._kill    0x0800124a       0x10 CMakeFiles/leden.elf.dir/Core/Src/syscalls.c.obj
                0x0800124a                _kill
 .text._exit    0x0800125a        0xc CMakeFiles/leden.elf.dir/Core/Src/syscalls.c.obj
                0x0800125a                _exit
 *fill*         0x08001266        0x2 
 .text._sbrk    0x08001268       0x48 CMakeFiles/leden.elf.dir/Core/Src/sysmem.c.obj
                0x08001268                _sbrk
 .text.SystemInit
                0x080012b0        0x2 CMakeFiles/leden.elf.dir/Core/Src/system_stm32f1xx.c.obj
                0x080012b0                SystemInit
 *fill*         0x080012b2        0x2 
 .text.MX_USART1_UART_Init
                0x080012b4       0x34 CMakeFiles/leden.elf.dir/Core/Src/usart.c.obj
                0x080012b4                MX_USART1_UART_Init
 .text.HAL_UART_MspInit
                0x080012e8       0x78 CMakeFiles/leden.elf.dir/Core/Src/usart.c.obj
                0x080012e8                HAL_UART_MspInit
 .text.Reset_Handler
                0x08001360       0x48 CMakeFiles/leden.elf.dir/Core/Startup/startup_stm32f103vetx.s.obj
                0x08001360                Reset_Handler
 .text.Default_Handler
                0x080013a8        0x2 CMakeFiles/leden.elf.dir/Core/Startup/startup_stm32f103vetx.s.obj
                0x080013a8                RTC_Alarm_IRQHandler
                0x080013a8                EXTI2_IRQHandler
                0x080013a8                TIM8_TRG_COM_IRQHandler
                0x080013a8                TIM8_CC_IRQHandler
                0x080013a8                TIM1_CC_IRQHandler
                0x080013a8                TIM6_IRQHandler
                0x080013a8                PVD_IRQHandler
                0x080013a8                SDIO_IRQHandler
                0x080013a8                EXTI3_IRQHandler
                0x080013a8                I2C2_EV_IRQHandler
                0x080013a8                ADC1_2_IRQHandler
                0x080013a8                SPI1_IRQHandler
                0x080013a8                TAMPER_IRQHandler
                0x080013a8                TIM8_UP_IRQHandler
                0x080013a8                DMA2_Channel2_IRQHandler
                0x080013a8                DMA1_Channel4_IRQHandler
                0x080013a8                USART3_IRQHandler
                0x080013a8                RTC_IRQHandler
                0x080013a8                DMA1_Channel7_IRQHandler
                0x080013a8                CAN1_RX1_IRQHandler
                0x080013a8                UART5_IRQHandler
                0x080013a8                ADC3_IRQHandler
                0x080013a8                TIM4_IRQHandler
                0x080013a8                DMA2_Channel1_IRQHandler
                0x080013a8                I2C1_EV_IRQHandler
                0x080013a8                DMA1_Channel6_IRQHandler
                0x080013a8                UART4_IRQHandler
                0x080013a8                TIM3_IRQHandler
                0x080013a8                RCC_IRQHandler
                0x080013a8                TIM1_TRG_COM_IRQHandler
                0x080013a8                DMA1_Channel1_IRQHandler
                0x080013a8                Default_Handler
                0x080013a8                TIM7_IRQHandler
                0x080013a8                TIM5_IRQHandler
                0x080013a8                SPI2_IRQHandler
                0x080013a8                DMA1_Channel5_IRQHandler
                0x080013a8                EXTI4_IRQHandler
                0x080013a8                USB_HP_CAN1_TX_IRQHandler
                0x080013a8                DMA1_Channel3_IRQHandler
                0x080013a8                FSMC_IRQHandler
                0x080013a8                TIM1_UP_IRQHandler
                0x080013a8                WWDG_IRQHandler
                0x080013a8                TIM2_IRQHandler
                0x080013a8                TIM1_BRK_IRQHandler
                0x080013a8                DMA2_Channel4_5_IRQHandler
                0x080013a8                USART2_IRQHandler
                0x080013a8                I2C2_ER_IRQHandler
                0x080013a8                DMA1_Channel2_IRQHandler
                0x080013a8                TIM8_BRK_IRQHandler
                0x080013a8                CAN1_SCE_IRQHandler
                0x080013a8                FLASH_IRQHandler
                0x080013a8                USART1_IRQHandler
                0x080013a8                SPI3_IRQHandler
                0x080013a8                I2C1_ER_IRQHandler
                0x080013a8                USBWakeUp_IRQHandler
                0x080013a8                DMA2_Channel3_IRQHandler
 *fill*         0x080013aa        0x2 
 .text.HAL_InitTick
                0x080013ac       0x4c CMakeFiles/leden.elf.dir/Drivers/STM32F1xx_HAL_Driver/Src/stm32f1xx_hal.c.obj
                0x080013ac                HAL_InitTick
 .text.HAL_Init
                0x080013f8       0x24 CMakeFiles/leden.elf.dir/Drivers/STM32F1xx_HAL_Driver/Src/stm32f1xx_hal.c.obj
                0x080013f8                HAL_Init
 .text.HAL_Delay
                0x0800141c       0x28 CMakeFiles/leden.elf.dir/Drivers/STM32F1xx_HAL_Driver/Src/stm32f1xx_hal.c.obj
                0x0800141c                HAL_Delay
 .text.HAL_NVIC_SetPriorityGrouping
                0x08001444       0x24 CMakeFiles/leden.elf.dir/Drivers/STM32F1xx_HAL_Driver/Src/stm32f1xx_hal_cortex.c.obj
                0x08001444                HAL_NVIC_SetPriorityGrouping
 .text.HAL_NVIC_SetPriority
                0x08001468       0x70 CMakeFiles/leden.elf.dir/Drivers/STM32F1xx_HAL_Driver/Src/stm32f1xx_hal_cortex.c.obj
                0x08001468                HAL_NVIC_SetPriority
 .text.HAL_NVIC_EnableIRQ
                0x080014d8       0x1c CMakeFiles/leden.elf.dir/Drivers/STM32F1xx_HAL_Driver/Src/stm32f1xx_hal_cortex.c.obj
                0x080014d8                HAL_NVIC_EnableIRQ
 .text.HAL_SYSTICK_Config
                0x080014f4       0x28 CMakeFiles/leden.elf.dir/Drivers/STM32F1xx_HAL_Driver/Src/stm32f1xx_hal_cortex.c.obj
                0x080014f4                HAL_SYSTICK_Config
 .text.HAL_GPIO_Init
                0x0800151c      0x240 CMakeFiles/leden.elf.dir/Drivers/STM32F1xx_HAL_Driver/Src/stm32f1xx_hal_gpio.c.obj
                0x0800151c                HAL_GPIO_Init
 .text.HAL_GPIO_ReadPin
                0x0800175c        0xe CMakeFiles/leden.elf.dir/Drivers/STM32F1xx_HAL_Driver/Src/stm32f1xx_hal_gpio.c.obj
                0x0800175c                HAL_GPIO_ReadPin
 .text.HAL_GPIO_WritePin
                0x0800176a        0xc CMakeFiles/leden.elf.dir/Drivers/STM32F1xx_HAL_Driver/Src/stm32f1xx_hal_gpio.c.obj
                0x0800176a                HAL_GPIO_WritePin
 *fill*         0x08001776        0x2 
 .text.HAL_GPIO_EXTI_IRQHandler
                0x08001778       0x1c CMakeFiles/leden.elf.dir/Drivers/STM32F1xx_HAL_Driver/Src/stm32f1xx_hal_gpio.c.obj
                0x08001778                HAL_GPIO_EXTI_IRQHandler
 .text.HAL_PCD_EP_DB_Receive
                0x08001794      0x11c CMakeFiles/leden.elf.dir/Drivers/STM32F1xx_HAL_Driver/Src/stm32f1xx_hal_pcd.c.obj
 .text.HAL_PCD_Init
                0x080018b0      0x110 CMakeFiles/leden.elf.dir/Drivers/STM32F1xx_HAL_Driver/Src/stm32f1xx_hal_pcd.c.obj
                0x080018b0                HAL_PCD_Init
 .text.HAL_PCD_Start
                0x080019c0       0x32 CMakeFiles/leden.elf.dir/Drivers/STM32F1xx_HAL_Driver/Src/stm32f1xx_hal_pcd.c.obj
                0x080019c0                HAL_PCD_Start
 .text.HAL_PCD_EP_DB_Transmit
                0x080019f2      0x424 CMakeFiles/leden.elf.dir/Drivers/STM32F1xx_HAL_Driver/Src/stm32f1xx_hal_pcd.c.obj
 .text.PCD_EP_ISR_Handler
                0x08001e16      0x536 CMakeFiles/leden.elf.dir/Drivers/STM32F1xx_HAL_Driver/Src/stm32f1xx_hal_pcd.c.obj
 .text.HAL_PCD_SetAddress
                0x0800234c       0x28 CMakeFiles/leden.elf.dir/Drivers/STM32F1xx_HAL_Driver/Src/stm32f1xx_hal_pcd.c.obj
                0x0800234c                HAL_PCD_SetAddress
 .text.HAL_PCD_IRQHandler
                0x08002374      0x1b0 CMakeFiles/leden.elf.dir/Drivers/STM32F1xx_HAL_Driver/Src/stm32f1xx_hal_pcd.c.obj
                0x08002374                HAL_PCD_IRQHandler
 .text.HAL_PCD_EP_Open
                0x08002524       0x7c CMakeFiles/leden.elf.dir/Drivers/STM32F1xx_HAL_Driver/Src/stm32f1xx_hal_pcd.c.obj
                0x08002524                HAL_PCD_EP_Open
 .text.HAL_PCD_EP_Close
                0x080025a0       0x64 CMakeFiles/leden.elf.dir/Drivers/STM32F1xx_HAL_Driver/Src/stm32f1xx_hal_pcd.c.obj
                0x080025a0                HAL_PCD_EP_Close
 .text.HAL_PCD_EP_Receive
                0x08002604       0x3a CMakeFiles/leden.elf.dir/Drivers/STM32F1xx_HAL_Driver/Src/stm32f1xx_hal_pcd.c.obj
                0x08002604                HAL_PCD_EP_Receive
 .text.HAL_PCD_EP_GetRxCount
                0x0800263e       0x12 CMakeFiles/leden.elf.dir/Drivers/STM32F1xx_HAL_Driver/Src/stm32f1xx_hal_pcd.c.obj
                0x0800263e                HAL_PCD_EP_GetRxCount
 .text.HAL_PCD_EP_Transmit
                0x08002650       0x44 CMakeFiles/leden.elf.dir/Drivers/STM32F1xx_HAL_Driver/Src/stm32f1xx_hal_pcd.c.obj
                0x08002650                HAL_PCD_EP_Transmit
 .text.HAL_PCD_EP_SetStall
                0x08002694       0x78 CMakeFiles/leden.elf.dir/Drivers/STM32F1xx_HAL_Driver/Src/stm32f1xx_hal_pcd.c.obj
                0x08002694                HAL_PCD_EP_SetStall
 .text.HAL_PCD_EP_ClrStall
                0x0800270c       0x76 CMakeFiles/leden.elf.dir/Drivers/STM32F1xx_HAL_Driver/Src/stm32f1xx_hal_pcd.c.obj
                0x0800270c                HAL_PCD_EP_ClrStall
 .text.HAL_PCDEx_PMAConfig
                0x08002782       0x38 CMakeFiles/leden.elf.dir/Drivers/STM32F1xx_HAL_Driver/Src/stm32f1xx_hal_pcd_ex.c.obj
                0x08002782                HAL_PCDEx_PMAConfig
 *fill*         0x080027ba        0x2 
 .text.RCC_Delay
                0x080027bc       0x2c CMakeFiles/leden.elf.dir/Drivers/STM32F1xx_HAL_Driver/Src/stm32f1xx_hal_rcc.c.obj
 .text.HAL_RCC_OscConfig
                0x080027e8      0x410 CMakeFiles/leden.elf.dir/Drivers/STM32F1xx_HAL_Driver/Src/stm32f1xx_hal_rcc.c.obj
                0x080027e8                HAL_RCC_OscConfig
 .text.HAL_RCC_GetSysClockFreq
                0x08002bf8       0x54 CMakeFiles/leden.elf.dir/Drivers/STM32F1xx_HAL_Driver/Src/stm32f1xx_hal_rcc.c.obj
                0x08002bf8                HAL_RCC_GetSysClockFreq
 .text.HAL_RCC_ClockConfig
                0x08002c4c      0x16c CMakeFiles/leden.elf.dir/Drivers/STM32F1xx_HAL_Driver/Src/stm32f1xx_hal_rcc.c.obj
                0x08002c4c                HAL_RCC_ClockConfig
 .text.HAL_RCC_GetHCLKFreq
                0x08002db8        0xc CMakeFiles/leden.elf.dir/Drivers/STM32F1xx_HAL_Driver/Src/stm32f1xx_hal_rcc.c.obj
                0x08002db8                HAL_RCC_GetHCLKFreq
 .text.HAL_RCC_GetPCLK1Freq
                0x08002dc4       0x20 CMakeFiles/leden.elf.dir/Drivers/STM32F1xx_HAL_Driver/Src/stm32f1xx_hal_rcc.c.obj
                0x08002dc4                HAL_RCC_GetPCLK1Freq
 .text.HAL_RCC_GetPCLK2Freq
                0x08002de4       0x20 CMakeFiles/leden.elf.dir/Drivers/STM32F1xx_HAL_Driver/Src/stm32f1xx_hal_rcc.c.obj
                0x08002de4                HAL_RCC_GetPCLK2Freq
 .text.HAL_RCCEx_PeriphCLKConfig
                0x08002e04      0x118 CMakeFiles/leden.elf.dir/Drivers/STM32F1xx_HAL_Driver/Src/stm32f1xx_hal_rcc_ex.c.obj
                0x08002e04                HAL_RCCEx_PeriphCLKConfig
 .text.SPI_WaitFlagStateUntilTimeout
                0x08002f1c       0xd4 CMakeFiles/leden.elf.dir/Drivers/STM32F1xx_HAL_Driver/Src/stm32f1xx_hal_spi.c.obj
 .text.SPI_EndRxTxTransaction
                0x08002ff0       0x24 CMakeFiles/leden.elf.dir/Drivers/STM32F1xx_HAL_Driver/Src/stm32f1xx_hal_spi.c.obj
 .text.HAL_SPI_Init
                0x08003014       0xb6 CMakeFiles/leden.elf.dir/Drivers/STM32F1xx_HAL_Driver/Src/stm32f1xx_hal_spi.c.obj
                0x08003014                HAL_SPI_Init
 .text.HAL_SPI_TransmitReceive
                0x080030ca      0x244 CMakeFiles/leden.elf.dir/Drivers/STM32F1xx_HAL_Driver/Src/stm32f1xx_hal_spi.c.obj
                0x080030ca                HAL_SPI_TransmitReceive
 *fill*         0x0800330e        0x2 
 .text.UART_SetConfig
                0x08003310       0x94 CMakeFiles/leden.elf.dir/Drivers/STM32F1xx_HAL_Driver/Src/stm32f1xx_hal_uart.c.obj
 .text.UART_WaitOnFlagUntilTimeout
                0x080033a4       0x88 CMakeFiles/leden.elf.dir/Drivers/STM32F1xx_HAL_Driver/Src/stm32f1xx_hal_uart.c.obj
 .text.HAL_UART_Init
                0x0800342c       0x60 CMakeFiles/leden.elf.dir/Drivers/STM32F1xx_HAL_Driver/Src/stm32f1xx_hal_uart.c.obj
                0x0800342c                HAL_UART_Init
 .text.HAL_UART_Transmit
                0x0800348c       0xbe CMakeFiles/leden.elf.dir/Drivers/STM32F1xx_HAL_Driver/Src/stm32f1xx_hal_uart.c.obj
                0x0800348c                HAL_UART_Transmit
 .text.HAL_UART_Receive
                0x0800354a       0xca CMakeFiles/leden.elf.dir/Drivers/STM32F1xx_HAL_Driver/Src/stm32f1xx_hal_uart.c.obj
                0x0800354a                HAL_UART_Receive
 .text.USB_CoreInit
                0x08003614        0xe CMakeFiles/leden.elf.dir/Drivers/STM32F1xx_HAL_Driver/Src/stm32f1xx_ll_usb.c.obj
                0x08003614                USB_CoreInit
 .text.USB_EnableGlobalInt
                0x08003622       0x12 CMakeFiles/leden.elf.dir/Drivers/STM32F1xx_HAL_Driver/Src/stm32f1xx_ll_usb.c.obj
                0x08003622                USB_EnableGlobalInt
 .text.USB_DisableGlobalInt
                0x08003634       0x14 CMakeFiles/leden.elf.dir/Drivers/STM32F1xx_HAL_Driver/Src/stm32f1xx_ll_usb.c.obj
                0x08003634                USB_DisableGlobalInt
 .text.USB_SetCurrentMode
                0x08003648        0x4 CMakeFiles/leden.elf.dir/Drivers/STM32F1xx_HAL_Driver/Src/stm32f1xx_ll_usb.c.obj
                0x08003648                USB_SetCurrentMode
 .text.USB_DevInit
                0x0800364c       0x22 CMakeFiles/leden.elf.dir/Drivers/STM32F1xx_HAL_Driver/Src/stm32f1xx_ll_usb.c.obj
                0x0800364c                USB_DevInit
 .text.USB_ActivateEndpoint
                0x0800366e      0x3ca CMakeFiles/leden.elf.dir/Drivers/STM32F1xx_HAL_Driver/Src/stm32f1xx_ll_usb.c.obj
                0x0800366e                USB_ActivateEndpoint
 .text.USB_DeactivateEndpoint
                0x08003a38      0x1d6 CMakeFiles/leden.elf.dir/Drivers/STM32F1xx_HAL_Driver/Src/stm32f1xx_ll_usb.c.obj
                0x08003a38                USB_DeactivateEndpoint
 .text.USB_EPSetStall
                0x08003c0e       0x4a CMakeFiles/leden.elf.dir/Drivers/STM32F1xx_HAL_Driver/Src/stm32f1xx_ll_usb.c.obj
                0x08003c0e                USB_EPSetStall
 .text.USB_EPClearStall
                0x08003c58       0xa2 CMakeFiles/leden.elf.dir/Drivers/STM32F1xx_HAL_Driver/Src/stm32f1xx_ll_usb.c.obj
                0x08003c58                USB_EPClearStall
 .text.USB_SetDevAddress
                0x08003cfa        0xc CMakeFiles/leden.elf.dir/Drivers/STM32F1xx_HAL_Driver/Src/stm32f1xx_ll_usb.c.obj
                0x08003cfa                USB_SetDevAddress
 .text.USB_DevConnect
                0x08003d06        0x4 CMakeFiles/leden.elf.dir/Drivers/STM32F1xx_HAL_Driver/Src/stm32f1xx_ll_usb.c.obj
                0x08003d06                USB_DevConnect
 .text.USB_DevDisconnect
                0x08003d0a        0x4 CMakeFiles/leden.elf.dir/Drivers/STM32F1xx_HAL_Driver/Src/stm32f1xx_ll_usb.c.obj
                0x08003d0a                USB_DevDisconnect
 .text.USB_ReadInterrupts
                0x08003d0e        0x8 CMakeFiles/leden.elf.dir/Drivers/STM32F1xx_HAL_Driver/Src/stm32f1xx_ll_usb.c.obj
                0x08003d0e                USB_ReadInterrupts
 .text.USB_EP0_OutStart
                0x08003d16        0x4 CMakeFiles/leden.elf.dir/Drivers/STM32F1xx_HAL_Driver/Src/stm32f1xx_ll_usb.c.obj
                0x08003d16                USB_EP0_OutStart
 .text.USB_WritePMA
                0x08003d1a       0x28 CMakeFiles/leden.elf.dir/Drivers/STM32F1xx_HAL_Driver/Src/stm32f1xx_ll_usb.c.obj
                0x08003d1a                USB_WritePMA
 .text.USB_EPStartXfer
                0x08003d42      0x7ce CMakeFiles/leden.elf.dir/Drivers/STM32F1xx_HAL_Driver/Src/stm32f1xx_ll_usb.c.obj
                0x08003d42                USB_EPStartXfer
 .text.USB_ReadPMA
                0x08004510       0x30 CMakeFiles/leden.elf.dir/Drivers/STM32F1xx_HAL_Driver/Src/stm32f1xx_ll_usb.c.obj
                0x08004510                USB_ReadPMA
 .text.EC11_EXTI_Init
                0x08004540       0x84 CMakeFiles/leden.elf.dir/EC11/EC11.c.obj
                0x08004540                EC11_EXTI_Init
 .text.set_encoder_state
                0x080045c4       0xb4 CMakeFiles/leden.elf.dir/EC11/EC11.c.obj
                0x080045c4                set_encoder_state
 .text.HAL_GPIO_EXTI_Callback
                0x08004678        0x8 CMakeFiles/leden.elf.dir/EC11/EC11.c.obj
                0x08004678                HAL_GPIO_EXTI_Callback
 .text.SPI1_Init
                0x08004680       0x38 CMakeFiles/leden.elf.dir/FLASH/SPI1/spi1.c.obj
                0x08004680                SPI1_Init
 .text.spi1_set_speed
                0x080046b8       0x34 CMakeFiles/leden.elf.dir/FLASH/SPI1/spi1.c.obj
                0x080046b8                spi1_set_speed
 .text.spi1_read_write_byte
                0x080046ec       0x34 CMakeFiles/leden.elf.dir/FLASH/SPI1/spi1.c.obj
                0x080046ec                spi1_read_write_byte
 .text.norflash_send_address
                0x08004720       0x34 CMakeFiles/leden.elf.dir/FLASH/norflash.c.obj
 .text.norflash_write_enable
                0x08004754       0x24 CMakeFiles/leden.elf.dir/FLASH/norflash.c.obj
                0x08004754                norflash_write_enable
 .text.norflash_read_sr
                0x08004778       0x40 CMakeFiles/leden.elf.dir/FLASH/norflash.c.obj
                0x08004778                norflash_read_sr
 .text.norflash_write_sr
                0x080047b8       0x40 CMakeFiles/leden.elf.dir/FLASH/norflash.c.obj
                0x080047b8                norflash_write_sr
 .text.norflash_read_id
                0x080047f8       0x50 CMakeFiles/leden.elf.dir/FLASH/norflash.c.obj
                0x080047f8                norflash_read_id
 .text.norflash_init
                0x08004848       0xa8 CMakeFiles/leden.elf.dir/FLASH/norflash.c.obj
                0x08004848                norflash_init
 .text.norflash_read
                0x080048f0       0x44 CMakeFiles/leden.elf.dir/FLASH/norflash.c.obj
                0x080048f0                norflash_read
 .text.jsmn_alloc_token
                0x08004934       0x20 CMakeFiles/leden.elf.dir/JSMN/jsmn.c.obj
 .text.jsmn_fill_token
                0x08004954        0xc CMakeFiles/leden.elf.dir/JSMN/jsmn.c.obj
 .text.jsmn_parse_primitive
                0x08004960      0x110 CMakeFiles/leden.elf.dir/JSMN/jsmn.c.obj
 .text.jsmn_parse_string
                0x08004a70      0x148 CMakeFiles/leden.elf.dir/JSMN/jsmn.c.obj
 .text.jsmn_parse
                0x08004bb8      0x2d0 CMakeFiles/leden.elf.dir/JSMN/jsmn.c.obj
                0x08004bb8                jsmn_parse
 .text.jsmn_init
                0x08004e88        0xe CMakeFiles/leden.elf.dir/JSMN/jsmn.c.obj
                0x08004e88                jsmn_init
 *fill*         0x08004e96        0x2 
 .text.ROW_OUT  0x08004e98       0xc8 CMakeFiles/leden.elf.dir/MatrixKeys/MatrixKeys.c.obj
 .text.COL_STATE
                0x08004f60       0x50 CMakeFiles/leden.elf.dir/MatrixKeys/MatrixKeys.c.obj
 .text.KEY_INIT
                0x08004fb0       0x80 CMakeFiles/leden.elf.dir/MatrixKeys/MatrixKeys.c.obj
                0x08004fb0                KEY_INIT
 .text.MK_init  0x08005030        0x8 CMakeFiles/leden.elf.dir/MatrixKeys/MatrixKeys.c.obj
                0x08005030                MK_init
 .text.MK_scan  0x08005038       0x98 CMakeFiles/leden.elf.dir/MatrixKeys/MatrixKeys.c.obj
                0x08005038                MK_scan
 .text.USBD_CUSTOM_HID_GetFSCfgDesc
                0x080050d0        0xc CMakeFiles/leden.elf.dir/Middlewares/ST/STM32_USB_Device_Library/Class/CustomHID/Src/usbd_customhid.c.obj
 .text.USBD_CUSTOM_HID_GetHSCfgDesc
                0x080050dc        0xc CMakeFiles/leden.elf.dir/Middlewares/ST/STM32_USB_Device_Library/Class/CustomHID/Src/usbd_customhid.c.obj
 .text.USBD_CUSTOM_HID_GetOtherSpeedCfgDesc
                0x080050e8        0xc CMakeFiles/leden.elf.dir/Middlewares/ST/STM32_USB_Device_Library/Class/CustomHID/Src/usbd_customhid.c.obj
 .text.USBD_CUSTOM_HID_DataIn
                0x080050f4        0xc CMakeFiles/leden.elf.dir/Middlewares/ST/STM32_USB_Device_Library/Class/CustomHID/Src/usbd_customhid.c.obj
 .text.USBD_CUSTOM_HID_EP0_RxReady
                0x08005100       0x22 CMakeFiles/leden.elf.dir/Middlewares/ST/STM32_USB_Device_Library/Class/CustomHID/Src/usbd_customhid.c.obj
 *fill*         0x08005122        0x2 
 .text.USBD_CUSTOM_HID_GetDeviceQualifierDesc
                0x08005124        0xc CMakeFiles/leden.elf.dir/Middlewares/ST/STM32_USB_Device_Library/Class/CustomHID/Src/usbd_customhid.c.obj
 .text.USBD_CUSTOM_HID_DataOut
                0x08005130       0x24 CMakeFiles/leden.elf.dir/Middlewares/ST/STM32_USB_Device_Library/Class/CustomHID/Src/usbd_customhid.c.obj
 .text.USBD_CUSTOM_HID_Setup
                0x08005154      0x128 CMakeFiles/leden.elf.dir/Middlewares/ST/STM32_USB_Device_Library/Class/CustomHID/Src/usbd_customhid.c.obj
 .text.USBD_CUSTOM_HID_DeInit
                0x0800527c       0x38 CMakeFiles/leden.elf.dir/Middlewares/ST/STM32_USB_Device_Library/Class/CustomHID/Src/usbd_customhid.c.obj
 .text.USBD_CUSTOM_HID_Init
                0x080052b4       0x52 CMakeFiles/leden.elf.dir/Middlewares/ST/STM32_USB_Device_Library/Class/CustomHID/Src/usbd_customhid.c.obj
 .text.USBD_CUSTOM_HID_SendReport
                0x08005306       0x30 CMakeFiles/leden.elf.dir/Middlewares/ST/STM32_USB_Device_Library/Class/CustomHID/Src/usbd_customhid.c.obj
                0x08005306                USBD_CUSTOM_HID_SendReport
 .text.USBD_CUSTOM_HID_RegisterInterface
                0x08005336        0xe CMakeFiles/leden.elf.dir/Middlewares/ST/STM32_USB_Device_Library/Class/CustomHID/Src/usbd_customhid.c.obj
                0x08005336                USBD_CUSTOM_HID_RegisterInterface
 .text.USBD_Init
                0x08005344       0x2e CMakeFiles/leden.elf.dir/Middlewares/ST/STM32_USB_Device_Library/Core/Src/usbd_core.c.obj
                0x08005344                USBD_Init
 .text.USBD_RegisterClass
                0x08005372        0xe CMakeFiles/leden.elf.dir/Middlewares/ST/STM32_USB_Device_Library/Core/Src/usbd_core.c.obj
                0x08005372                USBD_RegisterClass
 .text.USBD_Start
                0x08005380        0xa CMakeFiles/leden.elf.dir/Middlewares/ST/STM32_USB_Device_Library/Core/Src/usbd_core.c.obj
                0x08005380                USBD_Start
 .text.USBD_SetClassConfig
                0x0800538a       0x18 CMakeFiles/leden.elf.dir/Middlewares/ST/STM32_USB_Device_Library/Core/Src/usbd_core.c.obj
                0x0800538a                USBD_SetClassConfig
 .text.USBD_ClrClassConfig
                0x080053a2        0xe CMakeFiles/leden.elf.dir/Middlewares/ST/STM32_USB_Device_Library/Core/Src/usbd_core.c.obj
                0x080053a2                USBD_ClrClassConfig
 .text.USBD_LL_SetupStage
                0x080053b0       0x5a CMakeFiles/leden.elf.dir/Middlewares/ST/STM32_USB_Device_Library/Core/Src/usbd_core.c.obj
                0x080053b0                USBD_LL_SetupStage
 .text.USBD_LL_DataOutStage
                0x0800540a       0x8c CMakeFiles/leden.elf.dir/Middlewares/ST/STM32_USB_Device_Library/Core/Src/usbd_core.c.obj
                0x0800540a                USBD_LL_DataOutStage
 .text.USBD_LL_DataInStage
                0x08005496       0xd0 CMakeFiles/leden.elf.dir/Middlewares/ST/STM32_USB_Device_Library/Core/Src/usbd_core.c.obj
                0x08005496                USBD_LL_DataInStage
 .text.USBD_LL_Reset
                0x08005566       0x50 CMakeFiles/leden.elf.dir/Middlewares/ST/STM32_USB_Device_Library/Core/Src/usbd_core.c.obj
                0x08005566                USBD_LL_Reset
 .text.USBD_LL_SetSpeed
                0x080055b6        0x6 CMakeFiles/leden.elf.dir/Middlewares/ST/STM32_USB_Device_Library/Core/Src/usbd_core.c.obj
                0x080055b6                USBD_LL_SetSpeed
 .text.USBD_LL_Suspend
                0x080055bc       0x12 CMakeFiles/leden.elf.dir/Middlewares/ST/STM32_USB_Device_Library/Core/Src/usbd_core.c.obj
                0x080055bc                USBD_LL_Suspend
 .text.USBD_LL_Resume
                0x080055ce       0x16 CMakeFiles/leden.elf.dir/Middlewares/ST/STM32_USB_Device_Library/Core/Src/usbd_core.c.obj
                0x080055ce                USBD_LL_Resume
 .text.USBD_LL_SOF
                0x080055e4       0x1c CMakeFiles/leden.elf.dir/Middlewares/ST/STM32_USB_Device_Library/Core/Src/usbd_core.c.obj
                0x080055e4                USBD_LL_SOF
 .text.USBD_GetLen
                0x08005600       0x14 CMakeFiles/leden.elf.dir/Middlewares/ST/STM32_USB_Device_Library/Core/Src/usbd_ctlreq.c.obj
 .text.USBD_SetFeature
                0x08005614       0x14 CMakeFiles/leden.elf.dir/Middlewares/ST/STM32_USB_Device_Library/Core/Src/usbd_ctlreq.c.obj
 .text.USBD_ParseSetupRequest
                0x08005628       0x28 CMakeFiles/leden.elf.dir/Middlewares/ST/STM32_USB_Device_Library/Core/Src/usbd_ctlreq.c.obj
                0x08005628                USBD_ParseSetupRequest
 .text.USBD_CtlError
                0x08005650       0x14 CMakeFiles/leden.elf.dir/Middlewares/ST/STM32_USB_Device_Library/Core/Src/usbd_ctlreq.c.obj
                0x08005650                USBD_CtlError
 .text.USBD_GetDescriptor
                0x08005664      0x186 CMakeFiles/leden.elf.dir/Middlewares/ST/STM32_USB_Device_Library/Core/Src/usbd_ctlreq.c.obj
 .text.USBD_SetAddress
                0x080057ea       0x4e CMakeFiles/leden.elf.dir/Middlewares/ST/STM32_USB_Device_Library/Core/Src/usbd_ctlreq.c.obj
 .text.USBD_SetConfig
                0x08005838       0xb0 CMakeFiles/leden.elf.dir/Middlewares/ST/STM32_USB_Device_Library/Core/Src/usbd_ctlreq.c.obj
 .text.USBD_GetConfig
                0x080058e8       0x3e CMakeFiles/leden.elf.dir/Middlewares/ST/STM32_USB_Device_Library/Core/Src/usbd_ctlreq.c.obj
 .text.USBD_GetStatus
                0x08005926       0x38 CMakeFiles/leden.elf.dir/Middlewares/ST/STM32_USB_Device_Library/Core/Src/usbd_ctlreq.c.obj
 .text.USBD_ClrFeature
                0x0800595e       0x26 CMakeFiles/leden.elf.dir/Middlewares/ST/STM32_USB_Device_Library/Core/Src/usbd_ctlreq.c.obj
 .text.USBD_StdDevReq
                0x08005984       0x68 CMakeFiles/leden.elf.dir/Middlewares/ST/STM32_USB_Device_Library/Core/Src/usbd_ctlreq.c.obj
                0x08005984                USBD_StdDevReq
 .text.USBD_StdItfReq
                0x080059ec       0x60 CMakeFiles/leden.elf.dir/Middlewares/ST/STM32_USB_Device_Library/Core/Src/usbd_ctlreq.c.obj
                0x080059ec                USBD_StdItfReq
 .text.USBD_StdEPReq
                0x08005a4c      0x1e2 CMakeFiles/leden.elf.dir/Middlewares/ST/STM32_USB_Device_Library/Core/Src/usbd_ctlreq.c.obj
                0x08005a4c                USBD_StdEPReq
 .text.USBD_GetString
                0x08005c2e       0x3a CMakeFiles/leden.elf.dir/Middlewares/ST/STM32_USB_Device_Library/Core/Src/usbd_ctlreq.c.obj
                0x08005c2e                USBD_GetString
 .text.USBD_CtlSendData
                0x08005c68       0x1a CMakeFiles/leden.elf.dir/Middlewares/ST/STM32_USB_Device_Library/Core/Src/usbd_ioreq.c.obj
                0x08005c68                USBD_CtlSendData
 .text.USBD_CtlContinueSendData
                0x08005c82       0x10 CMakeFiles/leden.elf.dir/Middlewares/ST/STM32_USB_Device_Library/Core/Src/usbd_ioreq.c.obj
                0x08005c82                USBD_CtlContinueSendData
 .text.USBD_CtlPrepareRx
                0x08005c92       0x1e CMakeFiles/leden.elf.dir/Middlewares/ST/STM32_USB_Device_Library/Core/Src/usbd_ioreq.c.obj
                0x08005c92                USBD_CtlPrepareRx
 .text.USBD_CtlContinueRx
                0x08005cb0       0x10 CMakeFiles/leden.elf.dir/Middlewares/ST/STM32_USB_Device_Library/Core/Src/usbd_ioreq.c.obj
                0x08005cb0                USBD_CtlContinueRx
 .text.USBD_CtlSendStatus
                0x08005cc0       0x16 CMakeFiles/leden.elf.dir/Middlewares/ST/STM32_USB_Device_Library/Core/Src/usbd_ioreq.c.obj
                0x08005cc0                USBD_CtlSendStatus
 .text.USBD_CtlReceiveStatus
                0x08005cd6       0x16 CMakeFiles/leden.elf.dir/Middlewares/ST/STM32_USB_Device_Library/Core/Src/usbd_ioreq.c.obj
                0x08005cd6                USBD_CtlReceiveStatus
 .text.USBD_GetRxCount
                0x08005cec        0x8 CMakeFiles/leden.elf.dir/Middlewares/ST/STM32_USB_Device_Library/Core/Src/usbd_ioreq.c.obj
                0x08005cec                USBD_GetRxCount
 .text.OLED_42_CS_SINGLE
                0x08005cf4       0x34 CMakeFiles/leden.elf.dir/OLED_42/oled.c.obj
                0x08005cf4                OLED_42_CS_SINGLE
 .text.OLED_42_WR_Byte_Single
                0x08005d28       0x4c CMakeFiles/leden.elf.dir/OLED_42/oled.c.obj
                0x08005d28                OLED_42_WR_Byte_Single
 .text.OLED_42_WR_Byte_ALL
                0x08005d74       0x1c CMakeFiles/leden.elf.dir/OLED_42/oled.c.obj
                0x08005d74                OLED_42_WR_Byte_ALL
 .text.OLED_42_Refresh_Single
                0x08005d90       0x58 CMakeFiles/leden.elf.dir/OLED_42/oled.c.obj
                0x08005d90                OLED_42_Refresh_Single
 .text.OLED_42_Clear
                0x08005de8       0x2c CMakeFiles/leden.elf.dir/OLED_42/oled.c.obj
                0x08005de8                OLED_42_Clear
 .text.OLED_42_DrawPoint
                0x08005e14       0x4c CMakeFiles/leden.elf.dir/OLED_42/oled.c.obj
                0x08005e14                OLED_42_DrawPoint
 .text.OLED_42_ShowPicture
                0x08005e60       0xb8 CMakeFiles/leden.elf.dir/OLED_42/oled.c.obj
                0x08005e60                OLED_42_ShowPicture
 .text.OLED_42_Init
                0x08005f18      0x1fc CMakeFiles/leden.elf.dir/OLED_42/oled.c.obj
                0x08005f18                OLED_42_Init
 .text.OLED_92_CS_SINGLE
                0x08006114       0x34 CMakeFiles/leden.elf.dir/OLED_96/oled_96.c.obj
                0x08006114                OLED_92_CS_SINGLE
 .text.OLED_92_WR_Byte_Single
                0x08006148       0x84 CMakeFiles/leden.elf.dir/OLED_96/oled_96.c.obj
                0x08006148                OLED_92_WR_Byte_Single
 .text.OLED_92_WR_Byte_ALL
                0x080061cc       0x1c CMakeFiles/leden.elf.dir/OLED_96/oled_96.c.obj
                0x080061cc                OLED_92_WR_Byte_ALL
 .text.OLED_92_Refresh_Single
                0x080061e8       0x58 CMakeFiles/leden.elf.dir/OLED_96/oled_96.c.obj
                0x080061e8                OLED_92_Refresh_Single
 .text.OLED_92_Clear
                0x08006240       0x2c CMakeFiles/leden.elf.dir/OLED_96/oled_96.c.obj
                0x08006240                OLED_92_Clear
 .text.OLED_92_DrawPoint
                0x0800626c       0x48 CMakeFiles/leden.elf.dir/OLED_96/oled_96.c.obj
                0x0800626c                OLED_92_DrawPoint
 .text.OLED_92_ShowPicture
                0x080062b4       0xb8 CMakeFiles/leden.elf.dir/OLED_96/oled_96.c.obj
                0x080062b4                OLED_92_ShowPicture
 .text.OLED_92_Init
                0x0800636c      0x1b4 CMakeFiles/leden.elf.dir/OLED_96/oled_96.c.obj
                0x0800636c                OLED_92_Init
 .text.SPI2_Init
                0x08006520       0x38 CMakeFiles/leden.elf.dir/SPI2/spi2.c.obj
                0x08006520                SPI2_Init
 .text.HAL_SPI_MspInit
                0x08006558      0x110 CMakeFiles/leden.elf.dir/SPI2/spi2.c.obj
                0x08006558                HAL_SPI_MspInit
 .text.spi2_read_write_byte
                0x08006668       0x34 CMakeFiles/leden.elf.dir/SPI2/spi2.c.obj
                0x08006668                spi2_read_write_byte
 .text.MX_USB_DEVICE_Init
                0x0800669c       0x54 CMakeFiles/leden.elf.dir/USB_DEVICE/App/usb_device.c.obj
                0x0800669c                MX_USB_DEVICE_Init
 .text.CUSTOM_HID_Init_FS
                0x080066f0        0x4 CMakeFiles/leden.elf.dir/USB_DEVICE/App/usbd_custom_hid_if.c.obj
 .text.CUSTOM_HID_DeInit_FS
                0x080066f4        0x4 CMakeFiles/leden.elf.dir/USB_DEVICE/App/usbd_custom_hid_if.c.obj
 .text.CUSTOM_HID_OutEvent_FS
                0x080066f8       0x44 CMakeFiles/leden.elf.dir/USB_DEVICE/App/usbd_custom_hid_if.c.obj
 .text.USBD_FS_DeviceDescriptor
                0x0800673c        0xc CMakeFiles/leden.elf.dir/USB_DEVICE/App/usbd_desc.c.obj
                0x0800673c                USBD_FS_DeviceDescriptor
 .text.USBD_FS_LangIDStrDescriptor
                0x08006748        0xc CMakeFiles/leden.elf.dir/USB_DEVICE/App/usbd_desc.c.obj
                0x08006748                USBD_FS_LangIDStrDescriptor
 .text.IntToUnicode
                0x08006754       0x46 CMakeFiles/leden.elf.dir/USB_DEVICE/App/usbd_desc.c.obj
 *fill*         0x0800679a        0x2 
 .text.Get_SerialNum
                0x0800679c       0x38 CMakeFiles/leden.elf.dir/USB_DEVICE/App/usbd_desc.c.obj
 .text.USBD_FS_SerialStrDescriptor
                0x080067d4       0x14 CMakeFiles/leden.elf.dir/USB_DEVICE/App/usbd_desc.c.obj
                0x080067d4                USBD_FS_SerialStrDescriptor
 .text.USBD_FS_ProductStrDescriptor
                0x080067e8       0x24 CMakeFiles/leden.elf.dir/USB_DEVICE/App/usbd_desc.c.obj
                0x080067e8                USBD_FS_ProductStrDescriptor
 .text.USBD_FS_ManufacturerStrDescriptor
                0x0800680c       0x1c CMakeFiles/leden.elf.dir/USB_DEVICE/App/usbd_desc.c.obj
                0x0800680c                USBD_FS_ManufacturerStrDescriptor
 .text.USBD_FS_ConfigStrDescriptor
                0x08006828       0x24 CMakeFiles/leden.elf.dir/USB_DEVICE/App/usbd_desc.c.obj
                0x08006828                USBD_FS_ConfigStrDescriptor
 .text.USBD_FS_InterfaceStrDescriptor
                0x0800684c       0x24 CMakeFiles/leden.elf.dir/USB_DEVICE/App/usbd_desc.c.obj
                0x0800684c                USBD_FS_InterfaceStrDescriptor
 .text.USBD_Get_USB_Status
                0x08006870       0x14 CMakeFiles/leden.elf.dir/USB_DEVICE/Target/usbd_conf.c.obj
 .text.HAL_PCD_MspInit
                0x08006884       0x40 CMakeFiles/leden.elf.dir/USB_DEVICE/Target/usbd_conf.c.obj
                0x08006884                HAL_PCD_MspInit
 .text.HAL_PCD_SetupStageCallback
                0x080068c4       0x10 CMakeFiles/leden.elf.dir/USB_DEVICE/Target/usbd_conf.c.obj
                0x080068c4                HAL_PCD_SetupStageCallback
 .text.HAL_PCD_DataOutStageCallback
                0x080068d4       0x18 CMakeFiles/leden.elf.dir/USB_DEVICE/Target/usbd_conf.c.obj
                0x080068d4                HAL_PCD_DataOutStageCallback
 .text.HAL_PCD_DataInStageCallback
                0x080068ec       0x16 CMakeFiles/leden.elf.dir/USB_DEVICE/Target/usbd_conf.c.obj
                0x080068ec                HAL_PCD_DataInStageCallback
 .text.HAL_PCD_SOFCallback
                0x08006902        0xc CMakeFiles/leden.elf.dir/USB_DEVICE/Target/usbd_conf.c.obj
                0x08006902                HAL_PCD_SOFCallback
 .text.HAL_PCD_ResetCallback
                0x0800690e       0x24 CMakeFiles/leden.elf.dir/USB_DEVICE/Target/usbd_conf.c.obj
                0x0800690e                HAL_PCD_ResetCallback
 *fill*         0x08006932        0x2 
 .text.HAL_PCD_SuspendCallback
                0x08006934       0x20 CMakeFiles/leden.elf.dir/USB_DEVICE/Target/usbd_conf.c.obj
                0x08006934                HAL_PCD_SuspendCallback
 .text.HAL_PCD_ResumeCallback
                0x08006954        0xc CMakeFiles/leden.elf.dir/USB_DEVICE/Target/usbd_conf.c.obj
                0x08006954                HAL_PCD_ResumeCallback
 .text.USBD_LL_Init
                0x08006960       0x74 CMakeFiles/leden.elf.dir/USB_DEVICE/Target/usbd_conf.c.obj
                0x08006960                USBD_LL_Init
 .text.USBD_LL_Start
                0x080069d4       0x10 CMakeFiles/leden.elf.dir/USB_DEVICE/Target/usbd_conf.c.obj
                0x080069d4                USBD_LL_Start
 .text.USBD_LL_OpenEP
                0x080069e4       0x16 CMakeFiles/leden.elf.dir/USB_DEVICE/Target/usbd_conf.c.obj
                0x080069e4                USBD_LL_OpenEP
 .text.USBD_LL_CloseEP
                0x080069fa       0x10 CMakeFiles/leden.elf.dir/USB_DEVICE/Target/usbd_conf.c.obj
                0x080069fa                USBD_LL_CloseEP
 .text.USBD_LL_StallEP
                0x08006a0a       0x10 CMakeFiles/leden.elf.dir/USB_DEVICE/Target/usbd_conf.c.obj
                0x08006a0a                USBD_LL_StallEP
 .text.USBD_LL_ClearStallEP
                0x08006a1a       0x10 CMakeFiles/leden.elf.dir/USB_DEVICE/Target/usbd_conf.c.obj
                0x08006a1a                USBD_LL_ClearStallEP
 .text.USBD_LL_IsStallEP
                0x08006a2a       0x2e CMakeFiles/leden.elf.dir/USB_DEVICE/Target/usbd_conf.c.obj
                0x08006a2a                USBD_LL_IsStallEP
 .text.USBD_LL_SetUSBAddress
                0x08006a58       0x10 CMakeFiles/leden.elf.dir/USB_DEVICE/Target/usbd_conf.c.obj
                0x08006a58                USBD_LL_SetUSBAddress
 .text.USBD_LL_Transmit
                0x08006a68       0x10 CMakeFiles/leden.elf.dir/USB_DEVICE/Target/usbd_conf.c.obj
                0x08006a68                USBD_LL_Transmit
 .text.USBD_LL_PrepareReceive
                0x08006a78       0x10 CMakeFiles/leden.elf.dir/USB_DEVICE/Target/usbd_conf.c.obj
                0x08006a78                USBD_LL_PrepareReceive
 .text.USBD_LL_GetRxDataSize
                0x08006a88        0xc CMakeFiles/leden.elf.dir/USB_DEVICE/Target/usbd_conf.c.obj
                0x08006a88                USBD_LL_GetRxDataSize
 .text.USBD_static_malloc
                0x08006a94        0x8 CMakeFiles/leden.elf.dir/USB_DEVICE/Target/usbd_conf.c.obj
                0x08006a94                USBD_static_malloc
 .text.USBD_static_free
                0x08006a9c        0x2 CMakeFiles/leden.elf.dir/USB_DEVICE/Target/usbd_conf.c.obj
                0x08006a9c                USBD_static_free
 .text.HAL_PCDEx_SetConnectionState
                0x08006a9e        0x2 CMakeFiles/leden.elf.dir/USB_DEVICE/Target/usbd_conf.c.obj
                0x08006a9e                HAL_PCDEx_SetConnectionState
 .text.keyboard_menu_change
                0x08006aa0       0x2c CMakeFiles/leden.elf.dir/USER/Encoder/encoder_user.c.obj
 .text.encoder_init_user
                0x08006acc        0x8 CMakeFiles/leden.elf.dir/USER/Encoder/encoder_user.c.obj
                0x08006acc                encoder_init_user
 .text.encoder_callback
                0x08006ad4        0xc CMakeFiles/leden.elf.dir/USER/Encoder/encoder_user.c.obj
                0x08006ad4                encoder_callback
 .text.debounce_func
                0x08006ae0       0x5c CMakeFiles/leden.elf.dir/USER/Encoder/encoder_user.c.obj
                0x08006ae0                debounce_func
 .text.HAL_IncTick
                0x08006b3c       0x44 CMakeFiles/leden.elf.dir/USER/Encoder/encoder_user.c.obj
                0x08006b3c                HAL_IncTick
 .text.HAL_GetTick
                0x08006b80        0xc CMakeFiles/leden.elf.dir/USER/Encoder/encoder_user.c.obj
                0x08006b80                HAL_GetTick
 .text.ReadPhoto
                0x08006b8c       0x16 CMakeFiles/leden.elf.dir/USER/Flash/flash_user.c.obj
                0x08006b8c                ReadPhoto
 *fill*         0x08006ba2        0x2 
 .text.flash_init_user
                0x08006ba4       0x18 CMakeFiles/leden.elf.dir/USER/Flash/flash_user.c.obj
                0x08006ba4                flash_init_user
 .text.string_to_num_hex
                0x08006bbc       0x34 CMakeFiles/leden.elf.dir/USER/Json/jsmn_user.c.obj
 .text.num_to_string
                0x08006bf0       0x84 CMakeFiles/leden.elf.dir/USER/Json/jsmn_user.c.obj
 .text.parse_json_menu_func
                0x08006c74       0x64 CMakeFiles/leden.elf.dir/USER/Json/jsmn_user.c.obj
 .text.parse_json_media_func
                0x08006cd8       0x38 CMakeFiles/leden.elf.dir/USER/Json/jsmn_user.c.obj
 .text.parse_json_mouse_func
                0x08006d10       0x68 CMakeFiles/leden.elf.dir/USER/Json/jsmn_user.c.obj
 .text.hid_buff_set_send
                0x08006d78       0x6c CMakeFiles/leden.elf.dir/USER/Json/jsmn_user.c.obj
 .text.parse_json_compp_key
                0x08006de4       0x5c CMakeFiles/leden.elf.dir/USER/Json/jsmn_user.c.obj
 .text.parse_json_comp_key
                0x08006e40       0x34 CMakeFiles/leden.elf.dir/USER/Json/jsmn_user.c.obj
 .text.parse_json_normal_key
                0x08006e74       0x7c CMakeFiles/leden.elf.dir/USER/Json/jsmn_user.c.obj
 .text.get_execute_delay
                0x08006ef0       0x4c CMakeFiles/leden.elf.dir/USER/Json/jsmn_user.c.obj
 .text.parse_json_comp_delay_key
                0x08006f3c       0x84 CMakeFiles/leden.elf.dir/USER/Json/jsmn_user.c.obj
 .text.parse_json_delay_key
                0x08006fc0       0x4c CMakeFiles/leden.elf.dir/USER/Json/jsmn_user.c.obj
 .text.json_cmp
                0x0800700c       0x3c CMakeFiles/leden.elf.dir/USER/Json/jsmn_user.c.obj
 .text.parse_json_data
                0x08007048      0x118 CMakeFiles/leden.elf.dir/USER/Json/jsmn_user.c.obj
                0x08007048                parse_json_data
 .text.jsmn_init_user
                0x08007160       0x18 CMakeFiles/leden.elf.dir/USER/Json/jsmn_user.c.obj
                0x08007160                jsmn_init_user
 .text.parse_json_value
                0x08007178       0x44 CMakeFiles/leden.elf.dir/USER/Json/jsmn_user.c.obj
                0x08007178                parse_json_value
 .text.key_init_user
                0x080071bc        0x8 CMakeFiles/leden.elf.dir/USER/Key/key_user.c.obj
                0x080071bc                key_init_user
 .text.key_scan_user
                0x080071c4       0x10 CMakeFiles/leden.elf.dir/USER/Key/key_user.c.obj
                0x080071c4                key_scan_user
 .text.MK_on_keyup
                0x080071d4        0xe CMakeFiles/leden.elf.dir/USER/Key/key_user.c.obj
                0x080071d4                MK_on_keyup
 *fill*         0x080071e2        0x2 
 .text.MK_on_keydown
                0x080071e4       0x20 CMakeFiles/leden.elf.dir/USER/Key/key_user.c.obj
                0x080071e4                MK_on_keydown
 .text.load_menu_from_flash
                0x08007204       0x48 CMakeFiles/leden.elf.dir/USER/Oled/oled_user.c.obj
                0x08007204                load_menu_from_flash
 .text.OLED_ShowPicture
                0x0800724c       0x88 CMakeFiles/leden.elf.dir/USER/Oled/oled_user.c.obj
                0x0800724c                OLED_ShowPicture
 .text.load_show_menu
                0x080072d4       0x20 CMakeFiles/leden.elf.dir/USER/Oled/oled_user.c.obj
                0x080072d4                load_show_menu
 .text.oled_init_user
                0x080072f4       0x12 CMakeFiles/leden.elf.dir/USER/Oled/oled_user.c.obj
                0x080072f4                oled_init_user
 *fill*         0x08007306        0x2 
 .text.send_hid_code
                0x08007308       0x34 CMakeFiles/leden.elf.dir/USER/Usb/usb_user.c.obj
                0x08007308                send_hid_code
 .text.hid_buff_reset
                0x0800733c       0x60 CMakeFiles/leden.elf.dir/USER/Usb/usb_user.c.obj
                0x0800733c                hid_buff_reset
 .text.__errno  0x0800739c        0xc d:/ra/gcc-arm-none-eabi-10.3-2021.10-win32/gcc-arm-none-eabi-10.3-2021.10/bin/../lib/gcc/arm-none-eabi/10.3.1/../../../../arm-none-eabi/lib/thumb/v7-m/nofp\libg.a(lib_a-errno.o)
                0x0800739c                __errno
 .text.__libc_init_array
                0x080073a8       0x48 d:/ra/gcc-arm-none-eabi-10.3-2021.10-win32/gcc-arm-none-eabi-10.3-2021.10/bin/../lib/gcc/arm-none-eabi/10.3.1/../../../../arm-none-eabi/lib/thumb/v7-m/nofp\libg.a(lib_a-init.o)
                0x080073a8                __libc_init_array
 .text.memset   0x080073f0       0xa4 d:/ra/gcc-arm-none-eabi-10.3-2021.10-win32/gcc-arm-none-eabi-10.3-2021.10/bin/../lib/gcc/arm-none-eabi/10.3.1/../../../../arm-none-eabi/lib/thumb/v7-m/nofp\libg.a(lib_a-memset.o)
                0x080073f0                memset
 .text.printf   0x08007494       0x28 d:/ra/gcc-arm-none-eabi-10.3-2021.10-win32/gcc-arm-none-eabi-10.3-2021.10/bin/../lib/gcc/arm-none-eabi/10.3.1/../../../../arm-none-eabi/lib/thumb/v7-m/nofp\libg.a(lib_a-printf.o)
                0x08007494                printf
 .text._puts_r  0x080074bc       0x9c d:/ra/gcc-arm-none-eabi-10.3-2021.10-win32/gcc-arm-none-eabi-10.3-2021.10/bin/../lib/gcc/arm-none-eabi/10.3.1/../../../../arm-none-eabi/lib/thumb/v7-m/nofp\libg.a(lib_a-puts.o)
                0x080074bc                _puts_r
 .text.puts     0x08007558       0x10 d:/ra/gcc-arm-none-eabi-10.3-2021.10-win32/gcc-arm-none-eabi-10.3-2021.10/bin/../lib/gcc/arm-none-eabi/10.3.1/../../../../arm-none-eabi/lib/thumb/v7-m/nofp\libg.a(lib_a-puts.o)
                0x08007558                puts
 .text.setvbuf  0x08007568      0x1b0 d:/ra/gcc-arm-none-eabi-10.3-2021.10-win32/gcc-arm-none-eabi-10.3-2021.10/bin/../lib/gcc/arm-none-eabi/10.3.1/../../../../arm-none-eabi/lib/thumb/v7-m/nofp\libg.a(lib_a-setvbuf.o)
                0x08007568                setvbuf
 .text.sprintf  0x08007718       0x44 d:/ra/gcc-arm-none-eabi-10.3-2021.10-win32/gcc-arm-none-eabi-10.3-2021.10/bin/../lib/gcc/arm-none-eabi/10.3.1/../../../../arm-none-eabi/lib/thumb/v7-m/nofp\libg.a(lib_a-sprintf.o)
                0x08007718                sprintf
 .text.strcat   0x0800775c       0x40 d:/ra/gcc-arm-none-eabi-10.3-2021.10-win32/gcc-arm-none-eabi-10.3-2021.10/bin/../lib/gcc/arm-none-eabi/10.3.1/../../../../arm-none-eabi/lib/thumb/v7-m/nofp\libg.a(lib_a-strcat.o)
                0x0800775c                strcat
 .text.strcpy   0x0800779c       0xbc d:/ra/gcc-arm-none-eabi-10.3-2021.10-win32/gcc-arm-none-eabi-10.3-2021.10/bin/../lib/gcc/arm-none-eabi/10.3.1/../../../../arm-none-eabi/lib/thumb/v7-m/nofp\libg.a(lib_a-strcpy.o)
                0x0800779c                strcpy
 .text.strlen   0x08007858       0x5c d:/ra/gcc-arm-none-eabi-10.3-2021.10-win32/gcc-arm-none-eabi-10.3-2021.10/bin/../lib/gcc/arm-none-eabi/10.3.1/../../../../arm-none-eabi/lib/thumb/v7-m/nofp\libg.a(lib_a-strlen-stub.o)
                0x08007858                strlen
 .text.strncat  0x080078b4       0x5c d:/ra/gcc-arm-none-eabi-10.3-2021.10-win32/gcc-arm-none-eabi-10.3-2021.10/bin/../lib/gcc/arm-none-eabi/10.3.1/../../../../arm-none-eabi/lib/thumb/v7-m/nofp\libg.a(lib_a-strncat.o)
                0x080078b4                strncat
 .text.strncmp  0x08007910       0x7c d:/ra/gcc-arm-none-eabi-10.3-2021.10-win32/gcc-arm-none-eabi-10.3-2021.10/bin/../lib/gcc/arm-none-eabi/10.3.1/../../../../arm-none-eabi/lib/thumb/v7-m/nofp\libg.a(lib_a-strncmp.o)
                0x08007910                strncmp
 .text._svfprintf_r
                0x0800798c     0x1aa4 d:/ra/gcc-arm-none-eabi-10.3-2021.10-win32/gcc-arm-none-eabi-10.3-2021.10/bin/../lib/gcc/arm-none-eabi/10.3.1/../../../../arm-none-eabi/lib/thumb/v7-m/nofp\libg.a(lib_a-svfprintf.o)
                0x0800798c                _svfprintf_r
 .text._vfprintf_r
                0x08009430     0x1b58 d:/ra/gcc-arm-none-eabi-10.3-2021.10-win32/gcc-arm-none-eabi-10.3-2021.10/bin/../lib/gcc/arm-none-eabi/10.3.1/../../../../arm-none-eabi/lib/thumb/v7-m/nofp\libg.a(lib_a-vfprintf.o)
                0x08009430                _vfprintf_r
 .text.__sbprintf
                0x0800af88       0x84 d:/ra/gcc-arm-none-eabi-10.3-2021.10-win32/gcc-arm-none-eabi-10.3-2021.10/bin/../lib/gcc/arm-none-eabi/10.3.1/../../../../arm-none-eabi/lib/thumb/v7-m/nofp\libg.a(lib_a-vfprintf.o)
 .text.__swsetup_r
                0x0800b00c       0xd4 d:/ra/gcc-arm-none-eabi-10.3-2021.10-win32/gcc-arm-none-eabi-10.3-2021.10/bin/../lib/gcc/arm-none-eabi/10.3.1/../../../../arm-none-eabi/lib/thumb/v7-m/nofp\libg.a(lib_a-wsetup.o)
                0x0800b00c                __swsetup_r
 .text.startup.register_fini
                0x0800b0e0       0x14 d:/ra/gcc-arm-none-eabi-10.3-2021.10-win32/gcc-arm-none-eabi-10.3-2021.10/bin/../lib/gcc/arm-none-eabi/10.3.1/../../../../arm-none-eabi/lib/thumb/v7-m/nofp\libg.a(lib_a-__call_atexit.o)
 .text.atexit   0x0800b0f4        0xc d:/ra/gcc-arm-none-eabi-10.3-2021.10-win32/gcc-arm-none-eabi-10.3-2021.10/bin/../lib/gcc/arm-none-eabi/10.3.1/../../../../arm-none-eabi/lib/thumb/v7-m/nofp\libg.a(lib_a-atexit.o)
                0x0800b0f4                atexit
 .text.quorem   0x0800b100      0x12c d:/ra/gcc-arm-none-eabi-10.3-2021.10-win32/gcc-arm-none-eabi-10.3-2021.10/bin/../lib/gcc/arm-none-eabi/10.3.1/../../../../arm-none-eabi/lib/thumb/v7-m/nofp\libg.a(lib_a-dtoa.o)
 *fill*         0x0800b22c        0x4 
 .text._dtoa_r  0x0800b230      0xecc d:/ra/gcc-arm-none-eabi-10.3-2021.10-win32/gcc-arm-none-eabi-10.3-2021.10/bin/../lib/gcc/arm-none-eabi/10.3.1/../../../../arm-none-eabi/lib/thumb/v7-m/nofp\libg.a(lib_a-dtoa.o)
                0x0800b230                _dtoa_r
 .text.__sflush_r
                0x0800c0fc      0x124 d:/ra/gcc-arm-none-eabi-10.3-2021.10-win32/gcc-arm-none-eabi-10.3-2021.10/bin/../lib/gcc/arm-none-eabi/10.3.1/../../../../arm-none-eabi/lib/thumb/v7-m/nofp\libg.a(lib_a-fflush.o)
                0x0800c0fc                __sflush_r
 .text._fflush_r
                0x0800c220       0x5c d:/ra/gcc-arm-none-eabi-10.3-2021.10-win32/gcc-arm-none-eabi-10.3-2021.10/bin/../lib/gcc/arm-none-eabi/10.3.1/../../../../arm-none-eabi/lib/thumb/v7-m/nofp\libg.a(lib_a-fflush.o)
                0x0800c220                _fflush_r
 .text._cleanup_r
                0x0800c27c        0xc d:/ra/gcc-arm-none-eabi-10.3-2021.10-win32/gcc-arm-none-eabi-10.3-2021.10/bin/../lib/gcc/arm-none-eabi/10.3.1/../../../../arm-none-eabi/lib/thumb/v7-m/nofp\libg.a(lib_a-findfp.o)
                0x0800c27c                _cleanup_r
 .text.__sinit  0x0800c288      0x10c d:/ra/gcc-arm-none-eabi-10.3-2021.10-win32/gcc-arm-none-eabi-10.3-2021.10/bin/../lib/gcc/arm-none-eabi/10.3.1/../../../../arm-none-eabi/lib/thumb/v7-m/nofp\libg.a(lib_a-findfp.o)
                0x0800c288                __sinit
 .text.__sfp_lock_acquire
                0x0800c394        0xc d:/ra/gcc-arm-none-eabi-10.3-2021.10-win32/gcc-arm-none-eabi-10.3-2021.10/bin/../lib/gcc/arm-none-eabi/10.3.1/../../../../arm-none-eabi/lib/thumb/v7-m/nofp\libg.a(lib_a-findfp.o)
                0x0800c394                __sfp_lock_acquire
 .text.__sfp_lock_release
                0x0800c3a0        0xc d:/ra/gcc-arm-none-eabi-10.3-2021.10-win32/gcc-arm-none-eabi-10.3-2021.10/bin/../lib/gcc/arm-none-eabi/10.3.1/../../../../arm-none-eabi/lib/thumb/v7-m/nofp\libg.a(lib_a-findfp.o)
                0x0800c3a0                __sfp_lock_release
 .text.__libc_fini_array
                0x0800c3ac       0x2c d:/ra/gcc-arm-none-eabi-10.3-2021.10-win32/gcc-arm-none-eabi-10.3-2021.10/bin/../lib/gcc/arm-none-eabi/10.3.1/../../../../arm-none-eabi/lib/thumb/v7-m/nofp\libg.a(lib_a-fini.o)
                0x0800c3ac                __libc_fini_array
 .text._malloc_trim_r
                0x0800c3d8       0xa0 d:/ra/gcc-arm-none-eabi-10.3-2021.10-win32/gcc-arm-none-eabi-10.3-2021.10/bin/../lib/gcc/arm-none-eabi/10.3.1/../../../../arm-none-eabi/lib/thumb/v7-m/nofp\libg.a(lib_a-freer.o)
                0x0800c3d8                _malloc_trim_r
 .text._free_r  0x0800c478      0x200 d:/ra/gcc-arm-none-eabi-10.3-2021.10-win32/gcc-arm-none-eabi-10.3-2021.10/bin/../lib/gcc/arm-none-eabi/10.3.1/../../../../arm-none-eabi/lib/thumb/v7-m/nofp\libg.a(lib_a-freer.o)
                0x0800c478                _free_r
 .text.__sfvwrite_r
                0x0800c678      0x2f0 d:/ra/gcc-arm-none-eabi-10.3-2021.10-win32/gcc-arm-none-eabi-10.3-2021.10/bin/../lib/gcc/arm-none-eabi/10.3.1/../../../../arm-none-eabi/lib/thumb/v7-m/nofp\libg.a(lib_a-fvwrite.o)
                0x0800c678                __sfvwrite_r
 .text._fwalk_reent
                0x0800c968       0x48 d:/ra/gcc-arm-none-eabi-10.3-2021.10-win32/gcc-arm-none-eabi-10.3-2021.10/bin/../lib/gcc/arm-none-eabi/10.3.1/../../../../arm-none-eabi/lib/thumb/v7-m/nofp\libg.a(lib_a-fwalk.o)
                0x0800c968                _fwalk_reent
 .text._localeconv_r
                0x0800c9b0        0x8 d:/ra/gcc-arm-none-eabi-10.3-2021.10-win32/gcc-arm-none-eabi-10.3-2021.10/bin/../lib/gcc/arm-none-eabi/10.3.1/../../../../arm-none-eabi/lib/thumb/v7-m/nofp\libg.a(lib_a-localeconv.o)
                0x0800c9b0                _localeconv_r
 .text.__retarget_lock_init_recursive
                0x0800c9b8        0x4 d:/ra/gcc-arm-none-eabi-10.3-2021.10-win32/gcc-arm-none-eabi-10.3-2021.10/bin/../lib/gcc/arm-none-eabi/10.3.1/../../../../arm-none-eabi/lib/thumb/v7-m/nofp\libg.a(lib_a-lock.o)
                0x0800c9b8                __retarget_lock_init_recursive
 .text.__retarget_lock_close_recursive
                0x0800c9bc        0x4 d:/ra/gcc-arm-none-eabi-10.3-2021.10-win32/gcc-arm-none-eabi-10.3-2021.10/bin/../lib/gcc/arm-none-eabi/10.3.1/../../../../arm-none-eabi/lib/thumb/v7-m/nofp\libg.a(lib_a-lock.o)
                0x0800c9bc                __retarget_lock_close_recursive
 .text.__retarget_lock_acquire_recursive
                0x0800c9c0        0x4 d:/ra/gcc-arm-none-eabi-10.3-2021.10-win32/gcc-arm-none-eabi-10.3-2021.10/bin/../lib/gcc/arm-none-eabi/10.3.1/../../../../arm-none-eabi/lib/thumb/v7-m/nofp\libg.a(lib_a-lock.o)
                0x0800c9c0                __retarget_lock_acquire_recursive
 .text.__retarget_lock_release_recursive
                0x0800c9c4        0x4 d:/ra/gcc-arm-none-eabi-10.3-2021.10-win32/gcc-arm-none-eabi-10.3-2021.10/bin/../lib/gcc/arm-none-eabi/10.3.1/../../../../arm-none-eabi/lib/thumb/v7-m/nofp\libg.a(lib_a-lock.o)
                0x0800c9c4                __retarget_lock_release_recursive
 .text.__smakebuf_r
                0x0800c9c8       0xe0 d:/ra/gcc-arm-none-eabi-10.3-2021.10-win32/gcc-arm-none-eabi-10.3-2021.10/bin/../lib/gcc/arm-none-eabi/10.3.1/../../../../arm-none-eabi/lib/thumb/v7-m/nofp\libg.a(lib_a-makebuf.o)
                0x0800c9c8                __smakebuf_r
 .text.__swhatbuf_r
                0x0800caa8       0x60 d:/ra/gcc-arm-none-eabi-10.3-2021.10-win32/gcc-arm-none-eabi-10.3-2021.10/bin/../lib/gcc/arm-none-eabi/10.3.1/../../../../arm-none-eabi/lib/thumb/v7-m/nofp\libg.a(lib_a-makebuf.o)
                0x0800caa8                __swhatbuf_r
 .text.malloc   0x0800cb08       0x10 d:/ra/gcc-arm-none-eabi-10.3-2021.10-win32/gcc-arm-none-eabi-10.3-2021.10/bin/../lib/gcc/arm-none-eabi/10.3.1/../../../../arm-none-eabi/lib/thumb/v7-m/nofp\libg.a(lib_a-malloc.o)
                0x0800cb08                malloc
 .text._malloc_r
                0x0800cb18      0x558 d:/ra/gcc-arm-none-eabi-10.3-2021.10-win32/gcc-arm-none-eabi-10.3-2021.10/bin/../lib/gcc/arm-none-eabi/10.3.1/../../../../arm-none-eabi/lib/thumb/v7-m/nofp\libg.a(lib_a-mallocr.o)
                0x0800cb18                _malloc_r
 .text.memchr   0x0800d070       0x90 d:/ra/gcc-arm-none-eabi-10.3-2021.10-win32/gcc-arm-none-eabi-10.3-2021.10/bin/../lib/gcc/arm-none-eabi/10.3.1/../../../../arm-none-eabi/lib/thumb/v7-m/nofp\libg.a(lib_a-memchr-stub.o)
                0x0800d070                memchr
 .text.memmove  0x0800d100       0xf8 d:/ra/gcc-arm-none-eabi-10.3-2021.10-win32/gcc-arm-none-eabi-10.3-2021.10/bin/../lib/gcc/arm-none-eabi/10.3.1/../../../../arm-none-eabi/lib/thumb/v7-m/nofp\libg.a(lib_a-memmove.o)
                0x0800d100                memmove
 .text.__malloc_lock
                0x0800d1f8        0xc d:/ra/gcc-arm-none-eabi-10.3-2021.10-win32/gcc-arm-none-eabi-10.3-2021.10/bin/../lib/gcc/arm-none-eabi/10.3.1/../../../../arm-none-eabi/lib/thumb/v7-m/nofp\libg.a(lib_a-mlock.o)
                0x0800d1f8                __malloc_lock
 .text.__malloc_unlock
                0x0800d204        0xc d:/ra/gcc-arm-none-eabi-10.3-2021.10-win32/gcc-arm-none-eabi-10.3-2021.10/bin/../lib/gcc/arm-none-eabi/10.3.1/../../../../arm-none-eabi/lib/thumb/v7-m/nofp\libg.a(lib_a-mlock.o)
                0x0800d204                __malloc_unlock
 .text._Balloc  0x0800d210       0x4c d:/ra/gcc-arm-none-eabi-10.3-2021.10-win32/gcc-arm-none-eabi-10.3-2021.10/bin/../lib/gcc/arm-none-eabi/10.3.1/../../../../arm-none-eabi/lib/thumb/v7-m/nofp\libg.a(lib_a-mprec.o)
                0x0800d210                _Balloc
 .text._Bfree   0x0800d25c       0x14 d:/ra/gcc-arm-none-eabi-10.3-2021.10-win32/gcc-arm-none-eabi-10.3-2021.10/bin/../lib/gcc/arm-none-eabi/10.3.1/../../../../arm-none-eabi/lib/thumb/v7-m/nofp\libg.a(lib_a-mprec.o)
                0x0800d25c                _Bfree
 .text.__multadd
                0x0800d270       0xa4 d:/ra/gcc-arm-none-eabi-10.3-2021.10-win32/gcc-arm-none-eabi-10.3-2021.10/bin/../lib/gcc/arm-none-eabi/10.3.1/../../../../arm-none-eabi/lib/thumb/v7-m/nofp\libg.a(lib_a-mprec.o)
                0x0800d270                __multadd
 .text.__hi0bits
                0x0800d314       0x40 d:/ra/gcc-arm-none-eabi-10.3-2021.10-win32/gcc-arm-none-eabi-10.3-2021.10/bin/../lib/gcc/arm-none-eabi/10.3.1/../../../../arm-none-eabi/lib/thumb/v7-m/nofp\libg.a(lib_a-mprec.o)
                0x0800d314                __hi0bits
 .text.__lo0bits
                0x0800d354       0x58 d:/ra/gcc-arm-none-eabi-10.3-2021.10-win32/gcc-arm-none-eabi-10.3-2021.10/bin/../lib/gcc/arm-none-eabi/10.3.1/../../../../arm-none-eabi/lib/thumb/v7-m/nofp\libg.a(lib_a-mprec.o)
                0x0800d354                __lo0bits
 .text.__i2b    0x0800d3ac       0x5c d:/ra/gcc-arm-none-eabi-10.3-2021.10-win32/gcc-arm-none-eabi-10.3-2021.10/bin/../lib/gcc/arm-none-eabi/10.3.1/../../../../arm-none-eabi/lib/thumb/v7-m/nofp\libg.a(lib_a-mprec.o)
                0x0800d3ac                __i2b
 .text.__multiply
                0x0800d408      0x15c d:/ra/gcc-arm-none-eabi-10.3-2021.10-win32/gcc-arm-none-eabi-10.3-2021.10/bin/../lib/gcc/arm-none-eabi/10.3.1/../../../../arm-none-eabi/lib/thumb/v7-m/nofp\libg.a(lib_a-mprec.o)
                0x0800d408                __multiply
 .text.__pow5mult
                0x0800d564       0xb8 d:/ra/gcc-arm-none-eabi-10.3-2021.10-win32/gcc-arm-none-eabi-10.3-2021.10/bin/../lib/gcc/arm-none-eabi/10.3.1/../../../../arm-none-eabi/lib/thumb/v7-m/nofp\libg.a(lib_a-mprec.o)
                0x0800d564                __pow5mult
 .text.__lshift
                0x0800d61c       0xec d:/ra/gcc-arm-none-eabi-10.3-2021.10-win32/gcc-arm-none-eabi-10.3-2021.10/bin/../lib/gcc/arm-none-eabi/10.3.1/../../../../arm-none-eabi/lib/thumb/v7-m/nofp\libg.a(lib_a-mprec.o)
                0x0800d61c                __lshift
 .text.__mcmp   0x0800d708       0x40 d:/ra/gcc-arm-none-eabi-10.3-2021.10-win32/gcc-arm-none-eabi-10.3-2021.10/bin/../lib/gcc/arm-none-eabi/10.3.1/../../../../arm-none-eabi/lib/thumb/v7-m/nofp\libg.a(lib_a-mprec.o)
                0x0800d708                __mcmp
 .text.__mdiff  0x0800d748      0x14c d:/ra/gcc-arm-none-eabi-10.3-2021.10-win32/gcc-arm-none-eabi-10.3-2021.10/bin/../lib/gcc/arm-none-eabi/10.3.1/../../../../arm-none-eabi/lib/thumb/v7-m/nofp\libg.a(lib_a-mprec.o)
                0x0800d748                __mdiff
 .text.__d2b    0x0800d894       0xc4 d:/ra/gcc-arm-none-eabi-10.3-2021.10-win32/gcc-arm-none-eabi-10.3-2021.10/bin/../lib/gcc/arm-none-eabi/10.3.1/../../../../arm-none-eabi/lib/thumb/v7-m/nofp\libg.a(lib_a-mprec.o)
                0x0800d894                __d2b
 .text._realloc_r
                0x0800d958      0x3dc d:/ra/gcc-arm-none-eabi-10.3-2021.10-win32/gcc-arm-none-eabi-10.3-2021.10/bin/../lib/gcc/arm-none-eabi/10.3.1/../../../../arm-none-eabi/lib/thumb/v7-m/nofp\libg.a(lib_a-reallocr.o)
                0x0800d958                _realloc_r
 .text.frexp    0x0800dd34       0x70 d:/ra/gcc-arm-none-eabi-10.3-2021.10-win32/gcc-arm-none-eabi-10.3-2021.10/bin/../lib/gcc/arm-none-eabi/10.3.1/../../../../arm-none-eabi/lib/thumb/v7-m/nofp\libg.a(lib_a-s_frexp.o)
                0x0800dd34                frexp
 .text._sbrk_r  0x0800dda4       0x24 d:/ra/gcc-arm-none-eabi-10.3-2021.10-win32/gcc-arm-none-eabi-10.3-2021.10/bin/../lib/gcc/arm-none-eabi/10.3.1/../../../../arm-none-eabi/lib/thumb/v7-m/nofp\libg.a(lib_a-sbrkr.o)
                0x0800dda4                _sbrk_r
 .text.__sread  0x0800ddc8       0x24 d:/ra/gcc-arm-none-eabi-10.3-2021.10-win32/gcc-arm-none-eabi-10.3-2021.10/bin/../lib/gcc/arm-none-eabi/10.3.1/../../../../arm-none-eabi/lib/thumb/v7-m/nofp\libg.a(lib_a-stdio.o)
                0x0800ddc8                __sread
 .text.__swrite
                0x0800ddec       0x40 d:/ra/gcc-arm-none-eabi-10.3-2021.10-win32/gcc-arm-none-eabi-10.3-2021.10/bin/../lib/gcc/arm-none-eabi/10.3.1/../../../../arm-none-eabi/lib/thumb/v7-m/nofp\libg.a(lib_a-stdio.o)
                0x0800ddec                __swrite
 .text.__sseek  0x0800de2c       0x20 d:/ra/gcc-arm-none-eabi-10.3-2021.10-win32/gcc-arm-none-eabi-10.3-2021.10/bin/../lib/gcc/arm-none-eabi/10.3.1/../../../../arm-none-eabi/lib/thumb/v7-m/nofp\libg.a(lib_a-stdio.o)
                0x0800de2c                __sseek
 .text.__sclose
                0x0800de4c        0x8 d:/ra/gcc-arm-none-eabi-10.3-2021.10-win32/gcc-arm-none-eabi-10.3-2021.10/bin/../lib/gcc/arm-none-eabi/10.3.1/../../../../arm-none-eabi/lib/thumb/v7-m/nofp\libg.a(lib_a-stdio.o)
                0x0800de4c                __sclose
 .text.strncpy  0x0800de54       0x68 d:/ra/gcc-arm-none-eabi-10.3-2021.10-win32/gcc-arm-none-eabi-10.3-2021.10/bin/../lib/gcc/arm-none-eabi/10.3.1/../../../../arm-none-eabi/lib/thumb/v7-m/nofp\libg.a(lib_a-strncpy.o)
                0x0800de54                strncpy
 .text.__ssprint_r
                0x0800debc       0xfc d:/ra/gcc-arm-none-eabi-10.3-2021.10-win32/gcc-arm-none-eabi-10.3-2021.10/bin/../lib/gcc/arm-none-eabi/10.3.1/../../../../arm-none-eabi/lib/thumb/v7-m/nofp\libg.a(lib_a-svfiprintf.o)
                0x0800debc                __ssprint_r
 .text.__sprint_r.part.0
                0x0800dfb8       0x78 d:/ra/gcc-arm-none-eabi-10.3-2021.10-win32/gcc-arm-none-eabi-10.3-2021.10/bin/../lib/gcc/arm-none-eabi/10.3.1/../../../../arm-none-eabi/lib/thumb/v7-m/nofp\libg.a(lib_a-vfiprintf.o)
 .text.__sprint_r
                0x0800e030       0x14 d:/ra/gcc-arm-none-eabi-10.3-2021.10-win32/gcc-arm-none-eabi-10.3-2021.10/bin/../lib/gcc/arm-none-eabi/10.3.1/../../../../arm-none-eabi/lib/thumb/v7-m/nofp\libg.a(lib_a-vfiprintf.o)
                0x0800e030                __sprint_r
 .text._vfiprintf_r
                0x0800e044      0xd98 d:/ra/gcc-arm-none-eabi-10.3-2021.10-win32/gcc-arm-none-eabi-10.3-2021.10/bin/../lib/gcc/arm-none-eabi/10.3.1/../../../../arm-none-eabi/lib/thumb/v7-m/nofp\libg.a(lib_a-vfiprintf.o)
                0x0800e044                _vfiprintf_r
 .text.__sbprintf
                0x0800eddc       0x84 d:/ra/gcc-arm-none-eabi-10.3-2021.10-win32/gcc-arm-none-eabi-10.3-2021.10/bin/../lib/gcc/arm-none-eabi/10.3.1/../../../../arm-none-eabi/lib/thumb/v7-m/nofp\libg.a(lib_a-vfiprintf.o)
 .text._write_r
                0x0800ee60       0x2c d:/ra/gcc-arm-none-eabi-10.3-2021.10-win32/gcc-arm-none-eabi-10.3-2021.10/bin/../lib/gcc/arm-none-eabi/10.3.1/../../../../arm-none-eabi/lib/thumb/v7-m/nofp\libg.a(lib_a-writer.o)
                0x0800ee60                _write_r
 .text.__register_exitproc
                0x0800ee8c       0x8c d:/ra/gcc-arm-none-eabi-10.3-2021.10-win32/gcc-arm-none-eabi-10.3-2021.10/bin/../lib/gcc/arm-none-eabi/10.3.1/../../../../arm-none-eabi/lib/thumb/v7-m/nofp\libg.a(lib_a-__atexit.o)
                0x0800ee8c                __register_exitproc
 .text.__assert_func
                0x0800ef18       0x40 d:/ra/gcc-arm-none-eabi-10.3-2021.10-win32/gcc-arm-none-eabi-10.3-2021.10/bin/../lib/gcc/arm-none-eabi/10.3.1/../../../../arm-none-eabi/lib/thumb/v7-m/nofp\libg.a(lib_a-assert.o)
                0x0800ef18                __assert_func
 .text._calloc_r
                0x0800ef58       0x78 d:/ra/gcc-arm-none-eabi-10.3-2021.10-win32/gcc-arm-none-eabi-10.3-2021.10/bin/../lib/gcc/arm-none-eabi/10.3.1/../../../../arm-none-eabi/lib/thumb/v7-m/nofp\libg.a(lib_a-callocr.o)
                0x0800ef58                _calloc_r
 .text._close_r
                0x0800efd0       0x24 d:/ra/gcc-arm-none-eabi-10.3-2021.10-win32/gcc-arm-none-eabi-10.3-2021.10/bin/../lib/gcc/arm-none-eabi/10.3.1/../../../../arm-none-eabi/lib/thumb/v7-m/nofp\libg.a(lib_a-closer.o)
                0x0800efd0                _close_r
 .text._fclose_r
                0x0800eff4       0xcc d:/ra/gcc-arm-none-eabi-10.3-2021.10-win32/gcc-arm-none-eabi-10.3-2021.10/bin/../lib/gcc/arm-none-eabi/10.3.1/../../../../arm-none-eabi/lib/thumb/v7-m/nofp\libg.a(lib_a-fclose.o)
                0x0800eff4                _fclose_r
 .text.fiprintf
                0x0800f0c0       0x28 d:/ra/gcc-arm-none-eabi-10.3-2021.10-win32/gcc-arm-none-eabi-10.3-2021.10/bin/../lib/gcc/arm-none-eabi/10.3.1/../../../../arm-none-eabi/lib/thumb/v7-m/nofp\libg.a(lib_a-fiprintf.o)
                0x0800f0c0                fiprintf
 .text.__fputwc
                0x0800f0e8       0xa0 d:/ra/gcc-arm-none-eabi-10.3-2021.10-win32/gcc-arm-none-eabi-10.3-2021.10/bin/../lib/gcc/arm-none-eabi/10.3.1/../../../../arm-none-eabi/lib/thumb/v7-m/nofp\libg.a(lib_a-fputwc.o)
                0x0800f0e8                __fputwc
 .text._fputwc_r
                0x0800f188       0x68 d:/ra/gcc-arm-none-eabi-10.3-2021.10-win32/gcc-arm-none-eabi-10.3-2021.10/bin/../lib/gcc/arm-none-eabi/10.3.1/../../../../arm-none-eabi/lib/thumb/v7-m/nofp\libg.a(lib_a-fputwc.o)
                0x0800f188                _fputwc_r
 .text._fstat_r
                0x0800f1f0       0x28 d:/ra/gcc-arm-none-eabi-10.3-2021.10-win32/gcc-arm-none-eabi-10.3-2021.10/bin/../lib/gcc/arm-none-eabi/10.3.1/../../../../arm-none-eabi/lib/thumb/v7-m/nofp\libg.a(lib_a-fstatr.o)
                0x0800f1f0                _fstat_r
 .text._isatty_r
                0x0800f218       0x24 d:/ra/gcc-arm-none-eabi-10.3-2021.10-win32/gcc-arm-none-eabi-10.3-2021.10/bin/../lib/gcc/arm-none-eabi/10.3.1/../../../../arm-none-eabi/lib/thumb/v7-m/nofp\libg.a(lib_a-isattyr.o)
                0x0800f218                _isatty_r
 .text.__locale_mb_cur_max
                0x0800f23c        0xc d:/ra/gcc-arm-none-eabi-10.3-2021.10-win32/gcc-arm-none-eabi-10.3-2021.10/bin/../lib/gcc/arm-none-eabi/10.3.1/../../../../arm-none-eabi/lib/thumb/v7-m/nofp\libg.a(lib_a-locale.o)
                0x0800f23c                __locale_mb_cur_max
 .text._lseek_r
                0x0800f248       0x2c d:/ra/gcc-arm-none-eabi-10.3-2021.10-win32/gcc-arm-none-eabi-10.3-2021.10/bin/../lib/gcc/arm-none-eabi/10.3.1/../../../../arm-none-eabi/lib/thumb/v7-m/nofp\libg.a(lib_a-lseekr.o)
                0x0800f248                _lseek_r
 .text.__ascii_mbtowc
                0x0800f274       0x2c d:/ra/gcc-arm-none-eabi-10.3-2021.10-win32/gcc-arm-none-eabi-10.3-2021.10/bin/../lib/gcc/arm-none-eabi/10.3.1/../../../../arm-none-eabi/lib/thumb/v7-m/nofp\libg.a(lib_a-mbtowc_r.o)
                0x0800f274                __ascii_mbtowc
 .text._read_r  0x0800f2a0       0x2c d:/ra/gcc-arm-none-eabi-10.3-2021.10-win32/gcc-arm-none-eabi-10.3-2021.10/bin/../lib/gcc/arm-none-eabi/10.3.1/../../../../arm-none-eabi/lib/thumb/v7-m/nofp\libg.a(lib_a-readr.o)
                0x0800f2a0                _read_r
 .text.__swbuf_r
                0x0800f2cc       0xb0 d:/ra/gcc-arm-none-eabi-10.3-2021.10-win32/gcc-arm-none-eabi-10.3-2021.10/bin/../lib/gcc/arm-none-eabi/10.3.1/../../../../arm-none-eabi/lib/thumb/v7-m/nofp\libg.a(lib_a-wbuf.o)
                0x0800f2cc                __swbuf_r
 .text._wcrtomb_r
                0x0800f37c       0x3c d:/ra/gcc-arm-none-eabi-10.3-2021.10-win32/gcc-arm-none-eabi-10.3-2021.10/bin/../lib/gcc/arm-none-eabi/10.3.1/../../../../arm-none-eabi/lib/thumb/v7-m/nofp\libg.a(lib_a-wcrtomb.o)
                0x0800f37c                _wcrtomb_r
 .text.__ascii_wctomb
                0x0800f3b8       0x1c d:/ra/gcc-arm-none-eabi-10.3-2021.10-win32/gcc-arm-none-eabi-10.3-2021.10/bin/../lib/gcc/arm-none-eabi/10.3.1/../../../../arm-none-eabi/lib/thumb/v7-m/nofp\libg.a(lib_a-wctomb_r.o)
                0x0800f3b8                __ascii_wctomb
 .text.abort    0x0800f3d4       0x10 d:/ra/gcc-arm-none-eabi-10.3-2021.10-win32/gcc-arm-none-eabi-10.3-2021.10/bin/../lib/gcc/arm-none-eabi/10.3.1/../../../../arm-none-eabi/lib/thumb/v7-m/nofp\libg.a(lib_a-abort.o)
                0x0800f3d4                abort
 .text.raise    0x0800f3e4       0x5c d:/ra/gcc-arm-none-eabi-10.3-2021.10-win32/gcc-arm-none-eabi-10.3-2021.10/bin/../lib/gcc/arm-none-eabi/10.3.1/../../../../arm-none-eabi/lib/thumb/v7-m/nofp\libg.a(lib_a-signal.o)
                0x0800f3e4                raise
 .text._kill_r  0x0800f440       0x28 d:/ra/gcc-arm-none-eabi-10.3-2021.10-win32/gcc-arm-none-eabi-10.3-2021.10/bin/../lib/gcc/arm-none-eabi/10.3.1/../../../../arm-none-eabi/lib/thumb/v7-m/nofp\libg.a(lib_a-signalr.o)
                0x0800f440                _kill_r
 .text._getpid_r
                0x0800f468        0x4 d:/ra/gcc-arm-none-eabi-10.3-2021.10-win32/gcc-arm-none-eabi-10.3-2021.10/bin/../lib/gcc/arm-none-eabi/10.3.1/../../../../arm-none-eabi/lib/thumb/v7-m/nofp\libg.a(lib_a-signalr.o)
                0x0800f468                _getpid_r
 *(.glue_7)
 .glue_7        0x0800f46c        0x0 linker stubs
 *(.glue_7t)
 .glue_7t       0x0800f46c        0x0 linker stubs
 *(.eh_frame)
 .eh_frame      0x0800f46c        0x0 d:/ra/gcc-arm-none-eabi-10.3-2021.10-win32/gcc-arm-none-eabi-10.3-2021.10/bin/../lib/gcc/arm-none-eabi/10.3.1/thumb/v7-m/nofp/crtbegin.o
 *(.init)
 .init          0x0800f46c        0x4 d:/ra/gcc-arm-none-eabi-10.3-2021.10-win32/gcc-arm-none-eabi-10.3-2021.10/bin/../lib/gcc/arm-none-eabi/10.3.1/thumb/v7-m/nofp/crti.o
                0x0800f46c                _init
 .init          0x0800f470        0x8 d:/ra/gcc-arm-none-eabi-10.3-2021.10-win32/gcc-arm-none-eabi-10.3-2021.10/bin/../lib/gcc/arm-none-eabi/10.3.1/thumb/v7-m/nofp/crtn.o
 *(.fini)
 .fini          0x0800f478        0x4 d:/ra/gcc-arm-none-eabi-10.3-2021.10-win32/gcc-arm-none-eabi-10.3-2021.10/bin/../lib/gcc/arm-none-eabi/10.3.1/thumb/v7-m/nofp/crti.o
                0x0800f478                _fini
 .fini          0x0800f47c        0x8 d:/ra/gcc-arm-none-eabi-10.3-2021.10-win32/gcc-arm-none-eabi-10.3-2021.10/bin/../lib/gcc/arm-none-eabi/10.3.1/thumb/v7-m/nofp/crtn.o
                0x0800f484                . = ALIGN (0x4)
                0x0800f484                _etext = .

.vfp11_veneer   0x0800f484        0x0
 .vfp11_veneer  0x0800f484        0x0 linker stubs

.v4_bx          0x0800f484        0x0
 .v4_bx         0x0800f484        0x0 linker stubs

.iplt           0x0800f484        0x0
 .iplt          0x0800f484        0x0 d:/ra/gcc-arm-none-eabi-10.3-2021.10-win32/gcc-arm-none-eabi-10.3-2021.10/bin/../lib/gcc/arm-none-eabi/10.3.1/thumb/v7-m/nofp/crtbegin.o

.rodata         0x0800f488      0x7b0
                0x0800f488                . = ALIGN (0x4)
 *(.rodata)
 .rodata        0x0800f488        0x3 CMakeFiles/leden.elf.dir/USER/Json/jsmn_user.c.obj
 *(.rodata*)
 *fill*         0x0800f48b        0x1 
 .rodata.AHBPrescTable
                0x0800f48c       0x10 CMakeFiles/leden.elf.dir/Core/Src/system_stm32f1xx.c.obj
                0x0800f48c                AHBPrescTable
 .rodata.APBPrescTable
                0x0800f49c        0x8 CMakeFiles/leden.elf.dir/Core/Src/system_stm32f1xx.c.obj
                0x0800f49c                APBPrescTable
 .rodata.aPLLMULFactorTable.1
                0x0800f4a4       0x10 CMakeFiles/leden.elf.dir/Drivers/STM32F1xx_HAL_Driver/Src/stm32f1xx_hal_rcc.c.obj
 .rodata.aPredivFactorTable.0
                0x0800f4b4        0x2 CMakeFiles/leden.elf.dir/Drivers/STM32F1xx_HAL_Driver/Src/stm32f1xx_hal_rcc.c.obj
 *fill*         0x0800f4b6        0x2 
 .rodata.oled_42_cs_pins
                0x0800f4b8       0xa0 CMakeFiles/leden.elf.dir/OLED_42/oled.c.obj
 .rodata.oled_92_cs_pins
                0x0800f558       0x28 CMakeFiles/leden.elf.dir/OLED_96/oled_96.c.obj
 .rodata.CUSTOM_HID_OutEvent_FS.str1.4
                0x0800f580        0x5 CMakeFiles/leden.elf.dir/USB_DEVICE/App/usbd_custom_hid_if.c.obj
 *fill*         0x0800f585        0x3 
 .rodata.USBD_FS_ProductStrDescriptor.str1.4
                0x0800f588       0x1d CMakeFiles/leden.elf.dir/USB_DEVICE/App/usbd_desc.c.obj
 *fill*         0x0800f5a5        0x3 
 .rodata.USBD_FS_ManufacturerStrDescriptor.str1.4
                0x0800f5a8       0x13 CMakeFiles/leden.elf.dir/USB_DEVICE/App/usbd_desc.c.obj
 *fill*         0x0800f5bb        0x1 
 .rodata.USBD_FS_ConfigStrDescriptor.str1.4
                0x0800f5bc       0x12 CMakeFiles/leden.elf.dir/USB_DEVICE/App/usbd_desc.c.obj
 *fill*         0x0800f5ce        0x2 
 .rodata.USBD_FS_InterfaceStrDescriptor.str1.4
                0x0800f5d0       0x15 CMakeFiles/leden.elf.dir/USB_DEVICE/App/usbd_desc.c.obj
 *fill*         0x0800f5e5        0x3 
 .rodata.keyboard_menu_change.str1.4
                0x0800f5e8       0x12 CMakeFiles/leden.elf.dir/USER/Encoder/encoder_user.c.obj
 *fill*         0x0800f5fa        0x2 
 .rodata.flash_init_user.str1.4
                0x0800f5fc        0xf CMakeFiles/leden.elf.dir/USER/Flash/flash_user.c.obj
 *fill*         0x0800f60b        0x1 
 .rodata.parse_json_data.str1.4
                0x0800f60c       0x1f CMakeFiles/leden.elf.dir/USER/Json/jsmn_user.c.obj
 *fill*         0x0800f62b        0x1 
 .rodata.parse_json_value.str1.4
                0x0800f62c       0x34 CMakeFiles/leden.elf.dir/USER/Json/jsmn_user.c.obj
 .rodata.str1.4
                0x0800f660      0x19c CMakeFiles/leden.elf.dir/USER/Json/jsmn_user.c.obj
 .rodata.MK_on_keydown.str1.4
                0x0800f7fc       0x11 CMakeFiles/leden.elf.dir/USER/Key/key_user.c.obj
 *fill*         0x0800f80d        0x3 
 .rodata.hid_buff_reset.str1.4
                0x0800f810        0x9 CMakeFiles/leden.elf.dir/USER/Usb/usb_user.c.obj
 *fill*         0x0800f819        0x3 
 .rodata._global_impure_ptr
                0x0800f81c        0x4 d:/ra/gcc-arm-none-eabi-10.3-2021.10-win32/gcc-arm-none-eabi-10.3-2021.10/bin/../lib/gcc/arm-none-eabi/10.3.1/../../../../arm-none-eabi/lib/thumb/v7-m/nofp\libg.a(lib_a-impure.o)
                0x0800f81c                _global_impure_ptr
 .rodata._puts_r.str1.4
                0x0800f820        0x9 d:/ra/gcc-arm-none-eabi-10.3-2021.10-win32/gcc-arm-none-eabi-10.3-2021.10/bin/../lib/gcc/arm-none-eabi/10.3.1/../../../../arm-none-eabi/lib/thumb/v7-m/nofp\libg.a(lib_a-puts.o)
                                  0x2 (size before relaxing)
 .rodata._svfprintf_r.str1.4
                0x0800f820       0x3f d:/ra/gcc-arm-none-eabi-10.3-2021.10-win32/gcc-arm-none-eabi-10.3-2021.10/bin/../lib/gcc/arm-none-eabi/10.3.1/../../../../arm-none-eabi/lib/thumb/v7-m/nofp\libg.a(lib_a-svfprintf.o)
                                 0x42 (size before relaxing)
 *fill*         0x0800f85f        0x1 
 .rodata.blanks.1
                0x0800f860       0x10 d:/ra/gcc-arm-none-eabi-10.3-2021.10-win32/gcc-arm-none-eabi-10.3-2021.10/bin/../lib/gcc/arm-none-eabi/10.3.1/../../../../arm-none-eabi/lib/thumb/v7-m/nofp\libg.a(lib_a-svfprintf.o)
 .rodata.zeroes.0
                0x0800f870       0x10 d:/ra/gcc-arm-none-eabi-10.3-2021.10-win32/gcc-arm-none-eabi-10.3-2021.10/bin/../lib/gcc/arm-none-eabi/10.3.1/../../../../arm-none-eabi/lib/thumb/v7-m/nofp\libg.a(lib_a-svfprintf.o)
 .rodata._vfprintf_r.str1.4
                0x0800f880       0x42 d:/ra/gcc-arm-none-eabi-10.3-2021.10-win32/gcc-arm-none-eabi-10.3-2021.10/bin/../lib/gcc/arm-none-eabi/10.3.1/../../../../arm-none-eabi/lib/thumb/v7-m/nofp\libg.a(lib_a-vfprintf.o)
 .rodata.blanks.1
                0x0800f880       0x10 d:/ra/gcc-arm-none-eabi-10.3-2021.10-win32/gcc-arm-none-eabi-10.3-2021.10/bin/../lib/gcc/arm-none-eabi/10.3.1/../../../../arm-none-eabi/lib/thumb/v7-m/nofp\libg.a(lib_a-vfprintf.o)
 .rodata.zeroes.0
                0x0800f890       0x10 d:/ra/gcc-arm-none-eabi-10.3-2021.10-win32/gcc-arm-none-eabi-10.3-2021.10/bin/../lib/gcc/arm-none-eabi/10.3.1/../../../../arm-none-eabi/lib/thumb/v7-m/nofp\libg.a(lib_a-vfprintf.o)
 .rodata._dtoa_r.str1.4
                0x0800f8a0       0xa2 d:/ra/gcc-arm-none-eabi-10.3-2021.10-win32/gcc-arm-none-eabi-10.3-2021.10/bin/../lib/gcc/arm-none-eabi/10.3.1/../../../../arm-none-eabi/lib/thumb/v7-m/nofp\libg.a(lib_a-dtoa.o)
                                 0xa6 (size before relaxing)
 *fill*         0x0800f942        0x2 
 .rodata.__multadd.str1.4
                0x0800f944       0x7f d:/ra/gcc-arm-none-eabi-10.3-2021.10-win32/gcc-arm-none-eabi-10.3-2021.10/bin/../lib/gcc/arm-none-eabi/10.3.1/../../../../arm-none-eabi/lib/thumb/v7-m/nofp\libg.a(lib_a-mprec.o)
                                 0x93 (size before relaxing)
 *fill*         0x0800f9c3        0x5 
 .rodata.__mprec_bigtens
                0x0800f9c8       0x28 d:/ra/gcc-arm-none-eabi-10.3-2021.10-win32/gcc-arm-none-eabi-10.3-2021.10/bin/../lib/gcc/arm-none-eabi/10.3.1/../../../../arm-none-eabi/lib/thumb/v7-m/nofp\libg.a(lib_a-mprec.o)
                0x0800f9c8                __mprec_bigtens
 .rodata.__mprec_tens
                0x0800f9f0       0xc8 d:/ra/gcc-arm-none-eabi-10.3-2021.10-win32/gcc-arm-none-eabi-10.3-2021.10/bin/../lib/gcc/arm-none-eabi/10.3.1/../../../../arm-none-eabi/lib/thumb/v7-m/nofp\libg.a(lib_a-mprec.o)
                0x0800f9f0                __mprec_tens
 .rodata.p05.0  0x0800fab8        0xc d:/ra/gcc-arm-none-eabi-10.3-2021.10-win32/gcc-arm-none-eabi-10.3-2021.10/bin/../lib/gcc/arm-none-eabi/10.3.1/../../../../arm-none-eabi/lib/thumb/v7-m/nofp\libg.a(lib_a-mprec.o)
 .rodata._vfiprintf_r.str1.4
                0x0800fac4       0x2f d:/ra/gcc-arm-none-eabi-10.3-2021.10-win32/gcc-arm-none-eabi-10.3-2021.10/bin/../lib/gcc/arm-none-eabi/10.3.1/../../../../arm-none-eabi/lib/thumb/v7-m/nofp\libg.a(lib_a-vfiprintf.o)
 .rodata.blanks.1
                0x0800fac4       0x10 d:/ra/gcc-arm-none-eabi-10.3-2021.10-win32/gcc-arm-none-eabi-10.3-2021.10/bin/../lib/gcc/arm-none-eabi/10.3.1/../../../../arm-none-eabi/lib/thumb/v7-m/nofp\libg.a(lib_a-vfiprintf.o)
 .rodata.zeroes.0
                0x0800fad4       0x10 d:/ra/gcc-arm-none-eabi-10.3-2021.10-win32/gcc-arm-none-eabi-10.3-2021.10/bin/../lib/gcc/arm-none-eabi/10.3.1/../../../../arm-none-eabi/lib/thumb/v7-m/nofp\libg.a(lib_a-vfiprintf.o)
 .rodata.__assert_func.str1.4
                0x0800fae4       0x3f d:/ra/gcc-arm-none-eabi-10.3-2021.10-win32/gcc-arm-none-eabi-10.3-2021.10/bin/../lib/gcc/arm-none-eabi/10.3.1/../../../../arm-none-eabi/lib/thumb/v7-m/nofp\libg.a(lib_a-assert.o)
                                 0x43 (size before relaxing)
 *fill*         0x0800fb23        0x1 
 .rodata._setlocale_r.str1.4
                0x0800fb24        0xa d:/ra/gcc-arm-none-eabi-10.3-2021.10-win32/gcc-arm-none-eabi-10.3-2021.10/bin/../lib/gcc/arm-none-eabi/10.3.1/../../../../arm-none-eabi/lib/thumb/v7-m/nofp\libg.a(lib_a-locale.o)
                                  0xd (size before relaxing)
 *fill*         0x0800fb2e        0x2 
 .rodata.str1.4
                0x0800fb30        0x2 d:/ra/gcc-arm-none-eabi-10.3-2021.10-win32/gcc-arm-none-eabi-10.3-2021.10/bin/../lib/gcc/arm-none-eabi/10.3.1/../../../../arm-none-eabi/lib/thumb/v7-m/nofp\libg.a(lib_a-locale.o)
 *fill*         0x0800fb32        0x2 
 .rodata._ctype_
                0x0800fb34      0x101 d:/ra/gcc-arm-none-eabi-10.3-2021.10-win32/gcc-arm-none-eabi-10.3-2021.10/bin/../lib/gcc/arm-none-eabi/10.3.1/../../../../arm-none-eabi/lib/thumb/v7-m/nofp\libg.a(lib_a-ctype_.o)
                0x0800fb34                _ctype_
                0x0800fc38                . = ALIGN (0x4)
 *fill*         0x0800fc35        0x3 

.ARM.extab      0x0800fc38        0x0
                0x0800fc38                . = ALIGN (0x4)
 *(.ARM.extab* .gnu.linkonce.armextab.*)