Archive member included to satisfy reference by file (symbol)

d:/ra/gcc-arm-none-eabi-10.3-2021.10-win32/gcc-arm-none-eabi-10.3-2021.10/bin/../lib/gcc/arm-none-eabi/10.3.1/../../../../arm-none-eabi/lib/thumb/v7-m/nofp\libg.a(lib_a-errno.o)
                              CMakeFiles/leden.elf.dir/Core/Src/retarget.c.obj (__errno)
d:/ra/gcc-arm-none-eabi-10.3-2021.10-win32/gcc-arm-none-eabi-10.3-2021.10/bin/../lib/gcc/arm-none-eabi/10.3.1/../../../../arm-none-eabi/lib/thumb/v7-m/nofp\libg.a(lib_a-exit.o)
                              d:/ra/gcc-arm-none-eabi-10.3-2021.10-win32/gcc-arm-none-eabi-10.3-2021.10/bin/../lib/gcc/arm-none-eabi/10.3.1/../../../../arm-none-eabi/lib/thumb/v7-m/nofp/crt0.o (exit)
d:/ra/gcc-arm-none-eabi-10.3-2021.10-win32/gcc-arm-none-eabi-10.3-2021.10/bin/../lib/gcc/arm-none-eabi/10.3.1/../../../../arm-none-eabi/lib/thumb/v7-m/nofp\libg.a(lib_a-impure.o)
                              d:/ra/gcc-arm-none-eabi-10.3-2021.10-win32/gcc-arm-none-eabi-10.3-2021.10/bin/../lib/gcc/arm-none-eabi/10.3.1/../../../../arm-none-eabi/lib/thumb/v7-m/nofp\libg.a(lib_a-exit.o) (_global_impure_ptr)
d:/ra/gcc-arm-none-eabi-10.3-2021.10-win32/gcc-arm-none-eabi-10.3-2021.10/bin/../lib/gcc/arm-none-eabi/10.3.1/../../../../arm-none-eabi/lib/thumb/v7-m/nofp\libg.a(lib_a-init.o)
                              d:/ra/gcc-arm-none-eabi-10.3-2021.10-win32/gcc-arm-none-eabi-10.3-2021.10/bin/../lib/gcc/arm-none-eabi/10.3.1/../../../../arm-none-eabi/lib/thumb/v7-m/nofp/crt0.o (__libc_init_array)
d:/ra/gcc-arm-none-eabi-10.3-2021.10-win32/gcc-arm-none-eabi-10.3-2021.10/bin/../lib/gcc/arm-none-eabi/10.3.1/../../../../arm-none-eabi/lib/thumb/v7-m/nofp\libg.a(lib_a-malloc.o)
                              CMakeFiles/leden.elf.dir/USER/Usb/usb_user.c.obj (malloc)
d:/ra/gcc-arm-none-eabi-10.3-2021.10-win32/gcc-arm-none-eabi-10.3-2021.10/bin/../lib/gcc/arm-none-eabi/10.3.1/../../../../arm-none-eabi/lib/thumb/v7-m/nofp\libg.a(lib_a-mallocr.o)
                              d:/ra/gcc-arm-none-eabi-10.3-2021.10-win32/gcc-arm-none-eabi-10.3-2021.10/bin/../lib/gcc/arm-none-eabi/10.3.1/../../../../arm-none-eabi/lib/thumb/v7-m/nofp\libg.a(lib_a-malloc.o) (_malloc_r)
d:/ra/gcc-arm-none-eabi-10.3-2021.10-win32/gcc-arm-none-eabi-10.3-2021.10/bin/../lib/gcc/arm-none-eabi/10.3.1/../../../../arm-none-eabi/lib/thumb/v7-m/nofp\libg.a(lib_a-memcpy.o)
                              CMakeFiles/leden.elf.dir/USB_DEVICE/App/usbd_cdc_if.c.obj (memcpy)
d:/ra/gcc-arm-none-eabi-10.3-2021.10-win32/gcc-arm-none-eabi-10.3-2021.10/bin/../lib/gcc/arm-none-eabi/10.3.1/../../../../arm-none-eabi/lib/thumb/v7-m/nofp\libg.a(lib_a-memset.o)
                              d:/ra/gcc-arm-none-eabi-10.3-2021.10-win32/gcc-arm-none-eabi-10.3-2021.10/bin/../lib/gcc/arm-none-eabi/10.3.1/../../../../arm-none-eabi/lib/thumb/v7-m/nofp/crt0.o (memset)
d:/ra/gcc-arm-none-eabi-10.3-2021.10-win32/gcc-arm-none-eabi-10.3-2021.10/bin/../lib/gcc/arm-none-eabi/10.3.1/../../../../arm-none-eabi/lib/thumb/v7-m/nofp\libg.a(lib_a-mlock.o)
                              d:/ra/gcc-arm-none-eabi-10.3-2021.10-win32/gcc-arm-none-eabi-10.3-2021.10/bin/../lib/gcc/arm-none-eabi/10.3.1/../../../../arm-none-eabi/lib/thumb/v7-m/nofp\libg.a(lib_a-mallocr.o) (__malloc_lock)
d:/ra/gcc-arm-none-eabi-10.3-2021.10-win32/gcc-arm-none-eabi-10.3-2021.10/bin/../lib/gcc/arm-none-eabi/10.3.1/../../../../arm-none-eabi/lib/thumb/v7-m/nofp\libg.a(lib_a-printf.o)
                              CMakeFiles/leden.elf.dir/HARDWARE/SPI/SPI1/spi1.c.obj (printf)
d:/ra/gcc-arm-none-eabi-10.3-2021.10-win32/gcc-arm-none-eabi-10.3-2021.10/bin/../lib/gcc/arm-none-eabi/10.3.1/../../../../arm-none-eabi/lib/thumb/v7-m/nofp\libg.a(lib_a-puts.o)
                              CMakeFiles/leden.elf.dir/USER/Flash/flash_user.c.obj (puts)
d:/ra/gcc-arm-none-eabi-10.3-2021.10-win32/gcc-arm-none-eabi-10.3-2021.10/bin/../lib/gcc/arm-none-eabi/10.3.1/../../../../arm-none-eabi/lib/thumb/v7-m/nofp\libg.a(lib_a-sbrkr.o)
                              d:/ra/gcc-arm-none-eabi-10.3-2021.10-win32/gcc-arm-none-eabi-10.3-2021.10/bin/../lib/gcc/arm-none-eabi/10.3.1/../../../../arm-none-eabi/lib/thumb/v7-m/nofp\libg.a(lib_a-mallocr.o) (_sbrk_r)
d:/ra/gcc-arm-none-eabi-10.3-2021.10-win32/gcc-arm-none-eabi-10.3-2021.10/bin/../lib/gcc/arm-none-eabi/10.3.1/../../../../arm-none-eabi/lib/thumb/v7-m/nofp\libg.a(lib_a-setvbuf.o)
                              CMakeFiles/leden.elf.dir/Core/Src/retarget.c.obj (setvbuf)
d:/ra/gcc-arm-none-eabi-10.3-2021.10-win32/gcc-arm-none-eabi-10.3-2021.10/bin/../lib/gcc/arm-none-eabi/10.3.1/../../../../arm-none-eabi/lib/thumb/v7-m/nofp\libg.a(lib_a-strcat.o)
                              CMakeFiles/leden.elf.dir/USER/Json/jsmn_user.c.obj (strcat)
d:/ra/gcc-arm-none-eabi-10.3-2021.10-win32/gcc-arm-none-eabi-10.3-2021.10/bin/../lib/gcc/arm-none-eabi/10.3.1/../../../../arm-none-eabi/lib/thumb/v7-m/nofp\libg.a(lib_a-strcpy.o)
[...]
Memory Configuration

Name             Origin             Length             Attributes
RAM              0x20000000         0x00010000         xrw
FLASH            0x08000000         0x00080000         xr
*default*        0x00000000         0xffffffff

Linker script and memory map

LOAD d:/ra/gcc-arm-none-eabi-10.3-2021.10-win32/gcc-arm-none-eabi-10.3-2021.10/bin/../lib/gcc/arm-none-eabi/10.3.1/thumb/v7-m/nofp/crti.o
LOAD d:/ra/gcc-arm-none-eabi-10.3-2021.10-win32/gcc-arm-none-eabi-10.3-2021.10/bin/../lib/gcc/arm-none-eabi/10.3.1/thumb/v7-m/nofp/crtbegin.o
LOAD d:/ra/gcc-arm-none-eabi-10.3-2021.10-win32/gcc-arm-none-eabi-10.3-2021.10/bin/../lib/gcc/arm-none-eabi/10.3.1/../../../../arm-none-eabi/lib/thumb/v7-m/nofp/crt0.o
LOAD CMakeFiles/leden.elf.dir/Core/Src/gpio.c.obj
LOAD CMakeFiles/leden.elf.dir/Core/Src/main.c.obj
LOAD CMakeFiles/leden.elf.dir/Core/Src/retarget.c.obj
LOAD CMakeFiles/leden.elf.dir/Core/Src/stm32f1xx_hal_msp.c.obj
LOAD CMakeFiles/leden.elf.dir/Core/Src/stm32f1xx_it.c.obj
LOAD CMakeFiles/leden.elf.dir/Core/Src/syscalls.c.obj
LOAD CMakeFiles/leden.elf.dir/Core/Src/sysmem.c.obj
LOAD CMakeFiles/leden.elf.dir/Core/Src/system_stm32f1xx.c.obj
LOAD CMakeFiles/leden.elf.dir/Core/Src/usart.c.obj
LOAD CMakeFiles/leden.elf.dir/Core/Startup/startup_stm32f103vetx.s.obj
LOAD CMakeFiles/leden.elf.dir/Drivers/STM32F1xx_HAL_Driver/Src/stm32f1xx_hal.c.obj
LOAD CMakeFiles/leden.elf.dir/Drivers/STM32F1xx_HAL_Driver/Src/stm32f1xx_hal_cortex.c.obj
LOAD CMakeFiles/leden.elf.dir/Drivers/STM32F1xx_HAL_Driver/Src/stm32f1xx_hal_dma.c.obj
LOAD CMakeFiles/leden.elf.dir/Drivers/STM32F1xx_HAL_Driver/Src/stm32f1xx_hal_exti.c.obj
LOAD CMakeFiles/leden.elf.dir/Drivers/STM32F1xx_HAL_Driver/Src/stm32f1xx_hal_flash.c.obj
LOAD CMakeFiles/leden.elf.dir/Drivers/STM32F1xx_HAL_Driver/Src/stm32f1xx_hal_flash_ex.c.obj
LOAD CMakeFiles/leden.elf.dir/Drivers/STM32F1xx_HAL_Driver/Src/stm32f1xx_hal_gpio.c.obj
LOAD CMakeFiles/leden.elf.dir/Drivers/STM32F1xx_HAL_Driver/Src/stm32f1xx_hal_gpio_ex.c.obj
LOAD CMakeFiles/leden.elf.dir/Drivers/STM32F1xx_HAL_Driver/Src/stm32f1xx_hal_pcd.c.obj
LOAD CMakeFiles/leden.elf.dir/Drivers/STM32F1xx_HAL_Driver/Src/stm32f1xx_hal_pcd_ex.c.obj
LOAD CMakeFiles/leden.elf.dir/Drivers/STM32F1xx_HAL_Driver/Src/stm32f1xx_hal_pwr.c.obj
LOAD CMakeFiles/leden.elf.dir/Drivers/STM32F1xx_HAL_Driver/Src/stm32f1xx_hal_rcc.c.obj
LOAD CMakeFiles/leden.elf.dir/Drivers/STM32F1xx_HAL_Driver/Src/stm32f1xx_hal_rcc_ex.c.obj
LOAD CMakeFiles/leden.elf.dir/Drivers/STM32F1xx_HAL_Driver/Src/stm32f1xx_hal_spi.c.obj
LOAD CMakeFiles/leden.elf.dir/Drivers/STM32F1xx_HAL_Driver/Src/stm32f1xx_hal_tim.c.obj
LOAD CMakeFiles/leden.elf.dir/Drivers/STM32F1xx_HAL_Driver/Src/stm32f1xx_hal_tim_ex.c.obj
LOAD CMakeFiles/leden.elf.dir/Drivers/STM32F1xx_HAL_Driver/Src/stm32f1xx_hal_uart.c.obj
LOAD CMakeFiles/leden.elf.dir/Drivers/STM32F1xx_HAL_Driver/Src/stm32f1xx_ll_usb.c.obj
LOAD CMakeFiles/leden.elf.dir/HARDWARE/ENCODER/ENCODER1/encoder1.c.obj
LOAD CMakeFiles/leden.elf.dir/HARDWARE/ENCODER/ENCODER2/encoder2.c.obj
LOAD CMakeFiles/leden.elf.dir/HARDWARE/ENCODER/ENCODER3/encoder3.c.obj
LOAD CMakeFiles/leden.elf.dir/HARDWARE/FLASH/flash.c.obj
LOAD CMakeFiles/leden.elf.dir/HARDWARE/JSMN/jsmn.c.obj
LOAD CMakeFiles/leden.elf.dir/HARDWARE/LCD/LCD_47/lcd_47.c.obj
LOAD CMakeFiles/leden.elf.dir/HARDWARE/MatrixKeys/matrix_key.c.obj
LOAD CMakeFiles/leden.elf.dir/HARDWARE/OLED/OLED_42/oled_42.c.obj
LOAD CMakeFiles/leden.elf.dir/HARDWARE/SPI/SPI1/spi1.c.obj
LOAD CMakeFiles/leden.elf.dir/HARDWARE/SPI/SPI2/spi2.c.obj
LOAD CMakeFiles/leden.elf.dir/HARDWARE/SPI/SPI3/spi3.c.obj
LOAD CMakeFiles/leden.elf.dir/HARDWARE/TIM/TIM1/tim1.c.obj
LOAD CMakeFiles/leden.elf.dir/HARDWARE/TIM/TIM3/tim3.c.obj
LOAD CMakeFiles/leden.elf.dir/HARDWARE/TIM/TIM4/tim4.c.obj
LOAD CMakeFiles/leden.elf.dir/Middlewares/ST/STM32_USB_Device_Library/Class/CDC/Src/usbd_cdc.c.obj
LOAD CMakeFiles/leden.elf.dir/Middlewares/ST/STM32_USB_Device_Library/Class/Composite/Src/usbd_composite.c.obj
LOAD CMakeFiles/leden.elf.dir/Middlewares/ST/STM32_USB_Device_Library/Class/CustomHID/Src/usbd_customhid.c.obj
LOAD CMakeFiles/leden.elf.dir/Middlewares/ST/STM32_USB_Device_Library/Core/Src/usbd_core.c.obj
LOAD CMakeFiles/leden.elf.dir/Middlewares/ST/STM32_USB_Device_Library/Core/Src/usbd_ctlreq.c.obj
LOAD CMakeFiles/leden.elf.dir/Middlewares/ST/STM32_USB_Device_Library/Core/Src/usbd_ioreq.c.obj
LOAD CMakeFiles/leden.elf.dir/USB_DEVICE/App/usb_device.c.obj
LOAD CMakeFiles/leden.elf.dir/USB_DEVICE/App/usbd_cdc_if.c.obj
LOAD CMakeFiles/leden.elf.dir/USB_DEVICE/App/usbd_custom_hid_if.c.obj
LOAD CMakeFiles/leden.elf.dir/USB_DEVICE/App/usbd_desc.c.obj
LOAD CMakeFiles/leden.elf.dir/USB_DEVICE/Target/usbd_conf.c.obj
LOAD CMakeFiles/leden.elf.dir/USER/Encoder/encoder_user.c.obj
LOAD CMakeFiles/leden.elf.dir/USER/Flash/flash_user.c.obj
LOAD CMakeFiles/leden.elf.dir/USER/Json/jsmn_user.c.obj
LOAD CMakeFiles/leden.elf.dir/USER/Key/key_user.c.obj
LOAD CMakeFiles/leden.elf.dir/USER/Lcd/lcd_user.c.obj
LOAD CMakeFiles/leden.elf.dir/USER/Oled/oled_user.c.obj
LOAD CMakeFiles/leden.elf.dir/USER/Usb/usb_user.c.obj
START GROUP
LOAD d:/ra/gcc-arm-none-eabi-10.3-2021.10-win32/gcc-arm-none-eabi-10.3-2021.10/bin/../lib/gcc/arm-none-eabi/10.3.1/thumb/v7-m/nofp\libgcc.a
LOAD d:/ra/gcc-arm-none-eabi-10.3-2021.10-win32/gcc-arm-none-eabi-10.3-2021.10/bin/../lib/gcc/arm-none-eabi/10.3.1/../../../../arm-none-eabi/lib/thumb/v7-m/nofp\libg.a
LOAD d:/ra/gcc-arm-none-eabi-10.3-2021.10-win32/gcc-arm-none-eabi-10.3-2021.10/bin/../lib/gcc/arm-none-eabi/10.3.1/../../../../arm-none-eabi/lib/thumb/v7-m/nofp\libc.a
END GROUP
LOAD d:/ra/gcc-arm-none-eabi-10.3-2021.10-win32/gcc-arm-none-eabi-10.3-2021.10/bin/../lib/gcc/arm-none-eabi/10.3.1/thumb/v7-m/nofp/crtend.o
LOAD d:/ra/gcc-arm-none-eabi-10.3-2021.10-win32/gcc-arm-none-eabi-10.3-2021.10/bin/../lib/gcc/arm-none-eabi/10.3.1/thumb/v7-m/nofp/crtn.o
                0x20010000                _estack = (ORIGIN (RAM) + LENGTH (RAM))
                0x00000400                _Min_Heap_Size = 0x400
                0x00000c00                _Min_Stack_Size = 0xc00

.isr_vector     0x08000000      0x1e4
                0x08000000                . = ALIGN (0x4)
 *(.isr_vector)
 .isr_vector    0x08000000      0x1e4 CMakeFiles/leden.elf.dir/Core/Startup/startup_stm32f103vetx.s.obj
                0x08000000                g_pfnVectors
                0x080001e4                . = ALIGN (0x4)

.text           0x080001e8     0xe8ec
                0x080001e8                . = ALIGN (0x4)
 *(.text)
 .text          0x080001e8       0x40 d:/ra/gcc-arm-none-eabi-10.3-2021.10-win32/gcc-arm-none-eabi-10.3-2021.10/bin/../lib/gcc/arm-none-eabi/10.3.1/thumb/v7-m/nofp/crtbegin.o
 .text          0x08000228       0xec d:/ra/gcc-arm-none-eabi-10.3-2021.10-win32/gcc-arm-none-eabi-10.3-2021.10/bin/../lib/gcc/arm-none-eabi/10.3.1/../../../../arm-none-eabi/lib/thumb/v7-m/nofp\libg.a(lib_a-memcpy.o)
                0x08000228                memcpy
 .text          0x08000314      0x378 d:/ra/gcc-arm-none-eabi-10.3-2021.10-win32/gcc-arm-none-eabi-10.3-2021.10/bin/../lib/gcc/arm-none-eabi/10.3.1/thumb/v7-m/nofp\libgcc.a(_arm_addsubdf3.o)
                0x08000314                __aeabi_drsub
                0x0800031c                __aeabi_dsub
                0x0800031c                __subdf3
                0x08000320                __aeabi_dadd
                0x08000320                __adddf3
                0x08000598                __floatunsidf
                0x08000598                __aeabi_ui2d
                0x080005b8                __floatsidf
                0x080005b8                __aeabi_i2d
                0x080005dc                __aeabi_f2d
                0x080005dc                __extendsfdf2
                0x08000620                __floatundidf
                0x08000620                __aeabi_ul2d
                0x08000630                __floatdidf
                0x08000630                __aeabi_l2d
 .text          0x0800068c      0x424 d:/ra/gcc-arm-none-eabi-10.3-2021.10-win32/gcc-arm-none-eabi-10.3-2021.10/bin/../lib/gcc/arm-none-eabi/10.3.1/thumb/v7-m/nofp\libgcc.a(_arm_muldivdf3.o)
                0x0800068c                __aeabi_dmul
                0x0800068c                __muldf3
                0x080008e0                __divdf3
                0x080008e0                __aeabi_ddiv
 .text          0x08000ab0      0x110 d:/ra/gcc-arm-none-eabi-10.3-2021.10-win32/gcc-arm-none-eabi-10.3-2021.10/bin/../lib/gcc/arm-none-eabi/10.3.1/thumb/v7-m/nofp\libgcc.a(_arm_cmpdf2.o)
                0x08000ab0                __gtdf2
                0x08000ab0                __gedf2
                0x08000ab8                __ltdf2
                0x08000ab8                __ledf2
                0x08000ac0                __nedf2
                0x08000ac0                __eqdf2
                0x08000ac0                __cmpdf2
                0x08000b3c                __aeabi_cdrcmple
                0x08000b4c                __aeabi_cdcmpeq
                0x08000b4c                __aeabi_cdcmple
                0x08000b5c                __aeabi_dcmpeq
                0x08000b70                __aeabi_dcmplt
                0x08000b84                __aeabi_dcmple
                0x08000b98                __aeabi_dcmpge
                0x08000bac                __aeabi_dcmpgt
 .text          0x08000bc0       0x2c d:/ra/gcc-arm-none-eabi-10.3-2021.10-win32/gcc-arm-none-eabi-10.3-2021.10/bin/../lib/gcc/arm-none-eabi/10.3.1/thumb/v7-m/nofp\libgcc.a(_arm_unorddf2.o)
                0x08000bc0                __unorddf2
                0x08000bc0                __aeabi_dcmpun
 .text          0x08000bec       0x50 d:/ra/gcc-arm-none-eabi-10.3-2021.10-win32/gcc-arm-none-eabi-10.3-2021.10/bin/../lib/gcc/arm-none-eabi/10.3.1/thumb/v7-m/nofp\libgcc.a(_arm_fixdfsi.o)
                0x08000bec                __aeabi_d2iz
                0x08000bec                __fixdfsi
 .text          0x08000c3c       0x30 d:/ra/gcc-arm-none-eabi-10.3-2021.10-win32/gcc-arm-none-eabi-10.3-2021.10/bin/../lib/gcc/arm-none-eabi/10.3.1/thumb/v7-m/nofp\libgcc.a(_aeabi_uldivmod.o)
                0x08000c3c                __aeabi_uldivmod
 .text          0x08000c6c      0x2d4 d:/ra/gcc-arm-none-eabi-10.3-2021.10-win32/gcc-arm-none-eabi-10.3-2021.10/bin/../lib/gcc/arm-none-eabi/10.3.1/thumb/v7-m/nofp\libgcc.a(_udivmoddi4.o)
                0x08000c6c                __udivmoddi4
 .text          0x08000f40        0x4 d:/ra/gcc-arm-none-eabi-10.3-2021.10-win32/gcc-arm-none-eabi-10.3-2021.10/bin/../lib/gcc/arm-none-eabi/10.3.1/thumb/v7-m/nofp\libgcc.a(_dvmd_tls.o)
                0x08000f40                __aeabi_idiv0
                0x08000f40                __aeabi_ldiv0
 *(.text*)
 .text.MX_GPIO_Init
                0x08000f44       0x9c CMakeFiles/leden.elf.dir/Core/Src/gpio.c.obj
                0x08000f44                MX_GPIO_Init
 .text.Error_Handler
                0x08000fe0        0x4 CMakeFiles/leden.elf.dir/Core/Src/main.c.obj
                0x08000fe0                Error_Handler
 .text.SystemClock_Config
                0x08000fe4       0x84 CMakeFiles/leden.elf.dir/Core/Src/main.c.obj
                0x08000fe4                SystemClock_Config
 .text.main     0x08001068       0x50 CMakeFiles/leden.elf.dir/Core/Src/main.c.obj
                0x08001068                main
 .text.RetargetInit
                0x080010b8       0x20 CMakeFiles/leden.elf.dir/Core/Src/retarget.c.obj
                0x080010b8                RetargetInit
 .text._isatty  0x080010d8       0x16 CMakeFiles/leden.elf.dir/Core/Src/retarget.c.obj
                0x080010d8                _isatty
 *fill*         0x080010ee        0x2 
 .text._write   0x080010f0       0x34 CMakeFiles/leden.elf.dir/Core/Src/retarget.c.obj
                0x080010f0                _write
 .text._close   0x08001124       0x18 CMakeFiles/leden.elf.dir/Core/Src/retarget.c.obj
                0x08001124                _close
 .text._lseek   0x0800113c       0x10 CMakeFiles/leden.elf.dir/Core/Src/retarget.c.obj
                0x0800113c                _lseek
 .text._read    0x0800114c       0x30 CMakeFiles/leden.elf.dir/Core/Src/retarget.c.obj
                0x0800114c                _read
 .text._fstat   0x0800117c       0x1a CMakeFiles/leden.elf.dir/Core/Src/retarget.c.obj
                0x0800117c                _fstat
 *fill*         0x08001196        0x2 
 .text.HAL_MspInit
                0x08001198       0x44 CMakeFiles/leden.elf.dir/Core/Src/stm32f1xx_hal_msp.c.obj
                0x08001198                HAL_MspInit
 .text.NMI_Handler
                0x080011dc        0x2 CMakeFiles/leden.elf.dir/Core/Src/stm32f1xx_it.c.obj
                0x080011dc                NMI_Handler
 .text.HardFault_Handler
                0x080011de        0x2 CMakeFiles/leden.elf.dir/Core/Src/stm32f1xx_it.c.obj
                0x080011de                HardFault_Handler
 .text.MemManage_Handler
                0x080011e0        0x2 CMakeFiles/leden.elf.dir/Core/Src/stm32f1xx_it.c.obj
                0x080011e0                MemManage_Handler
 .text.BusFault_Handler
                0x080011e2        0x2 CMakeFiles/leden.elf.dir/Core/Src/stm32f1xx_it.c.obj
                0x080011e2                BusFault_Handler
 .text.UsageFault_Handler
                0x080011e4        0x2 CMakeFiles/leden.elf.dir/Core/Src/stm32f1xx_it.c.obj
                0x080011e4                UsageFault_Handler
 .text.SVC_Handler
                0x080011e6        0x2 CMakeFiles/leden.elf.dir/Core/Src/stm32f1xx_it.c.obj
                0x080011e6                SVC_Handler
 .text.DebugMon_Handler
                0x080011e8        0x2 CMakeFiles/leden.elf.dir/Core/Src/stm32f1xx_it.c.obj
                0x080011e8                DebugMon_Handler
 .text.PendSV_Handler
                0x080011ea        0x2 CMakeFiles/leden.elf.dir/Core/Src/stm32f1xx_it.c.obj
                0x080011ea                PendSV_Handler
 .text.SysTick_Handler
                0x080011ec        0x8 CMakeFiles/leden.elf.dir/Core/Src/stm32f1xx_it.c.obj
                0x080011ec                SysTick_Handler
 .text.USB_LP_CAN1_RX0_IRQHandler
                0x080011f4       0x10 CMakeFiles/leden.elf.dir/Core/Src/stm32f1xx_it.c.obj
                0x080011f4                USB_LP_CAN1_RX0_IRQHandler
 .text._getpid  0x08001204        0x4 CMakeFiles/leden.elf.dir/Core/Src/syscalls.c.obj
                0x08001204                _getpid
 .text._kill    0x08001208       0x10 CMakeFiles/leden.elf.dir/Core/Src/syscalls.c.obj
                0x08001208                _kill
 .text._exit    0x08001218        0xc CMakeFiles/leden.elf.dir/Core/Src/syscalls.c.obj
                0x08001218                _exit
 .text._sbrk    0x08001224       0x48 CMakeFiles/leden.elf.dir/Core/Src/sysmem.c.obj
                0x08001224                _sbrk
 .text.SystemInit
                0x0800126c        0x2 CMakeFiles/leden.elf.dir/Core/Src/system_stm32f1xx.c.obj
                0x0800126c                SystemInit
 *fill*         0x0800126e        0x2 
 .text.MX_USART1_UART_Init
                0x08001270       0x34 CMakeFiles/leden.elf.dir/Core/Src/usart.c.obj
                0x08001270                MX_USART1_UART_Init
 .text.HAL_UART_MspInit
                0x080012a4       0x78 CMakeFiles/leden.elf.dir/Core/Src/usart.c.obj
                0x080012a4                HAL_UART_MspInit
 .text.Reset_Handler
                0x0800131c       0x48 CMakeFiles/leden.elf.dir/Core/Startup/startup_stm32f103vetx.s.obj
                0x0800131c                Reset_Handler
 .text.Default_Handler
                0x08001364        0x2 CMakeFiles/leden.elf.dir/Core/Startup/startup_stm32f103vetx.s.obj
                0x08001364                RTC_Alarm_IRQHandler
                0x08001364                EXTI2_IRQHandler
                0x08001364                TIM8_TRG_COM_IRQHandler
                0x08001364                TIM8_CC_IRQHandler
                0x08001364                TIM1_CC_IRQHandler
                0x08001364                TIM6_IRQHandler
                0x08001364                PVD_IRQHandler
                0x08001364                SDIO_IRQHandler
                0x08001364                EXTI3_IRQHandler
                0x08001364                EXTI0_IRQHandler
                0x08001364                I2C2_EV_IRQHandler
                0x08001364                ADC1_2_IRQHandler
                0x08001364                SPI1_IRQHandler
                0x08001364                TAMPER_IRQHandler
                0x08001364                TIM8_UP_IRQHandler
                0x08001364                DMA2_Channel2_IRQHandler
                0x08001364                DMA1_Channel4_IRQHandler
                0x08001364                USART3_IRQHandler
                0x08001364                RTC_IRQHandler
                0x08001364                DMA1_Channel7_IRQHandler
                0x08001364                CAN1_RX1_IRQHandler
                0x08001364                UART5_IRQHandler
                0x08001364                ADC3_IRQHandler
                0x08001364                TIM4_IRQHandler
                0x08001364                DMA2_Channel1_IRQHandler
                0x08001364                I2C1_EV_IRQHandler
                0x08001364                DMA1_Channel6_IRQHandler
                0x08001364                UART4_IRQHandler
                0x08001364                TIM3_IRQHandler
                0x08001364                RCC_IRQHandler
                0x08001364                TIM1_TRG_COM_IRQHandler
                0x08001364                DMA1_Channel1_IRQHandler
                0x08001364                Default_Handler
                0x08001364                EXTI15_10_IRQHandler
                0x08001364                TIM7_IRQHandler
                0x08001364                TIM5_IRQHandler
                0x08001364                EXTI9_5_IRQHandler
                0x08001364                SPI2_IRQHandler
                0x08001364                DMA1_Channel5_IRQHandler
                0x08001364                EXTI4_IRQHandler
                0x08001364                USB_HP_CAN1_TX_IRQHandler
                0x08001364                DMA1_Channel3_IRQHandler
                0x08001364                FSMC_IRQHandler
                0x08001364                TIM1_UP_IRQHandler
                0x08001364                WWDG_IRQHandler
                0x08001364                TIM2_IRQHandler
                0x08001364                TIM1_BRK_IRQHandler
                0x08001364                EXTI1_IRQHandler
                0x08001364                DMA2_Channel4_5_IRQHandler
                0x08001364                USART2_IRQHandler
                0x08001364                I2C2_ER_IRQHandler
                0x08001364                DMA1_Channel2_IRQHandler
                0x08001364                TIM8_BRK_IRQHandler
                0x08001364                CAN1_SCE_IRQHandler
                0x08001364                FLASH_IRQHandler
                0x08001364                USART1_IRQHandler
                0x08001364                SPI3_IRQHandler
                0x08001364                I2C1_ER_IRQHandler
                0x08001364                USBWakeUp_IRQHandler
                0x08001364                DMA2_Channel3_IRQHandler
 *fill*         0x08001366        0x2 
 .text.HAL_InitTick
                0x08001368       0x4c CMakeFiles/leden.elf.dir/Drivers/STM32F1xx_HAL_Driver/Src/stm32f1xx_hal.c.obj
                0x08001368                HAL_InitTick
 .text.HAL_Init
                0x080013b4       0x24 CMakeFiles/leden.elf.dir/Drivers/STM32F1xx_HAL_Driver/Src/stm32f1xx_hal.c.obj
                0x080013b4                HAL_Init
 .text.HAL_Delay
                0x080013d8       0x28 CMakeFiles/leden.elf.dir/Drivers/STM32F1xx_HAL_Driver/Src/stm32f1xx_hal.c.obj
                0x080013d8                HAL_Delay
 .text.HAL_NVIC_SetPriorityGrouping
                0x08001400       0x24 CMakeFiles/leden.elf.dir/Drivers/STM32F1xx_HAL_Driver/Src/stm32f1xx_hal_cortex.c.obj
                0x08001400                HAL_NVIC_SetPriorityGrouping
 .text.HAL_NVIC_SetPriority
                0x08001424       0x70 CMakeFiles/leden.elf.dir/Drivers/STM32F1xx_HAL_Driver/Src/stm32f1xx_hal_cortex.c.obj
                0x08001424                HAL_NVIC_SetPriority
 .text.HAL_NVIC_EnableIRQ
                0x08001494       0x1c CMakeFiles/leden.elf.dir/Drivers/STM32F1xx_HAL_Driver/Src/stm32f1xx_hal_cortex.c.obj
                0x08001494                HAL_NVIC_EnableIRQ
 .text.HAL_SYSTICK_Config
                0x080014b0       0x28 CMakeFiles/leden.elf.dir/Drivers/STM32F1xx_HAL_Driver/Src/stm32f1xx_hal_cortex.c.obj
                0x080014b0                HAL_SYSTICK_Config
 .text.HAL_GPIO_Init
                0x080014d8      0x240 CMakeFiles/leden.elf.dir/Drivers/STM32F1xx_HAL_Driver/Src/stm32f1xx_hal_gpio.c.obj
                0x080014d8                HAL_GPIO_Init
 .text.HAL_GPIO_ReadPin
                0x08001718        0xe CMakeFiles/leden.elf.dir/Drivers/STM32F1xx_HAL_Driver/Src/stm32f1xx_hal_gpio.c.obj
                0x08001718                HAL_GPIO_ReadPin
 .text.HAL_GPIO_WritePin
                0x08001726        0xc CMakeFiles/leden.elf.dir/Drivers/STM32F1xx_HAL_Driver/Src/stm32f1xx_hal_gpio.c.obj
                0x08001726                HAL_GPIO_WritePin
 .text.HAL_PCD_EP_DB_Receive
                0x08001732      0x11c CMakeFiles/leden.elf.dir/Drivers/STM32F1xx_HAL_Driver/Src/stm32f1xx_hal_pcd.c.obj
 .text.HAL_PCD_Init
                0x0800184e      0x110 CMakeFiles/leden.elf.dir/Drivers/STM32F1xx_HAL_Driver/Src/stm32f1xx_hal_pcd.c.obj
                0x0800184e                HAL_PCD_Init
 .text.HAL_PCD_Start
                0x0800195e       0x32 CMakeFiles/leden.elf.dir/Drivers/STM32F1xx_HAL_Driver/Src/stm32f1xx_hal_pcd.c.obj
                0x0800195e                HAL_PCD_Start
 .text.HAL_PCD_EP_DB_Transmit
                0x08001990      0x424 CMakeFiles/leden.elf.dir/Drivers/STM32F1xx_HAL_Driver/Src/stm32f1xx_hal_pcd.c.obj
 .text.PCD_EP_ISR_Handler
                0x08001db4      0x536 CMakeFiles/leden.elf.dir/Drivers/STM32F1xx_HAL_Driver/Src/stm32f1xx_hal_pcd.c.obj
 .text.HAL_PCD_SetAddress
                0x080022ea       0x28 CMakeFiles/leden.elf.dir/Drivers/STM32F1xx_HAL_Driver/Src/stm32f1xx_hal_pcd.c.obj
                0x080022ea                HAL_PCD_SetAddress
 .text.HAL_PCD_IRQHandler
                0x08002312      0x1b0 CMakeFiles/leden.elf.dir/Drivers/STM32F1xx_HAL_Driver/Src/stm32f1xx_hal_pcd.c.obj
                0x08002312                HAL_PCD_IRQHandler
 .text.HAL_PCD_EP_Open
                0x080024c2       0x7c CMakeFiles/leden.elf.dir/Drivers/STM32F1xx_HAL_Driver/Src/stm32f1xx_hal_pcd.c.obj
                0x080024c2                HAL_PCD_EP_Open
 .text.HAL_PCD_EP_Close
                0x0800253e       0x64 CMakeFiles/leden.elf.dir/Drivers/STM32F1xx_HAL_Driver/Src/stm32f1xx_hal_pcd.c.obj
                0x0800253e                HAL_PCD_EP_Close
 .text.HAL_PCD_EP_Receive
                0x080025a2       0x3a CMakeFiles/leden.elf.dir/Drivers/STM32F1xx_HAL_Driver/Src/stm32f1xx_hal_pcd.c.obj
                0x080025a2                HAL_PCD_EP_Receive
 .text.HAL_PCD_EP_GetRxCount
                0x080025dc       0x12 CMakeFiles/leden.elf.dir/Drivers/STM32F1xx_HAL_Driver/Src/stm32f1xx_hal_pcd.c.obj
                0x080025dc                HAL_PCD_EP_GetRxCount
 .text.HAL_PCD_EP_Transmit
                0x080025ee       0x44 CMakeFiles/leden.elf.dir/Drivers/STM32F1xx_HAL_Driver/Src/stm32f1xx_hal_pcd.c.obj
                0x080025ee                HAL_PCD_EP_Transmit
 .text.HAL_PCD_EP_SetStall
                0x08002632       0x78 CMakeFiles/leden.elf.dir/Drivers/STM32F1xx_HAL_Driver/Src/stm32f1xx_hal_pcd.c.obj
                0x08002632                HAL_PCD_EP_SetStall
 .text.HAL_PCD_EP_ClrStall
                0x080026aa       0x76 CMakeFiles/leden.elf.dir/Drivers/STM32F1xx_HAL_Driver/Src/stm32f1xx_hal_pcd.c.obj
                0x080026aa                HAL_PCD_EP_ClrStall
 .text.HAL_PCDEx_PMAConfig
                0x08002720       0x38 CMakeFiles/leden.elf.dir/Drivers/STM32F1xx_HAL_Driver/Src/stm32f1xx_hal_pcd_ex.c.obj
                0x08002720                HAL_PCDEx_PMAConfig
 .text.RCC_Delay
                0x08002758       0x2c CMakeFiles/leden.elf.dir/Drivers/STM32F1xx_HAL_Driver/Src/stm32f1xx_hal_rcc.c.obj
 .text.HAL_RCC_OscConfig
                0x08002784      0x410 CMakeFiles/leden.elf.dir/Drivers/STM32F1xx_HAL_Driver/Src/stm32f1xx_hal_rcc.c.obj
                0x08002784                HAL_RCC_OscConfig
 .text.HAL_RCC_GetSysClockFreq
                0x08002b94       0x54 CMakeFiles/leden.elf.dir/Drivers/STM32F1xx_HAL_Driver/Src/stm32f1xx_hal_rcc.c.obj
                0x08002b94                HAL_RCC_GetSysClockFreq
 .text.HAL_RCC_ClockConfig
                0x08002be8      0x16c CMakeFiles/leden.elf.dir/Drivers/STM32F1xx_HAL_Driver/Src/stm32f1xx_hal_rcc.c.obj
                0x08002be8                HAL_RCC_ClockConfig
 .text.HAL_RCC_GetHCLKFreq
                0x08002d54        0xc CMakeFiles/leden.elf.dir/Drivers/STM32F1xx_HAL_Driver/Src/stm32f1xx_hal_rcc.c.obj
                0x08002d54                HAL_RCC_GetHCLKFreq
 .text.HAL_RCC_GetPCLK1Freq
                0x08002d60       0x20 CMakeFiles/leden.elf.dir/Drivers/STM32F1xx_HAL_Driver/Src/stm32f1xx_hal_rcc.c.obj
                0x08002d60                HAL_RCC_GetPCLK1Freq
 .text.HAL_RCC_GetPCLK2Freq
                0x08002d80       0x20 CMakeFiles/leden.elf.dir/Drivers/STM32F1xx_HAL_Driver/Src/stm32f1xx_hal_rcc.c.obj
                0x08002d80                HAL_RCC_GetPCLK2Freq
 .text.HAL_RCCEx_PeriphCLKConfig
                0x08002da0      0x118 CMakeFiles/leden.elf.dir/Drivers/STM32F1xx_HAL_Driver/Src/stm32f1xx_hal_rcc_ex.c.obj
                0x08002da0                HAL_RCCEx_PeriphCLKConfig
 .text.SPI_WaitFlagStateUntilTimeout
                0x08002eb8       0xd4 CMakeFiles/leden.elf.dir/Drivers/STM32F1xx_HAL_Driver/Src/stm32f1xx_hal_spi.c.obj
 .text.SPI_EndRxTxTransaction
                0x08002f8c       0x24 CMakeFiles/leden.elf.dir/Drivers/STM32F1xx_HAL_Driver/Src/stm32f1xx_hal_spi.c.obj
 .text.HAL_SPI_Init
                0x08002fb0       0xb6 CMakeFiles/leden.elf.dir/Drivers/STM32F1xx_HAL_Driver/Src/stm32f1xx_hal_spi.c.obj
                0x08002fb0                HAL_SPI_Init
 .text.HAL_SPI_TransmitReceive
                0x08003066      0x244 CMakeFiles/leden.elf.dir/Drivers/STM32F1xx_HAL_Driver/Src/stm32f1xx_hal_spi.c.obj
                0x08003066                HAL_SPI_TransmitReceive
 *fill*         0x080032aa        0x2 
 .text.TIM_Base_SetConfig
                0x080032ac       0x98 CMakeFiles/leden.elf.dir/Drivers/STM32F1xx_HAL_Driver/Src/stm32f1xx_hal_tim.c.obj
                0x080032ac                TIM_Base_SetConfig
 .text.HAL_TIM_Encoder_Init
                0x08003344       0xb8 CMakeFiles/leden.elf.dir/Drivers/STM32F1xx_HAL_Driver/Src/stm32f1xx_hal_tim.c.obj
                0x08003344                HAL_TIM_Encoder_Init
 .text.TIM_CCxChannelCmd
                0x080033fc       0x1e CMakeFiles/leden.elf.dir/Drivers/STM32F1xx_HAL_Driver/Src/stm32f1xx_hal_tim.c.obj
                0x080033fc                TIM_CCxChannelCmd
 .text.HAL_TIM_Encoder_Start
                0x0800341a       0xcc CMakeFiles/leden.elf.dir/Drivers/STM32F1xx_HAL_Driver/Src/stm32f1xx_hal_tim.c.obj
                0x0800341a                HAL_TIM_Encoder_Start
 *fill*         0x080034e6        0x2 
 .text.HAL_TIMEx_MasterConfigSynchronization
                0x080034e8       0x7c CMakeFiles/leden.elf.dir/Drivers/STM32F1xx_HAL_Driver/Src/stm32f1xx_hal_tim_ex.c.obj
                0x080034e8                HAL_TIMEx_MasterConfigSynchronization
 .text.UART_SetConfig
                0x08003564       0x94 CMakeFiles/leden.elf.dir/Drivers/STM32F1xx_HAL_Driver/Src/stm32f1xx_hal_uart.c.obj
 .text.UART_WaitOnFlagUntilTimeout
                0x080035f8       0x88 CMakeFiles/leden.elf.dir/Drivers/STM32F1xx_HAL_Driver/Src/stm32f1xx_hal_uart.c.obj
 .text.HAL_UART_Init
                0x08003680       0x60 CMakeFiles/leden.elf.dir/Drivers/STM32F1xx_HAL_Driver/Src/stm32f1xx_hal_uart.c.obj
                0x08003680                HAL_UART_Init
 .text.HAL_UART_Transmit
                0x080036e0       0xbe CMakeFiles/leden.elf.dir/Drivers/STM32F1xx_HAL_Driver/Src/stm32f1xx_hal_uart.c.obj
                0x080036e0                HAL_UART_Transmit
 .text.HAL_UART_Receive
                0x0800379e       0xca CMakeFiles/leden.elf.dir/Drivers/STM32F1xx_HAL_Driver/Src/stm32f1xx_hal_uart.c.obj
                0x0800379e                HAL_UART_Receive
 .text.USB_CoreInit
                0x08003868        0xe CMakeFiles/leden.elf.dir/Drivers/STM32F1xx_HAL_Driver/Src/stm32f1xx_ll_usb.c.obj
                0x08003868                USB_CoreInit
 .text.USB_EnableGlobalInt
                0x08003876       0x12 CMakeFiles/leden.elf.dir/Drivers/STM32F1xx_HAL_Driver/Src/stm32f1xx_ll_usb.c.obj
                0x08003876                USB_EnableGlobalInt
 .text.USB_DisableGlobalInt
                0x08003888       0x14 CMakeFiles/leden.elf.dir/Drivers/STM32F1xx_HAL_Driver/Src/stm32f1xx_ll_usb.c.obj
                0x08003888                USB_DisableGlobalInt
 .text.USB_SetCurrentMode
                0x0800389c        0x4 CMakeFiles/leden.elf.dir/Drivers/STM32F1xx_HAL_Driver/Src/stm32f1xx_ll_usb.c.obj
                0x0800389c                USB_SetCurrentMode
 .text.USB_DevInit
                0x080038a0       0x22 CMakeFiles/leden.elf.dir/Drivers/STM32F1xx_HAL_Driver/Src/stm32f1xx_ll_usb.c.obj
                0x080038a0                USB_DevInit
 .text.USB_ActivateEndpoint
                0x080038c2      0x3ca CMakeFiles/leden.elf.dir/Drivers/STM32F1xx_HAL_Driver/Src/stm32f1xx_ll_usb.c.obj
                0x080038c2                USB_ActivateEndpoint
 .text.USB_DeactivateEndpoint
                0x08003c8c      0x1d6 CMakeFiles/leden.elf.dir/Drivers/STM32F1xx_HAL_Driver/Src/stm32f1xx_ll_usb.c.obj
                0x08003c8c                USB_DeactivateEndpoint
 .text.USB_EPSetStall
                0x08003e62       0x4a CMakeFiles/leden.elf.dir/Drivers/STM32F1xx_HAL_Driver/Src/stm32f1xx_ll_usb.c.obj
                0x08003e62                USB_EPSetStall
 .text.USB_EPClearStall
                0x08003eac       0xa2 CMakeFiles/leden.elf.dir/Drivers/STM32F1xx_HAL_Driver/Src/stm32f1xx_ll_usb.c.obj
                0x08003eac                USB_EPClearStall
 .text.USB_SetDevAddress
                0x08003f4e        0xc CMakeFiles/leden.elf.dir/Drivers/STM32F1xx_HAL_Driver/Src/stm32f1xx_ll_usb.c.obj
                0x08003f4e                USB_SetDevAddress
 .text.USB_DevConnect
                0x08003f5a        0x4 CMakeFiles/leden.elf.dir/Drivers/STM32F1xx_HAL_Driver/Src/stm32f1xx_ll_usb.c.obj
                0x08003f5a                USB_DevConnect
 .text.USB_DevDisconnect
                0x08003f5e        0x4 CMakeFiles/leden.elf.dir/Drivers/STM32F1xx_HAL_Driver/Src/stm32f1xx_ll_usb.c.obj
                0x08003f5e                USB_DevDisconnect
 .text.USB_ReadInterrupts
                0x08003f62        0x8 CMakeFiles/leden.elf.dir/Drivers/STM32F1xx_HAL_Driver/Src/stm32f1xx_ll_usb.c.obj
                0x08003f62                USB_ReadInterrupts
 .text.USB_EP0_OutStart
                0x08003f6a        0x4 CMakeFiles/leden.elf.dir/Drivers/STM32F1xx_HAL_Driver/Src/stm32f1xx_ll_usb.c.obj
                0x08003f6a                USB_EP0_OutStart
 .text.USB_WritePMA
                0x08003f6e       0x28 CMakeFiles/leden.elf.dir/Drivers/STM32F1xx_HAL_Driver/Src/stm32f1xx_ll_usb.c.obj
                0x08003f6e                USB_WritePMA
 .text.USB_EPStartXfer
                0x08003f96      0x7ce CMakeFiles/leden.elf.dir/Drivers/STM32F1xx_HAL_Driver/Src/stm32f1xx_ll_usb.c.obj
                0x08003f96                USB_EPStartXfer
 .text.USB_ReadPMA
                0x08004764       0x30 CMakeFiles/leden.elf.dir/Drivers/STM32F1xx_HAL_Driver/Src/stm32f1xx_ll_usb.c.obj
                0x08004764                USB_ReadPMA
 .text.encoder1_key_scan
                0x08004794       0x4c CMakeFiles/leden.elf.dir/HARDWARE/ENCODER/ENCODER1/encoder1.c.obj
 .text.encoder1_rotation_scan
                0x080047e0       0x68 CMakeFiles/leden.elf.dir/HARDWARE/ENCODER/ENCODER1/encoder1.c.obj
 .text.encoder1_init
                0x08004848       0x44 CMakeFiles/leden.elf.dir/HARDWARE/ENCODER/ENCODER1/encoder1.c.obj
                0x08004848                encoder1_init
 .text.encoder1_scan
                0x0800488c        0xc CMakeFiles/leden.elf.dir/HARDWARE/ENCODER/ENCODER1/encoder1.c.obj
                0x0800488c                encoder1_scan
 .text.encoder2_key_scan
                0x08004898       0x4c CMakeFiles/leden.elf.dir/HARDWARE/ENCODER/ENCODER2/encoder2.c.obj
 .text.encoder2_rotation_scan
                0x080048e4       0x68 CMakeFiles/leden.elf.dir/HARDWARE/ENCODER/ENCODER2/encoder2.c.obj
 .text.encoder2_init
                0x0800494c       0x44 CMakeFiles/leden.elf.dir/HARDWARE/ENCODER/ENCODER2/encoder2.c.obj
                0x0800494c                encoder2_init
 .text.encoder2_scan
                0x08004990        0xc CMakeFiles/leden.elf.dir/HARDWARE/ENCODER/ENCODER2/encoder2.c.obj
                0x08004990                encoder2_scan
 .text.encoder3_key_scan
                0x0800499c       0x4c CMakeFiles/leden.elf.dir/HARDWARE/ENCODER/ENCODER3/encoder3.c.obj
 .text.encoder3_rotation_scan
                0x080049e8       0x68 CMakeFiles/leden.elf.dir/HARDWARE/ENCODER/ENCODER3/encoder3.c.obj
 .text.encoder3_init
                0x08004a50       0x44 CMakeFiles/leden.elf.dir/HARDWARE/ENCODER/ENCODER3/encoder3.c.obj
                0x08004a50                encoder3_init
 .text.encoder3_scan
                0x08004a94        0xc CMakeFiles/leden.elf.dir/HARDWARE/ENCODER/ENCODER3/encoder3.c.obj
                0x08004a94                encoder3_scan
 .text.read_flash_state_sr
                0x08004aa0       0x40 CMakeFiles/leden.elf.dir/HARDWARE/FLASH/flash.c.obj
 .text.wait_when_busy
                0x08004ae0       0x10 CMakeFiles/leden.elf.dir/HARDWARE/FLASH/flash.c.obj
 .text.write_flash_state_sr
                0x08004af0       0x40 CMakeFiles/leden.elf.dir/HARDWARE/FLASH/flash.c.obj
 .text.send_flash_address
                0x08004b30       0x34 CMakeFiles/leden.elf.dir/HARDWARE/FLASH/flash.c.obj
 .text.read_flash_id
                0x08004b64       0x4c CMakeFiles/leden.elf.dir/HARDWARE/FLASH/flash.c.obj
                0x08004b64                read_flash_id
 .text.read_flash
                0x08004bb0       0x44 CMakeFiles/leden.elf.dir/HARDWARE/FLASH/flash.c.obj
                0x08004bb0                read_flash
 .text.enable_flash_write
                0x08004bf4       0x24 CMakeFiles/leden.elf.dir/HARDWARE/FLASH/flash.c.obj
                0x08004bf4                enable_flash_write
 .text.flash_init
                0x08004c18       0x98 CMakeFiles/leden.elf.dir/HARDWARE/FLASH/flash.c.obj
                0x08004c18                flash_init
 .text.write_flash_page
                0x08004cb0       0x48 CMakeFiles/leden.elf.dir/HARDWARE/FLASH/flash.c.obj
 .text.write_flash_nocheck
                0x08004cf8       0x3e CMakeFiles/leden.elf.dir/HARDWARE/FLASH/flash.c.obj
 *fill*         0x08004d36        0x2 
 .text.erase_flash_sector
                0x08004d38       0x38 CMakeFiles/leden.elf.dir/HARDWARE/FLASH/flash.c.obj
                0x08004d38                erase_flash_sector
 .text.write_to_flash
                0x08004d70       0xa4 CMakeFiles/leden.elf.dir/HARDWARE/FLASH/flash.c.obj
                0x08004d70                write_to_flash
 .text.jsmn_alloc_token
                0x08004e14       0x20 CMakeFiles/leden.elf.dir/HARDWARE/JSMN/jsmn.c.obj
 .text.jsmn_fill_token
                0x08004e34        0xc CMakeFiles/leden.elf.dir/HARDWARE/JSMN/jsmn.c.obj
 .text.jsmn_parse_primitive
                0x08004e40      0x110 CMakeFiles/leden.elf.dir/HARDWARE/JSMN/jsmn.c.obj
 .text.jsmn_parse_string
                0x08004f50      0x148 CMakeFiles/leden.elf.dir/HARDWARE/JSMN/jsmn.c.obj
 .text.jsmn_parse
                0x08005098      0x2d0 CMakeFiles/leden.elf.dir/HARDWARE/JSMN/jsmn.c.obj
                0x08005098                jsmn_parse
 .text.jsmn_init
                0x08005368        0xe CMakeFiles/leden.elf.dir/HARDWARE/JSMN/jsmn.c.obj
                0x08005368                jsmn_init
 *fill*         0x08005376        0x2 
 .text.lcd_gpio_init
                0x08005378       0x44 CMakeFiles/leden.elf.dir/HARDWARE/LCD/LCD_47/lcd_47.c.obj
 .text.lcd_wt_byte
                0x080053bc       0x60 CMakeFiles/leden.elf.dir/HARDWARE/LCD/LCD_47/lcd_47.c.obj
                0x080053bc                lcd_wt_byte
 .text.lcd_wt_byte_all
                0x0800541c       0x1c CMakeFiles/leden.elf.dir/HARDWARE/LCD/LCD_47/lcd_47.c.obj
                0x0800541c                lcd_wt_byte_all
 .text.lcd_47_init
                0x08005438      0x22c CMakeFiles/leden.elf.dir/HARDWARE/LCD/LCD_47/lcd_47.c.obj
                0x08005438                lcd_47_init
 .text.lcd_wt_d_byte
                0x08005664       0x1c CMakeFiles/leden.elf.dir/HARDWARE/LCD/LCD_47/lcd_47.c.obj
 .text.set_lcd_address
                0x08005680       0x5a CMakeFiles/leden.elf.dir/HARDWARE/LCD/LCD_47/lcd_47.c.obj
                0x08005680                set_lcd_address
 .text.lcd_page_draw_point
                0x080056da       0x1e CMakeFiles/leden.elf.dir/HARDWARE/LCD/LCD_47/lcd_47.c.obj
                0x080056da                lcd_page_draw_point
 .text.lcd_fill
                0x080056f8       0x4c CMakeFiles/leden.elf.dir/HARDWARE/LCD/LCD_47/lcd_47.c.obj
                0x080056f8                lcd_fill
 .text.lcd_show_char_index
                0x08005744      0x150 CMakeFiles/leden.elf.dir/HARDWARE/LCD/LCD_47/lcd_47.c.obj
                0x08005744                lcd_show_char_index
 .text.lcd_show_string
                0x08005894       0x4c CMakeFiles/leden.elf.dir/HARDWARE/LCD/LCD_47/lcd_47.c.obj
                0x08005894                lcd_show_string
 .text.set_row_low
                0x080058e0       0x48 CMakeFiles/leden.elf.dir/HARDWARE/MatrixKeys/matrix_key.c.obj
 .text.get_col_state
                0x08005928       0x48 CMakeFiles/leden.elf.dir/HARDWARE/MatrixKeys/matrix_key.c.obj
 .text.key_hold_check
                0x08005970       0x2a CMakeFiles/leden.elf.dir/HARDWARE/MatrixKeys/matrix_key.c.obj
 *fill*         0x0800599a        0x2 
 .text.matrix_init
                0x0800599c       0x70 CMakeFiles/leden.elf.dir/HARDWARE/MatrixKeys/matrix_key.c.obj
                0x0800599c                matrix_init
 .text.matrix_scan
                0x08005a0c       0x94 CMakeFiles/leden.elf.dir/HARDWARE/MatrixKeys/matrix_key.c.obj
                0x08005a0c                matrix_scan
 .text.oled_42_wt_byte
                0x08005aa0       0x58 CMakeFiles/leden.elf.dir/HARDWARE/OLED/OLED_42/oled_42.c.obj
                0x08005aa0                oled_42_wt_byte
 .text.oled_42_refresh_index
                0x08005af8       0x58 CMakeFiles/leden.elf.dir/HARDWARE/OLED/OLED_42/oled_42.c.obj
                0x08005af8                oled_42_refresh_index
 .text.oled_42_clear_index
                0x08005b50       0x3c CMakeFiles/leden.elf.dir/HARDWARE/OLED/OLED_42/oled_42.c.obj
                0x08005b50                oled_42_clear_index
 .text.oled_42_wt_byte_all
                0x08005b8c       0x1c CMakeFiles/leden.elf.dir/HARDWARE/OLED/OLED_42/oled_42.c.obj
                0x08005b8c                oled_42_wt_byte_all
 .text.oled_42_init
                0x08005ba8      0x154 CMakeFiles/leden.elf.dir/HARDWARE/OLED/OLED_42/oled_42.c.obj
                0x08005ba8                oled_42_init
 .text.oled_42_page_draw_point
                0x08005cfc       0x48 CMakeFiles/leden.elf.dir/HARDWARE/OLED/OLED_42/oled_42.c.obj
                0x08005cfc                oled_42_page_draw_point
 .text.oled_42_show_pic_index
                0x08005d44       0xb4 CMakeFiles/leden.elf.dir/HARDWARE/OLED/OLED_42/oled_42.c.obj
                0x08005d44                oled_42_show_pic_index
 .text.spi1_init
                0x08005df8       0x6c CMakeFiles/leden.elf.dir/HARDWARE/SPI/SPI1/spi1.c.obj
                0x08005df8                spi1_init
 .text.spi1_transmit_receive_byte
                0x08005e64       0x2c CMakeFiles/leden.elf.dir/HARDWARE/SPI/SPI1/spi1.c.obj
                0x08005e64                spi1_transmit_receive_byte
 .text.spi1_set_speed
                0x08005e90       0x38 CMakeFiles/leden.elf.dir/HARDWARE/SPI/SPI1/spi1.c.obj
                0x08005e90                spi1_set_speed
 .text.spi2_init
                0x08005ec8       0x48 CMakeFiles/leden.elf.dir/HARDWARE/SPI/SPI2/spi2.c.obj
                0x08005ec8                spi2_init
 .text.spi2_read_write_byte
                0x08005f10       0x34 CMakeFiles/leden.elf.dir/HARDWARE/SPI/SPI2/spi2.c.obj
                0x08005f10                spi2_read_write_byte
 .text.spi3_init
                0x08005f44       0x48 CMakeFiles/leden.elf.dir/HARDWARE/SPI/SPI3/spi3.c.obj
                0x08005f44                spi3_init
 .text.HAL_SPI_MspInit
                0x08005f8c      0x104 CMakeFiles/leden.elf.dir/HARDWARE/SPI/SPI3/spi3.c.obj
                0x08005f8c                HAL_SPI_MspInit
 .text.spi3_transmit_receive_byte
                0x08006090       0x34 CMakeFiles/leden.elf.dir/HARDWARE/SPI/SPI3/spi3.c.obj
                0x08006090                spi3_transmit_receive_byte
 .text.tim1_init
                0x080060c4       0x7c CMakeFiles/leden.elf.dir/HARDWARE/TIM/TIM1/tim1.c.obj
                0x080060c4                tim1_init
 .text.get_encoder1_counter
                0x08006140       0x10 CMakeFiles/leden.elf.dir/HARDWARE/TIM/TIM1/tim1.c.obj
                0x08006140                get_encoder1_counter
 .text.set_encoder1_counter
                0x08006150        0xc CMakeFiles/leden.elf.dir/HARDWARE/TIM/TIM1/tim1.c.obj
                0x08006150                set_encoder1_counter
 .text.tim3_init
                0x0800615c       0x78 CMakeFiles/leden.elf.dir/HARDWARE/TIM/TIM3/tim3.c.obj
                0x0800615c                tim3_init
 .text.get_encoder2_counter
                0x080061d4       0x10 CMakeFiles/leden.elf.dir/HARDWARE/TIM/TIM3/tim3.c.obj
                0x080061d4                get_encoder2_counter
 .text.set_encoder2_counter
                0x080061e4        0xc CMakeFiles/leden.elf.dir/HARDWARE/TIM/TIM3/tim3.c.obj
                0x080061e4                set_encoder2_counter
 .text.tim4_init
                0x080061f0       0x80 CMakeFiles/leden.elf.dir/HARDWARE/TIM/TIM4/tim4.c.obj
                0x080061f0                tim4_init
 .text.get_encoder3_counter
                0x08006270       0x10 CMakeFiles/leden.elf.dir/HARDWARE/TIM/TIM4/tim4.c.obj
                0x08006270                get_encoder3_counter
 .text.set_encoder3_counter
                0x08006280        0xc CMakeFiles/leden.elf.dir/HARDWARE/TIM/TIM4/tim4.c.obj
                0x08006280                set_encoder3_counter
 .text.HAL_TIM_Encoder_MspInit
                0x0800628c      0x124 CMakeFiles/leden.elf.dir/HARDWARE/TIM/TIM4/tim4.c.obj
                0x0800628c                HAL_TIM_Encoder_MspInit
 .text.USBD_CDC_EP0_RxReady
                0x080063b0       0x30 CMakeFiles/leden.elf.dir/Middlewares/ST/STM32_USB_Device_Library/Class/CDC/Src/usbd_cdc.c.obj
 .text.USBD_CDC_GetFSCfgDesc
                0x080063e0        0xc CMakeFiles/leden.elf.dir/Middlewares/ST/STM32_USB_Device_Library/Class/CDC/Src/usbd_cdc.c.obj
 .text.USBD_CDC_GetHSCfgDesc
                0x080063ec        0xc CMakeFiles/leden.elf.dir/Middlewares/ST/STM32_USB_Device_Library/Class/CDC/Src/usbd_cdc.c.obj
 .text.USBD_CDC_GetOtherSpeedCfgDesc
                0x080063f8        0xc CMakeFiles/leden.elf.dir/Middlewares/ST/STM32_USB_Device_Library/Class/CDC/Src/usbd_cdc.c.obj
 .text.USBD_CDC_GetDeviceQualifierDescriptor
                0x08006404        0xc CMakeFiles/leden.elf.dir/Middlewares/ST/STM32_USB_Device_Library/Class/CDC/Src/usbd_cdc.c.obj
                0x08006404                USBD_CDC_GetDeviceQualifierDescriptor
 .text.USBD_CDC_DataOut
                0x08006410       0x34 CMakeFiles/leden.elf.dir/Middlewares/ST/STM32_USB_Device_Library/Class/CDC/Src/usbd_cdc.c.obj
 .text.USBD_CDC_DataIn
                0x08006444       0x4e CMakeFiles/leden.elf.dir/Middlewares/ST/STM32_USB_Device_Library/Class/CDC/Src/usbd_cdc.c.obj
 *fill*         0x08006492        0x2 
 .text.USBD_CDC_Setup
                0x08006494       0xd8 CMakeFiles/leden.elf.dir/Middlewares/ST/STM32_USB_Device_Library/Class/CDC/Src/usbd_cdc.c.obj
 .text.USBD_CDC_DeInit
                0x0800656c       0x3a CMakeFiles/leden.elf.dir/Middlewares/ST/STM32_USB_Device_Library/Class/CDC/Src/usbd_cdc.c.obj
 *fill*         0x080065a6        0x2 
 .text.USBD_CDC_Init
                0x080065a8       0xac CMakeFiles/leden.elf.dir/Middlewares/ST/STM32_USB_Device_Library/Class/CDC/Src/usbd_cdc.c.obj
 .text.USBD_CDC_SetTxBuffer
                0x08006654       0x14 CMakeFiles/leden.elf.dir/Middlewares/ST/STM32_USB_Device_Library/Class/CDC/Src/usbd_cdc.c.obj
                0x08006654                USBD_CDC_SetTxBuffer
 .text.USBD_CDC_SetRxBuffer
                0x08006668       0x10 CMakeFiles/leden.elf.dir/Middlewares/ST/STM32_USB_Device_Library/Class/CDC/Src/usbd_cdc.c.obj
                0x08006668                USBD_CDC_SetRxBuffer
 .text.USBD_CDC_TransmitPacket
                0x08006678       0x3c CMakeFiles/leden.elf.dir/Middlewares/ST/STM32_USB_Device_Library/Class/CDC/Src/usbd_cdc.c.obj
                0x08006678                USBD_CDC_TransmitPacket
 .text.USBD_CDC_ReceivePacket
                0x080066b4       0x38 CMakeFiles/leden.elf.dir/Middlewares/ST/STM32_USB_Device_Library/Class/CDC/Src/usbd_cdc.c.obj
                0x080066b4                USBD_CDC_ReceivePacket
 .text.USBD_COMPOSITE_Init
                0x080066ec       0x54 CMakeFiles/leden.elf.dir/Middlewares/ST/STM32_USB_Device_Library/Class/Composite/Src/usbd_composite.c.obj
 .text.USBD_COMPOSITE_DeInit
                0x08006740       0x50 CMakeFiles/leden.elf.dir/Middlewares/ST/STM32_USB_Device_Library/Class/Composite/Src/usbd_composite.c.obj
 .text.USBD_COMPOSITE_Setup
                0x08006790       0xb0 CMakeFiles/leden.elf.dir/Middlewares/ST/STM32_USB_Device_Library/Class/Composite/Src/usbd_composite.c.obj
 .text.USBD_COMPOSITE_GetCfgDesc
                0x08006840        0xc CMakeFiles/leden.elf.dir/Middlewares/ST/STM32_USB_Device_Library/Class/Composite/Src/usbd_composite.c.obj
 .text.USBD_COMPOSITE_DataIn
                0x0800684c       0x54 CMakeFiles/leden.elf.dir/Middlewares/ST/STM32_USB_Device_Library/Class/Composite/Src/usbd_composite.c.obj
 .text.USBD_COMPOSITE_EP0_RxReady
                0x080068a0       0x10 CMakeFiles/leden.elf.dir/Middlewares/ST/STM32_USB_Device_Library/Class/Composite/Src/usbd_composite.c.obj
 .text.USBD_COMPOSITE_DataOut
                0x080068b0       0x5c CMakeFiles/leden.elf.dir/Middlewares/ST/STM32_USB_Device_Library/Class/Composite/Src/usbd_composite.c.obj
 .text.USBD_COMPOSITE_GetDeviceQualifierDesc
                0x0800690c        0xc CMakeFiles/leden.elf.dir/Middlewares/ST/STM32_USB_Device_Library/Class/Composite/Src/usbd_composite.c.obj
 .text.USBD_CUSTOM_HID_GetFSCfgDesc
                0x08006918        0xc CMakeFiles/leden.elf.dir/Middlewares/ST/STM32_USB_Device_Library/Class/CustomHID/Src/usbd_customhid.c.obj
 .text.USBD_CUSTOM_HID_GetHSCfgDesc
                0x08006924        0xc CMakeFiles/leden.elf.dir/Middlewares/ST/STM32_USB_Device_Library/Class/CustomHID/Src/usbd_customhid.c.obj
 .text.USBD_CUSTOM_HID_GetOtherSpeedCfgDesc
                0x08006930        0xc CMakeFiles/leden.elf.dir/Middlewares/ST/STM32_USB_Device_Library/Class/CustomHID/Src/usbd_customhid.c.obj
 .text.USBD_CUSTOM_HID_DataIn
                0x0800693c        0xa CMakeFiles/leden.elf.dir/Middlewares/ST/STM32_USB_Device_Library/Class/CustomHID/Src/usbd_customhid.c.obj
 *fill*         0x08006946        0x2 
 .text.USBD_CUSTOM_HID_EP0_RxReady
                0x08006948       0x28 CMakeFiles/leden.elf.dir/Middlewares/ST/STM32_USB_Device_Library/Class/CustomHID/Src/usbd_customhid.c.obj
 .text.USBD_CUSTOM_HID_GetDeviceQualifierDesc
                0x08006970        0xc CMakeFiles/leden.elf.dir/Middlewares/ST/STM32_USB_Device_Library/Class/CustomHID/Src/usbd_customhid.c.obj
 .text.USBD_CUSTOM_HID_DataOut
                0x0800697c       0x28 CMakeFiles/leden.elf.dir/Middlewares/ST/STM32_USB_Device_Library/Class/CustomHID/Src/usbd_customhid.c.obj
 .text.USBD_CUSTOM_HID_Setup
                0x080069a4      0x134 CMakeFiles/leden.elf.dir/Middlewares/ST/STM32_USB_Device_Library/Class/CustomHID/Src/usbd_customhid.c.obj
 .text.USBD_CUSTOM_HID_DeInit
                0x08006ad8       0x30 CMakeFiles/leden.elf.dir/Middlewares/ST/STM32_USB_Device_Library/Class/CustomHID/Src/usbd_customhid.c.obj
 .text.USBD_CUSTOM_HID_Init
                0x08006b08       0x54 CMakeFiles/leden.elf.dir/Middlewares/ST/STM32_USB_Device_Library/Class/CustomHID/Src/usbd_customhid.c.obj
 .text.USBD_CUSTOM_HID_SendReport
                0x08006b5c       0x34 CMakeFiles/leden.elf.dir/Middlewares/ST/STM32_USB_Device_Library/Class/CustomHID/Src/usbd_customhid.c.obj
                0x08006b5c                USBD_CUSTOM_HID_SendReport
 .text.USBD_Init
                0x08006b90       0x2e CMakeFiles/leden.elf.dir/Middlewares/ST/STM32_USB_Device_Library/Core/Src/usbd_core.c.obj
                0x08006b90                USBD_Init
 .text.USBD_RegisterClass
                0x08006bbe        0xe CMakeFiles/leden.elf.dir/Middlewares/ST/STM32_USB_Device_Library/Core/Src/usbd_core.c.obj
                0x08006bbe                USBD_RegisterClass
 .text.USBD_Start
                0x08006bcc        0xa CMakeFiles/leden.elf.dir/Middlewares/ST/STM32_USB_Device_Library/Core/Src/usbd_core.c.obj
                0x08006bcc                USBD_Start
 .text.USBD_SetClassConfig
                0x08006bd6       0x18 CMakeFiles/leden.elf.dir/Middlewares/ST/STM32_USB_Device_Library/Core/Src/usbd_core.c.obj
                0x08006bd6                USBD_SetClassConfig
 .text.USBD_ClrClassConfig
                0x08006bee        0xe CMakeFiles/leden.elf.dir/Middlewares/ST/STM32_USB_Device_Library/Core/Src/usbd_core.c.obj
                0x08006bee                USBD_ClrClassConfig
 .text.USBD_LL_SetupStage
                0x08006bfc       0x5a CMakeFiles/leden.elf.dir/Middlewares/ST/STM32_USB_Device_Library/Core/Src/usbd_core.c.obj
                0x08006bfc                USBD_LL_SetupStage
 .text.USBD_LL_DataOutStage
                0x08006c56       0x8c CMakeFiles/leden.elf.dir/Middlewares/ST/STM32_USB_Device_Library/Core/Src/usbd_core.c.obj
                0x08006c56                USBD_LL_DataOutStage
 .text.USBD_LL_DataInStage
                0x08006ce2       0xd0 CMakeFiles/leden.elf.dir/Middlewares/ST/STM32_USB_Device_Library/Core/Src/usbd_core.c.obj
                0x08006ce2                USBD_LL_DataInStage
 .text.USBD_LL_Reset
                0x08006db2       0x50 CMakeFiles/leden.elf.dir/Middlewares/ST/STM32_USB_Device_Library/Core/Src/usbd_core.c.obj
                0x08006db2                USBD_LL_Reset
 .text.USBD_LL_SetSpeed
                0x08006e02        0x6 CMakeFiles/leden.elf.dir/Middlewares/ST/STM32_USB_Device_Library/Core/Src/usbd_core.c.obj
                0x08006e02                USBD_LL_SetSpeed
 .text.USBD_LL_Suspend
                0x08006e08       0x12 CMakeFiles/leden.elf.dir/Middlewares/ST/STM32_USB_Device_Library/Core/Src/usbd_core.c.obj
                0x08006e08                USBD_LL_Suspend
 .text.USBD_LL_Resume
                0x08006e1a       0x16 CMakeFiles/leden.elf.dir/Middlewares/ST/STM32_USB_Device_Library/Core/Src/usbd_core.c.obj
                0x08006e1a                USBD_LL_Resume
 .text.USBD_LL_SOF
                0x08006e30       0x1c CMakeFiles/leden.elf.dir/Middlewares/ST/STM32_USB_Device_Library/Core/Src/usbd_core.c.obj
                0x08006e30                USBD_LL_SOF
 .text.USBD_GetLen
                0x08006e4c       0x14 CMakeFiles/leden.elf.dir/Middlewares/ST/STM32_USB_Device_Library/Core/Src/usbd_ctlreq.c.obj
 .text.USBD_SetFeature
                0x08006e60       0x14 CMakeFiles/leden.elf.dir/Middlewares/ST/STM32_USB_Device_Library/Core/Src/usbd_ctlreq.c.obj
 .text.USBD_ParseSetupRequest
                0x08006e74       0x28 CMakeFiles/leden.elf.dir/Middlewares/ST/STM32_USB_Device_Library/Core/Src/usbd_ctlreq.c.obj
                0x08006e74                USBD_ParseSetupRequest
 .text.USBD_CtlError
                0x08006e9c       0x14 CMakeFiles/leden.elf.dir/Middlewares/ST/STM32_USB_Device_Library/Core/Src/usbd_ctlreq.c.obj
                0x08006e9c                USBD_CtlError
 .text.USBD_GetDescriptor
                0x08006eb0      0x186 CMakeFiles/leden.elf.dir/Middlewares/ST/STM32_USB_Device_Library/Core/Src/usbd_ctlreq.c.obj
 .text.USBD_SetAddress
                0x08007036       0x4e CMakeFiles/leden.elf.dir/Middlewares/ST/STM32_USB_Device_Library/Core/Src/usbd_ctlreq.c.obj
 .text.USBD_SetConfig
                0x08007084       0xb0 CMakeFiles/leden.elf.dir/Middlewares/ST/STM32_USB_Device_Library/Core/Src/usbd_ctlreq.c.obj
 .text.USBD_GetConfig
                0x08007134       0x3e CMakeFiles/leden.elf.dir/Middlewares/ST/STM32_USB_Device_Library/Core/Src/usbd_ctlreq.c.obj
 .text.USBD_GetStatus
                0x08007172       0x38 CMakeFiles/leden.elf.dir/Middlewares/ST/STM32_USB_Device_Library/Core/Src/usbd_ctlreq.c.obj
 .text.USBD_ClrFeature
                0x080071aa       0x26 CMakeFiles/leden.elf.dir/Middlewares/ST/STM32_USB_Device_Library/Core/Src/usbd_ctlreq.c.obj
 .text.USBD_StdDevReq
                0x080071d0       0x68 CMakeFiles/leden.elf.dir/Middlewares/ST/STM32_USB_Device_Library/Core/Src/usbd_ctlreq.c.obj
                0x080071d0                USBD_StdDevReq
 .text.USBD_StdItfReq
                0x08007238       0x60 CMakeFiles/leden.elf.dir/Middlewares/ST/STM32_USB_Device_Library/Core/Src/usbd_ctlreq.c.obj
                0x08007238                USBD_StdItfReq
 .text.USBD_StdEPReq
                0x08007298      0x1e2 CMakeFiles/leden.elf.dir/Middlewares/ST/STM32_USB_Device_Library/Core/Src/usbd_ctlreq.c.obj
                0x08007298                USBD_StdEPReq
 .text.USBD_GetString
                0x0800747a       0x3a CMakeFiles/leden.elf.dir/Middlewares/ST/STM32_USB_Device_Library/Core/Src/usbd_ctlreq.c.obj
                0x0800747a                USBD_GetString
 .text.USBD_CtlSendData
                0x080074b4       0x1a CMakeFiles/leden.elf.dir/Middlewares/ST/STM32_USB_Device_Library/Core/Src/usbd_ioreq.c.obj
                0x080074b4                USBD_CtlSendData
 .text.USBD_CtlContinueSendData
                0x080074ce       0x10 CMakeFiles/leden.elf.dir/Middlewares/ST/STM32_USB_Device_Library/Core/Src/usbd_ioreq.c.obj
                0x080074ce                USBD_CtlContinueSendData
 .text.USBD_CtlPrepareRx
                0x080074de       0x1e CMakeFiles/leden.elf.dir/Middlewares/ST/STM32_USB_Device_Library/Core/Src/usbd_ioreq.c.obj
                0x080074de                USBD_CtlPrepareRx
 .text.USBD_CtlContinueRx
                0x080074fc       0x10 CMakeFiles/leden.elf.dir/Middlewares/ST/STM32_USB_Device_Library/Core/Src/usbd_ioreq.c.obj
                0x080074fc                USBD_CtlContinueRx
 .text.USBD_CtlSendStatus
                0x0800750c       0x16 CMakeFiles/leden.elf.dir/Middlewares/ST/STM32_USB_Device_Library/Core/Src/usbd_ioreq.c.obj
                0x0800750c                USBD_CtlSendStatus
 .text.USBD_CtlReceiveStatus
                0x08007522       0x16 CMakeFiles/leden.elf.dir/Middlewares/ST/STM32_USB_Device_Library/Core/Src/usbd_ioreq.c.obj
                0x08007522                USBD_CtlReceiveStatus
 .text.MX_USB_DEVICE_Init
                0x08007538       0x40 CMakeFiles/leden.elf.dir/USB_DEVICE/App/usb_device.c.obj
                0x08007538                MX_USB_DEVICE_Init
 .text.CDC_DeInit_FS
                0x08007578        0x4 CMakeFiles/leden.elf.dir/USB_DEVICE/App/usbd_cdc_if.c.obj
 .text.CDC_Control_FS
                0x0800757c        0x4 CMakeFiles/leden.elf.dir/USB_DEVICE/App/usbd_cdc_if.c.obj
 .text.CDC_Init_FS
                0x08007580       0x28 CMakeFiles/leden.elf.dir/USB_DEVICE/App/usbd_cdc_if.c.obj
 .text.CDC_Transmit_FS
                0x080075a8       0x2c CMakeFiles/leden.elf.dir/USB_DEVICE/App/usbd_cdc_if.c.obj
                0x080075a8                CDC_Transmit_FS
 .text.CDC_Receive_FS
                0x080075d4       0xc8 CMakeFiles/leden.elf.dir/USB_DEVICE/App/usbd_cdc_if.c.obj
 .text.CUSTOM_HID_Init_FS
                0x0800769c        0x4 CMakeFiles/leden.elf.dir/USB_DEVICE/App/usbd_custom_hid_if.c.obj
 .text.CUSTOM_HID_DeInit_FS
                0x080076a0        0x4 CMakeFiles/leden.elf.dir/USB_DEVICE/App/usbd_custom_hid_if.c.obj
 .text.CUSTOM_HID_OutEvent_FS
                0x080076a4       0x64 CMakeFiles/leden.elf.dir/USB_DEVICE/App/usbd_custom_hid_if.c.obj
 .text.USBD_FS_DeviceDescriptor
                0x08007708        0xc CMakeFiles/leden.elf.dir/USB_DEVICE/App/usbd_desc.c.obj
                0x08007708                USBD_FS_DeviceDescriptor
 .text.USBD_FS_LangIDStrDescriptor
                0x08007714        0xc CMakeFiles/leden.elf.dir/USB_DEVICE/App/usbd_desc.c.obj
                0x08007714                USBD_FS_LangIDStrDescriptor
 .text.IntToUnicode
                0x08007720       0x46 CMakeFiles/leden.elf.dir/USB_DEVICE/App/usbd_desc.c.obj
 *fill*         0x08007766        0x2 
 .text.Get_SerialNum
                0x08007768       0x38 CMakeFiles/leden.elf.dir/USB_DEVICE/App/usbd_desc.c.obj
 .text.USBD_FS_SerialStrDescriptor
                0x080077a0       0x14 CMakeFiles/leden.elf.dir/USB_DEVICE/App/usbd_desc.c.obj
                0x080077a0                USBD_FS_SerialStrDescriptor
 .text.USBD_FS_ProductStrDescriptor
                0x080077b4       0x24 CMakeFiles/leden.elf.dir/USB_DEVICE/App/usbd_desc.c.obj
                0x080077b4                USBD_FS_ProductStrDescriptor
 .text.USBD_FS_ManufacturerStrDescriptor
                0x080077d8       0x1c CMakeFiles/leden.elf.dir/USB_DEVICE/App/usbd_desc.c.obj
                0x080077d8                USBD_FS_ManufacturerStrDescriptor
 .text.USBD_FS_ConfigStrDescriptor
                0x080077f4       0x24 CMakeFiles/leden.elf.dir/USB_DEVICE/App/usbd_desc.c.obj
                0x080077f4                USBD_FS_ConfigStrDescriptor
 .text.USBD_FS_InterfaceStrDescriptor
                0x08007818       0x24 CMakeFiles/leden.elf.dir/USB_DEVICE/App/usbd_desc.c.obj
                0x08007818                USBD_FS_InterfaceStrDescriptor
 .text.USBD_Get_USB_Status
                0x0800783c       0x14 CMakeFiles/leden.elf.dir/USB_DEVICE/Target/usbd_conf.c.obj
 .text.HAL_PCD_MspInit
                0x08007850       0x40 CMakeFiles/leden.elf.dir/USB_DEVICE/Target/usbd_conf.c.obj
                0x08007850                HAL_PCD_MspInit
 .text.HAL_PCD_SetupStageCallback
                0x08007890       0x10 CMakeFiles/leden.elf.dir/USB_DEVICE/Target/usbd_conf.c.obj
                0x08007890                HAL_PCD_SetupStageCallback
 .text.HAL_PCD_DataOutStageCallback
                0x080078a0       0x18 CMakeFiles/leden.elf.dir/USB_DEVICE/Target/usbd_conf.c.obj
                0x080078a0                HAL_PCD_DataOutStageCallback
 .text.HAL_PCD_DataInStageCallback
                0x080078b8       0x16 CMakeFiles/leden.elf.dir/USB_DEVICE/Target/usbd_conf.c.obj
                0x080078b8                HAL_PCD_DataInStageCallback
 .text.HAL_PCD_SOFCallback
                0x080078ce        0xc CMakeFiles/leden.elf.dir/USB_DEVICE/Target/usbd_conf.c.obj
                0x080078ce                HAL_PCD_SOFCallback
 .text.HAL_PCD_ResetCallback
                0x080078da       0x24 CMakeFiles/leden.elf.dir/USB_DEVICE/Target/usbd_conf.c.obj
                0x080078da                HAL_PCD_ResetCallback
 *fill*         0x080078fe        0x2 
 .text.HAL_PCD_SuspendCallback
                0x08007900       0x20 CMakeFiles/leden.elf.dir/USB_DEVICE/Target/usbd_conf.c.obj
                0x08007900                HAL_PCD_SuspendCallback
 .text.HAL_PCD_ResumeCallback
                0x08007920        0xc CMakeFiles/leden.elf.dir/USB_DEVICE/Target/usbd_conf.c.obj
                0x08007920                HAL_PCD_ResumeCallback
 .text.USBD_LL_Init
                0x0800792c       0xa4 CMakeFiles/leden.elf.dir/USB_DEVICE/Target/usbd_conf.c.obj
                0x0800792c                USBD_LL_Init
 .text.USBD_LL_Start
                0x080079d0       0x10 CMakeFiles/leden.elf.dir/USB_DEVICE/Target/usbd_conf.c.obj
                0x080079d0                USBD_LL_Start
 .text.USBD_LL_OpenEP
                0x080079e0       0x16 CMakeFiles/leden.elf.dir/USB_DEVICE/Target/usbd_conf.c.obj
                0x080079e0                USBD_LL_OpenEP
 .text.USBD_LL_CloseEP
                0x080079f6       0x10 CMakeFiles/leden.elf.dir/USB_DEVICE/Target/usbd_conf.c.obj
                0x080079f6                USBD_LL_CloseEP
 .text.USBD_LL_StallEP
                0x08007a06       0x10 CMakeFiles/leden.elf.dir/USB_DEVICE/Target/usbd_conf.c.obj
                0x08007a06                USBD_LL_StallEP
 .text.USBD_LL_ClearStallEP
                0x08007a16       0x10 CMakeFiles/leden.elf.dir/USB_DEVICE/Target/usbd_conf.c.obj
                0x08007a16                USBD_LL_ClearStallEP
 .text.USBD_LL_IsStallEP
                0x08007a26       0x2e CMakeFiles/leden.elf.dir/USB_DEVICE/Target/usbd_conf.c.obj
                0x08007a26                USBD_LL_IsStallEP
 .text.USBD_LL_SetUSBAddress
                0x08007a54       0x10 CMakeFiles/leden.elf.dir/USB_DEVICE/Target/usbd_conf.c.obj
                0x08007a54                USBD_LL_SetUSBAddress
 .text.USBD_LL_Transmit
                0x08007a64       0x10 CMakeFiles/leden.elf.dir/USB_DEVICE/Target/usbd_conf.c.obj
                0x08007a64                USBD_LL_Transmit
 .text.USBD_LL_PrepareReceive
                0x08007a74       0x10 CMakeFiles/leden.elf.dir/USB_DEVICE/Target/usbd_conf.c.obj
                0x08007a74                USBD_LL_PrepareReceive
 .text.USBD_LL_GetRxDataSize
                0x08007a84        0xc CMakeFiles/leden.elf.dir/USB_DEVICE/Target/usbd_conf.c.obj
                0x08007a84                USBD_LL_GetRxDataSize
 .text.HAL_PCDEx_SetConnectionState
                0x08007a90        0x2 CMakeFiles/leden.elf.dir/USB_DEVICE/Target/usbd_conf.c.obj
                0x08007a90                HAL_PCDEx_SetConnectionState
 *fill*         0x08007a92        0x2 
 .text.keyboard_menu_change
                0x08007a94       0x38 CMakeFiles/leden.elf.dir/USER/Encoder/encoder_user.c.obj
 .text.encoder_init_user
                0x08007acc       0x10 CMakeFiles/leden.elf.dir/USER/Encoder/encoder_user.c.obj
                0x08007acc                encoder_init_user
 .text.encoder_scan_user
                0x08007adc       0x10 CMakeFiles/leden.elf.dir/USER/Encoder/encoder_user.c.obj
                0x08007adc                encoder_scan_user
 .text.debounce_func
                0x08007aec       0x20 CMakeFiles/leden.elf.dir/USER/Encoder/encoder_user.c.obj
                0x08007aec                debounce_func
 .text.HAL_IncTick
                0x08007b0c       0x44 CMakeFiles/leden.elf.dir/USER/Encoder/encoder_user.c.obj
                0x08007b0c                HAL_IncTick
 .text.HAL_GetTick
                0x08007b50        0xc CMakeFiles/leden.elf.dir/USER/Encoder/encoder_user.c.obj
                0x08007b50                HAL_GetTick
 .text.encoder1_callback
                0x08007b5c       0x58 CMakeFiles/leden.elf.dir/USER/Encoder/encoder_user.c.obj
                0x08007b5c                encoder1_callback
 .text.encoder2_callback
                0x08007bb4       0x1c CMakeFiles/leden.elf.dir/USER/Encoder/encoder_user.c.obj
                0x08007bb4                encoder2_callback
 .text.encoder3_callback
                0x08007bd0       0x1c CMakeFiles/leden.elf.dir/USER/Encoder/encoder_user.c.obj
                0x08007bd0                encoder3_callback
 .text.flash_init_user
                0x08007bec       0x34 CMakeFiles/leden.elf.dir/USER/Flash/flash_user.c.obj
                0x08007bec                flash_init_user
 .text.storage_menu_to_flash
                0x08007c20       0x24 CMakeFiles/leden.elf.dir/USER/Flash/flash_user.c.obj
                0x08007c20                storage_menu_to_flash
 .text.load_menu_from_flash
                0x08007c44       0x1c CMakeFiles/leden.elf.dir/USER/Flash/flash_user.c.obj
                0x08007c44                load_menu_from_flash
 .text.string_to_num_hex
                0x08007c60       0x30 CMakeFiles/leden.elf.dir/USER/Json/jsmn_user.c.obj
 .text.num_to_string
                0x08007c90       0x84 CMakeFiles/leden.elf.dir/USER/Json/jsmn_user.c.obj
 .text.parse_json_menu_func
                0x08007d14       0x60 CMakeFiles/leden.elf.dir/USER/Json/jsmn_user.c.obj
 .text.parse_json_media_func
                0x08007d74       0x38 CMakeFiles/leden.elf.dir/USER/Json/jsmn_user.c.obj
 .text.parse_json_mouse_func
                0x08007dac       0x68 CMakeFiles/leden.elf.dir/USER/Json/jsmn_user.c.obj
 .text.hid_buff_set_send
                0x08007e14       0x90 CMakeFiles/leden.elf.dir/USER/Json/jsmn_user.c.obj
 .text.parse_json_comp_key
                0x08007ea4       0x50 CMakeFiles/leden.elf.dir/USER/Json/jsmn_user.c.obj
 .text.parse_json_normal_key
                0x08007ef4       0x1c CMakeFiles/leden.elf.dir/USER/Json/jsmn_user.c.obj
 .text.get_execute_delay
                0x08007f10       0x3e CMakeFiles/leden.elf.dir/USER/Json/jsmn_user.c.obj
 *fill*         0x08007f4e        0x2 
 .text.parse_json_comp_delay_key
                0x08007f50       0xbc CMakeFiles/leden.elf.dir/USER/Json/jsmn_user.c.obj
 .text.parse_json_delay_key
                0x0800800c       0x50 CMakeFiles/leden.elf.dir/USER/Json/jsmn_user.c.obj
 .text.json_cmp
                0x0800805c       0x3c CMakeFiles/leden.elf.dir/USER/Json/jsmn_user.c.obj
 .text.parse_json_data
                0x08008098      0x110 CMakeFiles/leden.elf.dir/USER/Json/jsmn_user.c.obj
 .text.load_parse_key
                0x080081a8       0x28 CMakeFiles/leden.elf.dir/USER/Json/jsmn_user.c.obj
                0x080081a8                load_parse_key
 .text.jsmn_init_user
                0x080081d0       0x1c CMakeFiles/leden.elf.dir/USER/Json/jsmn_user.c.obj
                0x080081d0                jsmn_init_user
 .text.parse_json_value
                0x080081ec       0x54 CMakeFiles/leden.elf.dir/USER/Json/jsmn_user.c.obj
                0x080081ec                parse_json_value
 .text.key_init_user
                0x08008240        0x8 CMakeFiles/leden.elf.dir/USER/Key/key_user.c.obj
                0x08008240                key_init_user
 .text.key_scan_user
                0x08008248        0x8 CMakeFiles/leden.elf.dir/USER/Key/key_user.c.obj
                0x08008248                key_scan_user
 .text.key_up_callback
                0x08008250       0x38 CMakeFiles/leden.elf.dir/USER/Key/key_user.c.obj
                0x08008250                key_up_callback
 .text.key_down_callback
                0x08008288       0x24 CMakeFiles/leden.elf.dir/USER/Key/key_user.c.obj
                0x08008288                key_down_callback
 .text.key_hold_callback
                0x080082ac       0x34 CMakeFiles/leden.elf.dir/USER/Key/key_user.c.obj
                0x080082ac                key_hold_callback
 .text.lcd_show_str
                0x080082e0       0x38 CMakeFiles/leden.elf.dir/USER/Lcd/lcd_user.c.obj
                0x080082e0                lcd_show_str
 .text.lcd_init_user
                0x08008318       0x14 CMakeFiles/leden.elf.dir/USER/Lcd/lcd_user.c.obj
                0x08008318                lcd_init_user
 .text.load_show_menu
                0x0800832c       0x10 CMakeFiles/leden.elf.dir/USER/Oled/oled_user.c.obj
                0x0800832c                load_show_menu
 .text.oled_init_user
                0x0800833c        0xe CMakeFiles/leden.elf.dir/USER/Oled/oled_user.c.obj
                0x0800833c                oled_init_user
 *fill*         0x0800834a        0x2 
 .text.oled_42_show_num
                0x0800834c       0x98 CMakeFiles/leden.elf.dir/USER/Oled/oled_user.c.obj
                0x0800834c                oled_42_show_num
 .text.char_to_hex
                0x080083e4       0x2e CMakeFiles/leden.elf.dir/USER/Usb/usb_user.c.obj
 .text.string_to_num
                0x08008412       0x1c CMakeFiles/leden.elf.dir/USER/Usb/usb_user.c.obj
 *fill*         0x0800842e        0x2 
 .text.usb_init_user
                0x08008430       0x54 CMakeFiles/leden.elf.dir/USER/Usb/usb_user.c.obj
                0x08008430                usb_init_user
 .text.usb_scan_user
                0x08008484      0x108 CMakeFiles/leden.elf.dir/USER/Usb/usb_user.c.obj
                0x08008484                usb_scan_user
 .text.send_hid_code
                0x0800858c       0x34 CMakeFiles/leden.elf.dir/USER/Usb/usb_user.c.obj
                0x0800858c                send_hid_code
 .text.hid_buff_reset
                0x080085c0       0x60 CMakeFiles/leden.elf.dir/USER/Usb/usb_user.c.obj
                0x080085c0                hid_buff_reset
 .text.__errno  0x08008620        0xc d:/ra/gcc-arm-none-eabi-10.3-2021.10-win32/gcc-arm-none-eabi-10.3-2021.10/bin/../lib/gcc/arm-none-eabi/10.3.1/../../../../arm-none-eabi/lib/thumb/v7-m/nofp\libg.a(lib_a-errno.o)
                0x08008620                __errno
 .text.__libc_init_array
                0x0800862c       0x48 d:/ra/gcc-arm-none-eabi-10.3-2021.10-win32/gcc-arm-none-eabi-10.3-2021.10/bin/../lib/gcc/arm-none-eabi/10.3.1/../../../../arm-none-eabi/lib/thumb/v7-m/nofp\libg.a(lib_a-init.o)
                0x0800862c                __libc_init_array
 .text.malloc   0x08008674       0x10 d:/ra/gcc-arm-none-eabi-10.3-2021.10-win32/gcc-arm-none-eabi-10.3-2021.10/bin/../lib/gcc/arm-none-eabi/10.3.1/../../../../arm-none-eabi/lib/thumb/v7-m/nofp\libg.a(lib_a-malloc.o)
                0x08008674                malloc
 .text.free     0x08008684       0x10 d:/ra/gcc-arm-none-eabi-10.3-2021.10-win32/gcc-arm-none-eabi-10.3-2021.10/bin/../lib/gcc/arm-none-eabi/10.3.1/../../../../arm-none-eabi/lib/thumb/v7-m/nofp\libg.a(lib_a-malloc.o)
                0x08008684                free
 .text._malloc_r
                0x08008694      0x558 d:/ra/gcc-arm-none-eabi-10.3-2021.10-win32/gcc-arm-none-eabi-10.3-2021.10/bin/../lib/gcc/arm-none-eabi/10.3.1/../../../../arm-none-eabi/lib/thumb/v7-m/nofp\libg.a(lib_a-mallocr.o)
                0x08008694                _malloc_r
 .text.memset   0x08008bec       0xa4 d:/ra/gcc-arm-none-eabi-10.3-2021.10-win32/gcc-arm-none-eabi-10.3-2021.10/bin/../lib/gcc/arm-none-eabi/10.3.1/../../../../arm-none-eabi/lib/thumb/v7-m/nofp\libg.a(lib_a-memset.o)
                0x08008bec                memset
 .text.__malloc_lock
                0x08008c90        0xc d:/ra/gcc-arm-none-eabi-10.3-2021.10-win32/gcc-arm-none-eabi-10.3-2021.10/bin/../lib/gcc/arm-none-eabi/10.3.1/../../../../arm-none-eabi/lib/thumb/v7-m/nofp\libg.a(lib_a-mlock.o)
                0x08008c90                __malloc_lock
 .text.__malloc_unlock
                0x08008c9c        0xc d:/ra/gcc-arm-none-eabi-10.3-2021.10-win32/gcc-arm-none-eabi-10.3-2021.10/bin/../lib/gcc/arm-none-eabi/10.3.1/../../../../arm-none-eabi/lib/thumb/v7-m/nofp\libg.a(lib_a-mlock.o)
                0x08008c9c                __malloc_unlock
 .text.printf   0x08008ca8       0x28 d:/ra/gcc-arm-none-eabi-10.3-2021.10-win32/gcc-arm-none-eabi-10.3-2021.10/bin/../lib/gcc/arm-none-eabi/10.3.1/../../../../arm-none-eabi/lib/thumb/v7-m/nofp\libg.a(lib_a-printf.o)
                0x08008ca8                printf
 .text._puts_r  0x08008cd0       0x9c d:/ra/gcc-arm-none-eabi-10.3-2021.10-win32/gcc-arm-none-eabi-10.3-2021.10/bin/../lib/gcc/arm-none-eabi/10.3.1/../../../../arm-none-eabi/lib/thumb/v7-m/nofp\libg.a(lib_a-puts.o)
                0x08008cd0                _puts_r
 .text.puts     0x08008d6c       0x10 d:/ra/gcc-arm-none-eabi-10.3-2021.10-win32/gcc-arm-none-eabi-10.3-2021.10/bin/../lib/gcc/arm-none-eabi/10.3.1/../../../../arm-none-eabi/lib/thumb/v7-m/nofp\libg.a(lib_a-puts.o)
                0x08008d6c                puts
 .text._sbrk_r  0x08008d7c       0x24 d:/ra/gcc-arm-none-eabi-10.3-2021.10-win32/gcc-arm-none-eabi-10.3-2021.10/bin/../lib/gcc/arm-none-eabi/10.3.1/../../../../arm-none-eabi/lib/thumb/v7-m/nofp\libg.a(lib_a-sbrkr.o)
                0x08008d7c                _sbrk_r
 .text.setvbuf  0x08008da0      0x1b0 d:/ra/gcc-arm-none-eabi-10.3-2021.10-win32/gcc-arm-none-eabi-10.3-2021.10/bin/../lib/gcc/arm-none-eabi/10.3.1/../../../../arm-none-eabi/lib/thumb/v7-m/nofp\libg.a(lib_a-setvbuf.o)
                0x08008da0                setvbuf
 .text.strcat   0x08008f50       0x40 d:/ra/gcc-arm-none-eabi-10.3-2021.10-win32/gcc-arm-none-eabi-10.3-2021.10/bin/../lib/gcc/arm-none-eabi/10.3.1/../../../../arm-none-eabi/lib/thumb/v7-m/nofp\libg.a(lib_a-strcat.o)
                0x08008f50                strcat
 .text.strcpy   0x08008f90       0xbc d:/ra/gcc-arm-none-eabi-10.3-2021.10-win32/gcc-arm-none-eabi-10.3-2021.10/bin/../lib/gcc/arm-none-eabi/10.3.1/../../../../arm-none-eabi/lib/thumb/v7-m/nofp\libg.a(lib_a-strcpy.o)
                0x08008f90                strcpy
 .text.strlen   0x0800904c       0x5c d:/ra/gcc-arm-none-eabi-10.3-2021.10-win32/gcc-arm-none-eabi-10.3-2021.10/bin/../lib/gcc/arm-none-eabi/10.3.1/../../../../arm-none-eabi/lib/thumb/v7-m/nofp\libg.a(lib_a-strlen-stub.o)
                0x0800904c                strlen
 .text.strncmp  0x080090a8       0x7c d:/ra/gcc-arm-none-eabi-10.3-2021.10-win32/gcc-arm-none-eabi-10.3-2021.10/bin/../lib/gcc/arm-none-eabi/10.3.1/../../../../arm-none-eabi/lib/thumb/v7-m/nofp\libg.a(lib_a-strncmp.o)
                0x080090a8                strncmp
 .text._vfprintf_r
                0x08009124     0x1b58 d:/ra/gcc-arm-none-eabi-10.3-2021.10-win32/gcc-arm-none-eabi-10.3-2021.10/bin/../lib/gcc/arm-none-eabi/10.3.1/../../../../arm-none-eabi/lib/thumb/v7-m/nofp\libg.a(lib_a-vfprintf.o)
                0x08009124                _vfprintf_r
 .text.__sbprintf
                0x0800ac7c       0x84 d:/ra/gcc-arm-none-eabi-10.3-2021.10-win32/gcc-arm-none-eabi-10.3-2021.10/bin/../lib/gcc/arm-none-eabi/10.3.1/../../../../arm-none-eabi/lib/thumb/v7-m/nofp\libg.a(lib_a-vfprintf.o)
 .text.__swsetup_r
                0x0800ad00       0xd4 d:/ra/gcc-arm-none-eabi-10.3-2021.10-win32/gcc-arm-none-eabi-10.3-2021.10/bin/../lib/gcc/arm-none-eabi/10.3.1/../../../../arm-none-eabi/lib/thumb/v7-m/nofp\libg.a(lib_a-wsetup.o)
                0x0800ad00                __swsetup_r
 .text.startup.register_fini
                0x0800add4       0x14 d:/ra/gcc-arm-none-eabi-10.3-2021.10-win32/gcc-arm-none-eabi-10.3-2021.10/bin/../lib/gcc/arm-none-eabi/10.3.1/../../../../arm-none-eabi/lib/thumb/v7-m/nofp\libg.a(lib_a-__call_atexit.o)
 .text.atexit   0x0800ade8        0xc d:/ra/gcc-arm-none-eabi-10.3-2021.10-win32/gcc-arm-none-eabi-10.3-2021.10/bin/../lib/gcc/arm-none-eabi/10.3.1/../../../../arm-none-eabi/lib/thumb/v7-m/nofp\libg.a(lib_a-atexit.o)
                0x0800ade8                atexit
 .text.quorem   0x0800adf4      0x12c d:/ra/gcc-arm-none-eabi-10.3-2021.10-win32/gcc-arm-none-eabi-10.3-2021.10/bin/../lib/gcc/arm-none-eabi/10.3.1/../../../../arm-none-eabi/lib/thumb/v7-m/nofp\libg.a(lib_a-dtoa.o)
 .text._dtoa_r  0x0800af20      0xecc d:/ra/gcc-arm-none-eabi-10.3-2021.10-win32/gcc-arm-none-eabi-10.3-2021.10/bin/../lib/gcc/arm-none-eabi/10.3.1/../../../../arm-none-eabi/lib/thumb/v7-m/nofp\libg.a(lib_a-dtoa.o)
                0x0800af20                _dtoa_r
 .text.__sflush_r
                0x0800bdec      0x124 d:/ra/gcc-arm-none-eabi-10.3-2021.10-win32/gcc-arm-none-eabi-10.3-2021.10/bin/../lib/gcc/arm-none-eabi/10.3.1/../../../../arm-none-eabi/lib/thumb/v7-m/nofp\libg.a(lib_a-fflush.o)
                0x0800bdec                __sflush_r
 .text._fflush_r
                0x0800bf10       0x5c d:/ra/gcc-arm-none-eabi-10.3-2021.10-win32/gcc-arm-none-eabi-10.3-2021.10/bin/../lib/gcc/arm-none-eabi/10.3.1/../../../../arm-none-eabi/lib/thumb/v7-m/nofp\libg.a(lib_a-fflush.o)
                0x0800bf10                _fflush_r
 .text._cleanup_r
                0x0800bf6c        0xc d:/ra/gcc-arm-none-eabi-10.3-2021.10-win32/gcc-arm-none-eabi-10.3-2021.10/bin/../lib/gcc/arm-none-eabi/10.3.1/../../../../arm-none-eabi/lib/thumb/v7-m/nofp\libg.a(lib_a-findfp.o)
                0x0800bf6c                _cleanup_r
 .text.__sinit  0x0800bf78      0x10c d:/ra/gcc-arm-none-eabi-10.3-2021.10-win32/gcc-arm-none-eabi-10.3-2021.10/bin/../lib/gcc/arm-none-eabi/10.3.1/../../../../arm-none-eabi/lib/thumb/v7-m/nofp\libg.a(lib_a-findfp.o)
                0x0800bf78                __sinit
 .text.__sfp_lock_acquire
                0x0800c084        0xc d:/ra/gcc-arm-none-eabi-10.3-2021.10-win32/gcc-arm-none-eabi-10.3-2021.10/bin/../lib/gcc/arm-none-eabi/10.3.1/../../../../arm-none-eabi/lib/thumb/v7-m/nofp\libg.a(lib_a-findfp.o)
                0x0800c084                __sfp_lock_acquire
 .text.__sfp_lock_release
                0x0800c090        0xc d:/ra/gcc-arm-none-eabi-10.3-2021.10-win32/gcc-arm-none-eabi-10.3-2021.10/bin/../lib/gcc/arm-none-eabi/10.3.1/../../../../arm-none-eabi/lib/thumb/v7-m/nofp\libg.a(lib_a-findfp.o)
                0x0800c090                __sfp_lock_release
 .text.__libc_fini_array
                0x0800c09c       0x2c d:/ra/gcc-arm-none-eabi-10.3-2021.10-win32/gcc-arm-none-eabi-10.3-2021.10/bin/../lib/gcc/arm-none-eabi/10.3.1/../../../../arm-none-eabi/lib/thumb/v7-m/nofp\libg.a(lib_a-fini.o)
                0x0800c09c                __libc_fini_array
 .text._malloc_trim_r
                0x0800c0c8       0xa0 d:/ra/gcc-arm-none-eabi-10.3-2021.10-win32/gcc-arm-none-eabi-10.3-2021.10/bin/../lib/gcc/arm-none-eabi/10.3.1/../../../../arm-none-eabi/lib/thumb/v7-m/nofp\libg.a(lib_a-freer.o)
                0x0800c0c8                _malloc_trim_r
 .text._free_r  0x0800c168      0x200 d:/ra/gcc-arm-none-eabi-10.3-2021.10-win32/gcc-arm-none-eabi-10.3-2021.10/bin/../lib/gcc/arm-none-eabi/10.3.1/../../../../arm-none-eabi/lib/thumb/v7-m/nofp\libg.a(lib_a-freer.o)
                0x0800c168                _free_r
 .text.__sfvwrite_r
                0x0800c368      0x2f0 d:/ra/gcc-arm-none-eabi-10.3-2021.10-win32/gcc-arm-none-eabi-10.3-2021.10/bin/../lib/gcc/arm-none-eabi/10.3.1/../../../../arm-none-eabi/lib/thumb/v7-m/nofp\libg.a(lib_a-fvwrite.o)
                0x0800c368                __sfvwrite_r
 .text._fwalk_reent
                0x0800c658       0x48 d:/ra/gcc-arm-none-eabi-10.3-2021.10-win32/gcc-arm-none-eabi-10.3-2021.10/bin/../lib/gcc/arm-none-eabi/10.3.1/../../../../arm-none-eabi/lib/thumb/v7-m/nofp\libg.a(lib_a-fwalk.o)
                0x0800c658                _fwalk_reent
 .text._localeconv_r
                0x0800c6a0        0x8 d:/ra/gcc-arm-none-eabi-10.3-2021.10-win32/gcc-arm-none-eabi-10.3-2021.10/bin/../lib/gcc/arm-none-eabi/10.3.1/../../../../arm-none-eabi/lib/thumb/v7-m/nofp\libg.a(lib_a-localeconv.o)
                0x0800c6a0                _localeconv_r
 .text.__retarget_lock_init_recursive
                0x0800c6a8        0x4 d:/ra/gcc-arm-none-eabi-10.3-2021.10-win32/gcc-arm-none-eabi-10.3-2021.10/bin/../lib/gcc/arm-none-eabi/10.3.1/../../../../arm-none-eabi/lib/thumb/v7-m/nofp\libg.a(lib_a-lock.o)
                0x0800c6a8                __retarget_lock_init_recursive
 .text.__retarget_lock_close_recursive
                0x0800c6ac        0x4 d:/ra/gcc-arm-none-eabi-10.3-2021.10-win32/gcc-arm-none-eabi-10.3-2021.10/bin/../lib/gcc/arm-none-eabi/10.3.1/../../../../arm-none-eabi/lib/thumb/v7-m/nofp\libg.a(lib_a-lock.o)
                0x0800c6ac                __retarget_lock_close_recursive
 .text.__retarget_lock_acquire_recursive
                0x0800c6b0        0x4 d:/ra/gcc-arm-none-eabi-10.3-2021.10-win32/gcc-arm-none-eabi-10.3-2021.10/bin/../lib/gcc/arm-none-eabi/10.3.1/../../../../arm-none-eabi/lib/thumb/v7-m/nofp\libg.a(lib_a-lock.o)
                0x0800c6b0                __retarget_lock_acquire_recursive
 .text.__retarget_lock_release_recursive
                0x0800c6b4        0x4 d:/ra/gcc-arm-none-eabi-10.3-2021.10-win32/gcc-arm-none-eabi-10.3-2021.10/bin/../lib/gcc/arm-none-eabi/10.3.1/../../../../arm-none-eabi/lib/thumb/v7-m/nofp\libg.a(lib_a-lock.o)
                0x0800c6b4                __retarget_lock_release_recursive
 .text.__smakebuf_r
                0x0800c6b8       0xe0 d:/ra/gcc-arm-none-eabi-10.3-2021.10-win32/gcc-arm-none-eabi-10.3-2021.10/bin/../lib/gcc/arm-none-eabi/10.3.1/../../../../arm-none-eabi/lib/thumb/v7-m/nofp\libg.a(lib_a-makebuf.o)
                0x0800c6b8                __smakebuf_r
 .text.__swhatbuf_r
                0x0800c798       0x60 d:/ra/gcc-arm-none-eabi-10.3-2021.10-win32/gcc-arm-none-eabi-10.3-2021.10/bin/../lib/gcc/arm-none-eabi/10.3.1/../../../../arm-none-eabi/lib/thumb/v7-m/nofp\libg.a(lib_a-makebuf.o)
                0x0800c798                __swhatbuf_r
 .text.memchr   0x0800c7f8       0x90 d:/ra/gcc-arm-none-eabi-10.3-2021.10-win32/gcc-arm-none-eabi-10.3-2021.10/bin/../lib/gcc/arm-none-eabi/10.3.1/../../../../arm-none-eabi/lib/thumb/v7-m/nofp\libg.a(lib_a-memchr-stub.o)
                0x0800c7f8                memchr
 .text.memmove  0x0800c888       0xf8 d:/ra/gcc-arm-none-eabi-10.3-2021.10-win32/gcc-arm-none-eabi-10.3-2021.10/bin/../lib/gcc/arm-none-eabi/10.3.1/../../../../arm-none-eabi/lib/thumb/v7-m/nofp\libg.a(lib_a-memmove.o)
                0x0800c888                memmove
 .text._Balloc  0x0800c980       0x4c d:/ra/gcc-arm-none-eabi-10.3-2021.10-win32/gcc-arm-none-eabi-10.3-2021.10/bin/../lib/gcc/arm-none-eabi/10.3.1/../../../../arm-none-eabi/lib/thumb/v7-m/nofp\libg.a(lib_a-mprec.o)
                0x0800c980                _Balloc
 .text._Bfree   0x0800c9cc       0x14 d:/ra/gcc-arm-none-eabi-10.3-2021.10-win32/gcc-arm-none-eabi-10.3-2021.10/bin/../lib/gcc/arm-none-eabi/10.3.1/../../../../arm-none-eabi/lib/thumb/v7-m/nofp\libg.a(lib_a-mprec.o)
                0x0800c9cc                _Bfree
 .text.__multadd
                0x0800c9e0       0xa4 d:/ra/gcc-arm-none-eabi-10.3-2021.10-win32/gcc-arm-none-eabi-10.3-2021.10/bin/../lib/gcc/arm-none-eabi/10.3.1/../../../../arm-none-eabi/lib/thumb/v7-m/nofp\libg.a(lib_a-mprec.o)
                0x0800c9e0                __multadd
 .text.__hi0bits
                0x0800ca84       0x40 d:/ra/gcc-arm-none-eabi-10.3-2021.10-win32/gcc-arm-none-eabi-10.3-2021.10/bin/../lib/gcc/arm-none-eabi/10.3.1/../../../../arm-none-eabi/lib/thumb/v7-m/nofp\libg.a(lib_a-mprec.o)
                0x0800ca84                __hi0bits
 .text.__lo0bits
                0x0800cac4       0x58 d:/ra/gcc-arm-none-eabi-10.3-2021.10-win32/gcc-arm-none-eabi-10.3-2021.10/bin/../lib/gcc/arm-none-eabi/10.3.1/../../../../arm-none-eabi/lib/thumb/v7-m/nofp\libg.a(lib_a-mprec.o)
                0x0800cac4                __lo0bits
 .text.__i2b    0x0800cb1c       0x5c d:/ra/gcc-arm-none-eabi-10.3-2021.10-win32/gcc-arm-none-eabi-10.3-2021.10/bin/../lib/gcc/arm-none-eabi/10.3.1/../../../../arm-none-eabi/lib/thumb/v7-m/nofp\libg.a(lib_a-mprec.o)
                0x0800cb1c                __i2b
 .text.__multiply
                0x0800cb78      0x15c d:/ra/gcc-arm-none-eabi-10.3-2021.10-win32/gcc-arm-none-eabi-10.3-2021.10/bin/../lib/gcc/arm-none-eabi/10.3.1/../../../../arm-none-eabi/lib/thumb/v7-m/nofp\libg.a(lib_a-mprec.o)
                0x0800cb78                __multiply
 .text.__pow5mult
                0x0800ccd4       0xb8 d:/ra/gcc-arm-none-eabi-10.3-2021.10-win32/gcc-arm-none-eabi-10.3-2021.10/bin/../lib/gcc/arm-none-eabi/10.3.1/../../../../arm-none-eabi/lib/thumb/v7-m/nofp\libg.a(lib_a-mprec.o)
                0x0800ccd4                __pow5mult
 .text.__lshift
                0x0800cd8c       0xec d:/ra/gcc-arm-none-eabi-10.3-2021.10-win32/gcc-arm-none-eabi-10.3-2021.10/bin/../lib/gcc/arm-none-eabi/10.3.1/../../../../arm-none-eabi/lib/thumb/v7-m/nofp\libg.a(lib_a-mprec.o)
                0x0800cd8c                __lshift
 .text.__mcmp   0x0800ce78       0x40 d:/ra/gcc-arm-none-eabi-10.3-2021.10-win32/gcc-arm-none-eabi-10.3-2021.10/bin/../lib/gcc/arm-none-eabi/10.3.1/../../../../arm-none-eabi/lib/thumb/v7-m/nofp\libg.a(lib_a-mprec.o)
                0x0800ce78                __mcmp
 .text.__mdiff  0x0800ceb8      0x14c d:/ra/gcc-arm-none-eabi-10.3-2021.10-win32/gcc-arm-none-eabi-10.3-2021.10/bin/../lib/gcc/arm-none-eabi/10.3.1/../../../../arm-none-eabi/lib/thumb/v7-m/nofp\libg.a(lib_a-mprec.o)
                0x0800ceb8                __mdiff
 .text.__d2b    0x0800d004       0xc4 d:/ra/gcc-arm-none-eabi-10.3-2021.10-win32/gcc-arm-none-eabi-10.3-2021.10/bin/../lib/gcc/arm-none-eabi/10.3.1/../../../../arm-none-eabi/lib/thumb/v7-m/nofp\libg.a(lib_a-mprec.o)
                0x0800d004                __d2b
 .text._realloc_r
                0x0800d0c8      0x3dc d:/ra/gcc-arm-none-eabi-10.3-2021.10-win32/gcc-arm-none-eabi-10.3-2021.10/bin/../lib/gcc/arm-none-eabi/10.3.1/../../../../arm-none-eabi/lib/thumb/v7-m/nofp\libg.a(lib_a-reallocr.o)
                0x0800d0c8                _realloc_r
 .text.frexp    0x0800d4a4       0x70 d:/ra/gcc-arm-none-eabi-10.3-2021.10-win32/gcc-arm-none-eabi-10.3-2021.10/bin/../lib/gcc/arm-none-eabi/10.3.1/../../../../arm-none-eabi/lib/thumb/v7-m/nofp\libg.a(lib_a-s_frexp.o)
                0x0800d4a4                frexp
 .text.__sread  0x0800d514       0x24 d:/ra/gcc-arm-none-eabi-10.3-2021.10-win32/gcc-arm-none-eabi-10.3-2021.10/bin/../lib/gcc/arm-none-eabi/10.3.1/../../../../arm-none-eabi/lib/thumb/v7-m/nofp\libg.a(lib_a-stdio.o)
                0x0800d514                __sread
 .text.__swrite
                0x0800d538       0x40 d:/ra/gcc-arm-none-eabi-10.3-2021.10-win32/gcc-arm-none-eabi-10.3-2021.10/bin/../lib/gcc/arm-none-eabi/10.3.1/../../../../arm-none-eabi/lib/thumb/v7-m/nofp\libg.a(lib_a-stdio.o)
                0x0800d538                __swrite
 .text.__sseek  0x0800d578       0x20 d:/ra/gcc-arm-none-eabi-10.3-2021.10-win32/gcc-arm-none-eabi-10.3-2021.10/bin/../lib/gcc/arm-none-eabi/10.3.1/../../../../arm-none-eabi/lib/thumb/v7-m/nofp\libg.a(lib_a-stdio.o)
                0x0800d578                __sseek
 .text.__sclose
                0x0800d598        0x8 d:/ra/gcc-arm-none-eabi-10.3-2021.10-win32/gcc-arm-none-eabi-10.3-2021.10/bin/../lib/gcc/arm-none-eabi/10.3.1/../../../../arm-none-eabi/lib/thumb/v7-m/nofp\libg.a(lib_a-stdio.o)
                0x0800d598                __sclose
 .text.strncpy  0x0800d5a0       0x68 d:/ra/gcc-arm-none-eabi-10.3-2021.10-win32/gcc-arm-none-eabi-10.3-2021.10/bin/../lib/gcc/arm-none-eabi/10.3.1/../../../../arm-none-eabi/lib/thumb/v7-m/nofp\libg.a(lib_a-strncpy.o)
                0x0800d5a0                strncpy
 .text.__sprint_r.part.0
                0x0800d608       0x78 d:/ra/gcc-arm-none-eabi-10.3-2021.10-win32/gcc-arm-none-eabi-10.3-2021.10/bin/../lib/gcc/arm-none-eabi/10.3.1/../../../../arm-none-eabi/lib/thumb/v7-m/nofp\libg.a(lib_a-vfiprintf.o)
 .text.__sprint_r
                0x0800d680       0x14 d:/ra/gcc-arm-none-eabi-10.3-2021.10-win32/gcc-arm-none-eabi-10.3-2021.10/bin/../lib/gcc/arm-none-eabi/10.3.1/../../../../arm-none-eabi/lib/thumb/v7-m/nofp\libg.a(lib_a-vfiprintf.o)
                0x0800d680                __sprint_r
 .text._vfiprintf_r
                0x0800d694      0xd98 d:/ra/gcc-arm-none-eabi-10.3-2021.10-win32/gcc-arm-none-eabi-10.3-2021.10/bin/../lib/gcc/arm-none-eabi/10.3.1/../../../../arm-none-eabi/lib/thumb/v7-m/nofp\libg.a(lib_a-vfiprintf.o)
                0x0800d694                _vfiprintf_r
 .text.__sbprintf
                0x0800e42c       0x84 d:/ra/gcc-arm-none-eabi-10.3-2021.10-win32/gcc-arm-none-eabi-10.3-2021.10/bin/../lib/gcc/arm-none-eabi/10.3.1/../../../../arm-none-eabi/lib/thumb/v7-m/nofp\libg.a(lib_a-vfiprintf.o)
 .text._write_r
                0x0800e4b0       0x2c d:/ra/gcc-arm-none-eabi-10.3-2021.10-win32/gcc-arm-none-eabi-10.3-2021.10/bin/../lib/gcc/arm-none-eabi/10.3.1/../../../../arm-none-eabi/lib/thumb/v7-m/nofp\libg.a(lib_a-writer.o)
                0x0800e4b0                _write_r
 .text.__register_exitproc
                0x0800e4dc       0x8c d:/ra/gcc-arm-none-eabi-10.3-2021.10-win32/gcc-arm-none-eabi-10.3-2021.10/bin/../lib/gcc/arm-none-eabi/10.3.1/../../../../arm-none-eabi/lib/thumb/v7-m/nofp\libg.a(lib_a-__atexit.o)
                0x0800e4dc                __register_exitproc
 .text.__assert_func
                0x0800e568       0x40 d:/ra/gcc-arm-none-eabi-10.3-2021.10-win32/gcc-arm-none-eabi-10.3-2021.10/bin/../lib/gcc/arm-none-eabi/10.3.1/../../../../arm-none-eabi/lib/thumb/v7-m/nofp\libg.a(lib_a-assert.o)
                0x0800e568                __assert_func
 .text._calloc_r
                0x0800e5a8       0x78 d:/ra/gcc-arm-none-eabi-10.3-2021.10-win32/gcc-arm-none-eabi-10.3-2021.10/bin/../lib/gcc/arm-none-eabi/10.3.1/../../../../arm-none-eabi/lib/thumb/v7-m/nofp\libg.a(lib_a-callocr.o)
                0x0800e5a8                _calloc_r
 .text._close_r
                0x0800e620       0x24 d:/ra/gcc-arm-none-eabi-10.3-2021.10-win32/gcc-arm-none-eabi-10.3-2021.10/bin/../lib/gcc/arm-none-eabi/10.3.1/../../../../arm-none-eabi/lib/thumb/v7-m/nofp\libg.a(lib_a-closer.o)
                0x0800e620                _close_r
 .text._fclose_r
                0x0800e644       0xcc d:/ra/gcc-arm-none-eabi-10.3-2021.10-win32/gcc-arm-none-eabi-10.3-2021.10/bin/../lib/gcc/arm-none-eabi/10.3.1/../../../../arm-none-eabi/lib/thumb/v7-m/nofp\libg.a(lib_a-fclose.o)
                0x0800e644                _fclose_r
 .text.fiprintf
                0x0800e710       0x28 d:/ra/gcc-arm-none-eabi-10.3-2021.10-win32/gcc-arm-none-eabi-10.3-2021.10/bin/../lib/gcc/arm-none-eabi/10.3.1/../../../../arm-none-eabi/lib/thumb/v7-m/nofp\libg.a(lib_a-fiprintf.o)
                0x0800e710                fiprintf
 .text.__fputwc
                0x0800e738       0xa0 d:/ra/gcc-arm-none-eabi-10.3-2021.10-win32/gcc-arm-none-eabi-10.3-2021.10/bin/../lib/gcc/arm-none-eabi/10.3.1/../../../../arm-none-eabi/lib/thumb/v7-m/nofp\libg.a(lib_a-fputwc.o)
                0x0800e738                __fputwc
 .text._fputwc_r
                0x0800e7d8       0x68 d:/ra/gcc-arm-none-eabi-10.3-2021.10-win32/gcc-arm-none-eabi-10.3-2021.10/bin/../lib/gcc/arm-none-eabi/10.3.1/../../../../arm-none-eabi/lib/thumb/v7-m/nofp\libg.a(lib_a-fputwc.o)
                0x0800e7d8                _fputwc_r
 .text._fstat_r
                0x0800e840       0x28 d:/ra/gcc-arm-none-eabi-10.3-2021.10-win32/gcc-arm-none-eabi-10.3-2021.10/bin/../lib/gcc/arm-none-eabi/10.3.1/../../../../arm-none-eabi/lib/thumb/v7-m/nofp\libg.a(lib_a-fstatr.o)
                0x0800e840                _fstat_r
 .text._isatty_r
                0x0800e868       0x24 d:/ra/gcc-arm-none-eabi-10.3-2021.10-win32/gcc-arm-none-eabi-10.3-2021.10/bin/../lib/gcc/arm-none-eabi/10.3.1/../../../../arm-none-eabi/lib/thumb/v7-m/nofp\libg.a(lib_a-isattyr.o)
                0x0800e868                _isatty_r
 .text.__locale_mb_cur_max
                0x0800e88c        0xc d:/ra/gcc-arm-none-eabi-10.3-2021.10-win32/gcc-arm-none-eabi-10.3-2021.10/bin/../lib/gcc/arm-none-eabi/10.3.1/../../../../arm-none-eabi/lib/thumb/v7-m/nofp\libg.a(lib_a-locale.o)
                0x0800e88c                __locale_mb_cur_max
 .text._lseek_r
                0x0800e898       0x2c d:/ra/gcc-arm-none-eabi-10.3-2021.10-win32/gcc-arm-none-eabi-10.3-2021.10/bin/../lib/gcc/arm-none-eabi/10.3.1/../../../../arm-none-eabi/lib/thumb/v7-m/nofp\libg.a(lib_a-lseekr.o)
                0x0800e898                _lseek_r
 .text.__ascii_mbtowc
                0x0800e8c4       0x2c d:/ra/gcc-arm-none-eabi-10.3-2021.10-win32/gcc-arm-none-eabi-10.3-2021.10/bin/../lib/gcc/arm-none-eabi/10.3.1/../../../../arm-none-eabi/lib/thumb/v7-m/nofp\libg.a(lib_a-mbtowc_r.o)
                0x0800e8c4                __ascii_mbtowc
 .text._read_r  0x0800e8f0       0x2c d:/ra/gcc-arm-none-eabi-10.3-2021.10-win32/gcc-arm-none-eabi-10.3-2021.10/bin/../lib/gcc/arm-none-eabi/10.3.1/../../../../arm-none-eabi/lib/thumb/v7-m/nofp\libg.a(lib_a-readr.o)
                0x0800e8f0                _read_r
 .text.__swbuf_r
                0x0800e91c       0xb0 d:/ra/gcc-arm-none-eabi-10.3-2021.10-win32/gcc-arm-none-eabi-10.3-2021.10/bin/../lib/gcc/arm-none-eabi/10.3.1/../../../../arm-none-eabi/lib/thumb/v7-m/nofp\libg.a(lib_a-wbuf.o)
                0x0800e91c                __swbuf_r
 .text._wcrtomb_r
                0x0800e9cc       0x3c d:/ra/gcc-arm-none-eabi-10.3-2021.10-win32/gcc-arm-none-eabi-10.3-2021.10/bin/../lib/gcc/arm-none-eabi/10.3.1/../../../../arm-none-eabi/lib/thumb/v7-m/nofp\libg.a(lib_a-wcrtomb.o)
                0x0800e9cc                _wcrtomb_r
 .text.__ascii_wctomb
                0x0800ea08       0x1c d:/ra/gcc-arm-none-eabi-10.3-2021.10-win32/gcc-arm-none-eabi-10.3-2021.10/bin/../lib/gcc/arm-none-eabi/10.3.1/../../../../arm-none-eabi/lib/thumb/v7-m/nofp\libg.a(lib_a-wctomb_r.o)
                0x0800ea08                __ascii_wctomb